Component: ARM Compiler 5.05 update 1 (build 106) Tool: armlink [4d0efa]

==============================================================================

Section Cross References

    startup_stm32f407xx.o(RESET) refers to startup_stm32f407xx.o(STACK) for __initial_sp
    startup_stm32f407xx.o(RESET) refers to startup_stm32f407xx.o(.text) for Reset_Handler
    startup_stm32f407xx.o(RESET) refers to stm32f4xx_it.o(i.NMI_Handler) for NMI_Handler
    startup_stm32f407xx.o(RESET) refers to stm32f4xx_it.o(i.HardFault_Handler) for HardFault_Handler
    startup_stm32f407xx.o(RESET) refers to stm32f4xx_it.o(i.MemManage_Handler) for MemManage_Handler
    startup_stm32f407xx.o(RESET) refers to stm32f4xx_it.o(i.BusFault_Handler) for BusFault_Handler
    startup_stm32f407xx.o(RESET) refers to stm32f4xx_it.o(i.UsageFault_Handler) for UsageFault_Handler
    startup_stm32f407xx.o(RESET) refers to port.o(.emb_text) for SVC_Handler
    startup_stm32f407xx.o(RESET) refers to stm32f4xx_it.o(i.DebugMon_Handler) for DebugMon_Handler
    startup_stm32f407xx.o(RESET) refers to port.o(i.SysTick_Handler) for SysTick_Handler
    startup_stm32f407xx.o(RESET) refers to stm32f4xx_it.o(i.TIM1_UP_TIM10_IRQHandler) for TIM1_UP_TIM10_IRQHandler
    startup_stm32f407xx.o(RESET) refers to stm32f4xx_it.o(i.USART3_IRQHandler) for USART3_IRQHandler
    startup_stm32f407xx.o(RESET) refers to stm32f4xx_it.o(i.ETH_IRQHandler) for ETH_IRQHandler
    startup_stm32f407xx.o(.text) refers to system_stm32f4xx.o(i.SystemInit) for SystemInit
    startup_stm32f407xx.o(.text) refers to entry.o(.ARM.Collect$$$$00000000) for __main
    main.o(i.HAL_TIM_PeriodElapsedCallback) refers to stm32f4xx_hal.o(i.HAL_IncTick) for HAL_IncTick
    main.o(i.SystemClock_Config) refers to memseta.o(.text) for __aeabi_memclr4
    main.o(i.SystemClock_Config) refers to stm32f4xx_hal_rcc.o(i.HAL_RCC_OscConfig) for HAL_RCC_OscConfig
    main.o(i.SystemClock_Config) refers to stm32f4xx_hal_rcc.o(i.HAL_RCC_ClockConfig) for HAL_RCC_ClockConfig
    main.o(i.main) refers to stm32f4xx_hal.o(i.HAL_Init) for HAL_Init
    main.o(i.main) refers to main.o(i.SystemClock_Config) for SystemClock_Config
    main.o(i.main) refers to gpio.o(i.MX_GPIO_Init) for MX_GPIO_Init
    main.o(i.main) refers to usart.o(i.MX_USART3_UART_Init) for MX_USART3_UART_Init
    main.o(i.main) refers to lwip.o(i.MX_LWIP_Init) for MX_LWIP_Init
    main.o(i.main) refers to tcpecho.o(i.tcpecho_init) for tcpecho_init
    main.o(i.main) refers to printf3.o(i.__0printf$3) for __2printf
    main.o(i.main) refers to freertos.o(i.MX_FREERTOS_Init) for MX_FREERTOS_Init
    main.o(i.main) refers to cmsis_os.o(i.osKernelStart) for osKernelStart
    gpio.o(i.MX_GPIO_Init) refers to memseta.o(.text) for __aeabi_memclr4
    gpio.o(i.MX_GPIO_Init) refers to stm32f4xx_hal_gpio.o(i.HAL_GPIO_WritePin) for HAL_GPIO_WritePin
    gpio.o(i.MX_GPIO_Init) refers to stm32f4xx_hal_gpio.o(i.HAL_GPIO_Init) for HAL_GPIO_Init
    freertos.o(i.LED_FUNC) refers to stm32f4xx_hal_gpio.o(i.HAL_GPIO_TogglePin) for HAL_GPIO_TogglePin
    freertos.o(i.LED_FUNC) refers to cmsis_os.o(i.osDelay) for osDelay
    freertos.o(i.MX_FREERTOS_Init) refers to memcpya.o(.text) for __aeabi_memcpy4
    freertos.o(i.MX_FREERTOS_Init) refers to cmsis_os.o(i.osThreadCreate) for osThreadCreate
    freertos.o(i.MX_FREERTOS_Init) refers to freertos.o(.constdata) for .constdata
    freertos.o(i.MX_FREERTOS_Init) refers to freertos.o(.data) for .data
    freertos.o(i.NET_FUNC) refers to cmsis_os.o(i.osDelay) for osDelay
    freertos.o(i.SCI_FUNC) refers to cmsis_os.o(i.osDelay) for osDelay
    freertos.o(i.vApplicationGetIdleTaskMemory) refers to freertos.o(.bss) for .bss
    freertos.o(.constdata) refers to freertos.o(.conststring) for .conststring
    freertos.o(.constdata) refers to freertos.o(i.SCI_FUNC) for SCI_FUNC
    freertos.o(.constdata) refers to freertos.o(i.NET_FUNC) for NET_FUNC
    freertos.o(.constdata) refers to freertos.o(i.LED_FUNC) for LED_FUNC
    lwip.o(i.MX_LWIP_Init) refers to tcpip.o(i.tcpip_init) for tcpip_init
    lwip.o(i.MX_LWIP_Init) refers to netif.o(i.netif_add) for netif_add
    lwip.o(i.MX_LWIP_Init) refers to netif.o(i.netif_set_default) for netif_set_default
    lwip.o(i.MX_LWIP_Init) refers to netif.o(i.netif_set_up) for netif_set_up
    lwip.o(i.MX_LWIP_Init) refers to netif.o(i.netif_set_down) for netif_set_down
    lwip.o(i.MX_LWIP_Init) refers to netif.o(i.netif_set_link_callback) for netif_set_link_callback
    lwip.o(i.MX_LWIP_Init) refers to cmsis_os.o(i.osSemaphoreCreate) for osSemaphoreCreate
    lwip.o(i.MX_LWIP_Init) refers to memcpya.o(.text) for __aeabi_memcpy4
    lwip.o(i.MX_LWIP_Init) refers to cmsis_os.o(i.osThreadCreate) for osThreadCreate
    lwip.o(i.MX_LWIP_Init) refers to lwip.o(.data) for .data
    lwip.o(i.MX_LWIP_Init) refers to tcpip.o(i.tcpip_input) for tcpip_input
    lwip.o(i.MX_LWIP_Init) refers to ethernetif.o(i.ethernetif_init) for ethernetif_init
    lwip.o(i.MX_LWIP_Init) refers to lwip.o(.bss) for .bss
[...]
    memset                                   0x08000319   Thumb Code    18  memseta.o(.text)
    memcmp                                   0x0800032b   Thumb Code    26  memcmp.o(.text)
    __aeabi_uidiv                            0x08000345   Thumb Code     0  uidiv.o(.text)
    __aeabi_uidivmod                         0x08000345   Thumb Code    44  uidiv.o(.text)
    __aeabi_llsl                             0x08000371   Thumb Code    30  llshl.o(.text)
    _ll_shift_l                              0x08000371   Thumb Code     0  llshl.o(.text)
    __aeabi_llsr                             0x0800038f   Thumb Code    32  llushr.o(.text)
    _ll_ushift_r                             0x0800038f   Thumb Code     0  llushr.o(.text)
    __scatterload                            0x080003b1   Thumb Code    28  init.o(.text)
    __scatterload_rt2                        0x080003b1   Thumb Code     0  init.o(.text)
    __decompress                             0x080003d5   Thumb Code     0  __dczerorl.o(.text)
    __decompress0                            0x080003d5   Thumb Code    58  __dczerorl.o(.text)
    BusFault_Handler                         0x0800040f   Thumb Code     2  stm32f4xx_it.o(i.BusFault_Handler)
    DebugMon_Handler                         0x08000411   Thumb Code     2  stm32f4xx_it.o(i.DebugMon_Handler)
    ETH_IRQHandler                           0x08000465   Thumb Code     6  stm32f4xx_it.o(i.ETH_IRQHandler)
    Error_Handler                            0x08000595   Thumb Code     2  main.o(i.Error_Handler)
    HAL_DMA_Abort_IT                         0x08000597   Thumb Code    36  stm32f4xx_hal_dma.o(i.HAL_DMA_Abort_IT)
    HAL_Delay                                0x080005bd   Thumb Code    32  stm32f4xx_hal.o(i.HAL_Delay)
    HAL_ETH_ConfigMAC                        0x080005e1   Thumb Code   300  stm32f4xx_hal_eth.o(i.HAL_ETH_ConfigMAC)
    HAL_ETH_DMARxDescListInit                0x08000711   Thumb Code   116  stm32f4xx_hal_eth.o(i.HAL_ETH_DMARxDescListInit)
    HAL_ETH_DMATxDescListInit                0x08000785   Thumb Code   120  stm32f4xx_hal_eth.o(i.HAL_ETH_DMATxDescListInit)
    HAL_ETH_ErrorCallback                    0x080007fd   Thumb Code     2  stm32f4xx_hal_eth.o(i.HAL_ETH_ErrorCallback)
    HAL_ETH_GetReceivedFrame_IT              0x080007ff   Thumb Code   136  stm32f4xx_hal_eth.o(i.HAL_ETH_GetReceivedFrame_IT)
    HAL_ETH_IRQHandler                       0x08000887   Thumb Code   122  stm32f4xx_hal_eth.o(i.HAL_ETH_IRQHandler)
    HAL_ETH_Init                             0x08000901   Thumb Code   450  stm32f4xx_hal_eth.o(i.HAL_ETH_Init)
    HAL_ETH_MspInit                          0x08000aed   Thumb Code   210  ethernetif.o(i.HAL_ETH_MspInit)
    HAL_ETH_ReadPHYRegister                  0x08000bd5   Thumb Code   132  stm32f4xx_hal_eth.o(i.HAL_ETH_ReadPHYRegister)
    HAL_ETH_RxCpltCallback                   0x08000c59   Thumb Code     8  ethernetif.o(i.HAL_ETH_RxCpltCallback)
    HAL_ETH_Start                            0x08000c65   Thumb Code   132  stm32f4xx_hal_eth.o(i.HAL_ETH_Start)
    HAL_ETH_Stop                             0x08000ce9   Thumb Code   132  stm32f4xx_hal_eth.o(i.HAL_ETH_Stop)
    HAL_ETH_TransmitFrame                    0x08000d6d   Thumb Code   264  stm32f4xx_hal_eth.o(i.HAL_ETH_TransmitFrame)
    HAL_ETH_TxCpltCallback                   0x08000e75   Thumb Code     2  stm32f4xx_hal_eth.o(i.HAL_ETH_TxCpltCallback)
    HAL_ETH_WritePHYRegister                 0x08000e79   Thumb Code   120  stm32f4xx_hal_eth.o(i.HAL_ETH_WritePHYRegister)
    HAL_GPIO_Init                            0x08000ef1   Thumb Code   394  stm32f4xx_hal_gpio.o(i.HAL_GPIO_Init)
    HAL_GPIO_TogglePin                       0x080010a9   Thumb Code    14  stm32f4xx_hal_gpio.o(i.HAL_GPIO_TogglePin)
    HAL_GPIO_WritePin                        0x080010b7   Thumb Code    10  stm32f4xx_hal_gpio.o(i.HAL_GPIO_WritePin)
    HAL_GetTick                              0x080010c1   Thumb Code     6  stm32f4xx_hal.o(i.HAL_GetTick)
    HAL_IncTick                              0x080010cd   Thumb Code    12  stm32f4xx_hal.o(i.HAL_IncTick)
    HAL_Init                                 0x080010dd   Thumb Code    48  stm32f4xx_hal.o(i.HAL_Init)
    HAL_InitTick                             0x08001111   Thumb Code   100  stm32f4xx_hal_timebase_tim.o(i.HAL_InitTick)
    HAL_MspInit                              0x08001185   Thumb Code    52  stm32f4xx_hal_msp.o(i.HAL_MspInit)
    HAL_NVIC_EnableIRQ                       0x080011bd   Thumb Code    26  stm32f4xx_hal_cortex.o(i.HAL_NVIC_EnableIRQ)
    HAL_NVIC_SetPriority                     0x080011d9   Thumb Code    60  stm32f4xx_hal_cortex.o(i.HAL_NVIC_SetPriority)
    HAL_NVIC_SetPriorityGrouping             0x08001219   Thumb Code    26  stm32f4xx_hal_cortex.o(i.HAL_NVIC_SetPriorityGrouping)
    HAL_RCC_ClockConfig                      0x0800123d   Thumb Code   288  stm32f4xx_hal_rcc.o(i.HAL_RCC_ClockConfig)
    HAL_RCC_GetClockConfig                   0x08001371   Thumb Code    54  stm32f4xx_hal_rcc.o(i.HAL_RCC_GetClockConfig)
    HAL_RCC_GetHCLKFreq                      0x080013b1   Thumb Code     6  stm32f4xx_hal_rcc.o(i.HAL_RCC_GetHCLKFreq)
    HAL_RCC_GetPCLK1Freq                     0x080013bd   Thumb Code    20  stm32f4xx_hal_rcc.o(i.HAL_RCC_GetPCLK1Freq)
    HAL_RCC_GetPCLK2Freq                     0x080013dd   Thumb Code    20  stm32f4xx_hal_rcc.o(i.HAL_RCC_GetPCLK2Freq)
    HAL_RCC_GetSysClockFreq                  0x080013fd   Thumb Code    88  stm32f4xx_hal_rcc.o(i.HAL_RCC_GetSysClockFreq)
    HAL_RCC_OscConfig                        0x0800145d   Thumb Code   834  stm32f4xx_hal_rcc.o(i.HAL_RCC_OscConfig)
    HAL_TIMEx_BreakCallback                  0x080017b9   Thumb Code     2  stm32f4xx_hal_tim_ex.o(i.HAL_TIMEx_BreakCallback)
    HAL_TIMEx_CommutCallback                 0x080017bb   Thumb Code     2  stm32f4xx_hal_tim_ex.o(i.HAL_TIMEx_CommutCallback)
    HAL_TIM_Base_Init                        0x080017bd   Thumb Code    54  stm32f4xx_hal_tim.o(i.HAL_TIM_Base_Init)
    HAL_TIM_Base_MspInit                     0x080017f3   Thumb Code     2  stm32f4xx_hal_tim.o(i.HAL_TIM_Base_MspInit)
    HAL_TIM_Base_Start_IT                    0x080017f5   Thumb Code    34  stm32f4xx_hal_tim.o(i.HAL_TIM_Base_Start_IT)
    HAL_TIM_IC_CaptureCallback               0x08001817   Thumb Code     2  stm32f4xx_hal_tim.o(i.HAL_TIM_IC_CaptureCallback)
    HAL_TIM_IRQHandler                       0x08001819   Thumb Code   358  stm32f4xx_hal_tim.o(i.HAL_TIM_IRQHandler)
    HAL_TIM_OC_DelayElapsedCallback          0x0800197f   Thumb Code     2  stm32f4xx_hal_tim.o(i.HAL_TIM_OC_DelayElapsedCallback)
    HAL_TIM_PWM_PulseFinishedCallback        0x08001981   Thumb Code     2  stm32f4xx_hal_tim.o(i.HAL_TIM_PWM_PulseFinishedCallback)
    HAL_TIM_PeriodElapsedCallback            0x08001985   Thumb Code    14  main.o(i.HAL_TIM_PeriodElapsedCallback)
    HAL_TIM_TriggerCallback                  0x08001999   Thumb Code     2  stm32f4xx_hal_tim.o(i.HAL_TIM_TriggerCallback)
    HAL_UART_ErrorCallback                   0x0800199b   Thumb Code     2  stm32f4xx_hal_uart.o(i.HAL_UART_ErrorCallback)
    HAL_UART_IRQHandler                      0x0800199d   Thumb Code   270  stm32f4xx_hal_uart.o(i.HAL_UART_IRQHandler)
    HAL_UART_Init                            0x08001ab1   Thumb Code    98  stm32f4xx_hal_uart.o(i.HAL_UART_Init)
    HAL_UART_MspInit                         0x08001b15   Thumb Code   110  usart.o(i.HAL_UART_MspInit)
    HAL_UART_RxCpltCallback                  0x08001b91   Thumb Code     2  stm32f4xx_hal_uart.o(i.HAL_UART_RxCpltCallback)
    HAL_UART_Transmit                        0x08001b93   Thumb Code   186  stm32f4xx_hal_uart.o(i.HAL_UART_Transmit)
    HAL_UART_TxCpltCallback                  0x08001c4d   Thumb Code     2  stm32f4xx_hal_uart.o(i.HAL_UART_TxCpltCallback)
    HardFault_Handler                        0x08001c4f   Thumb Code     2  stm32f4xx_it.o(i.HardFault_Handler)
    LED_FUNC                                 0x08001c51   Thumb Code    22  freertos.o(i.LED_FUNC)
    MX_FREERTOS_Init                         0x08001c6d   Thumb Code    74  freertos.o(i.MX_FREERTOS_Init)
    MX_GPIO_Init                             0x08001cc1   Thumb Code   216  gpio.o(i.MX_GPIO_Init)
    MX_LWIP_Init                             0x08001da9   Thumb Code   278  lwip.o(i.MX_LWIP_Init)
    MX_USART3_UART_Init                      0x08001ed9   Thumb Code    48  usart.o(i.MX_USART3_UART_Init)
    MemManage_Handler                        0x08001f11   Thumb Code     2  stm32f4xx_it.o(i.MemManage_Handler)
    NET_FUNC                                 0x08001f13   Thumb Code     8  freertos.o(i.NET_FUNC)
    NMI_Handler                              0x08001f1b   Thumb Code     2  stm32f4xx_it.o(i.NMI_Handler)
    SCI_FUNC                                 0x08001f1d   Thumb Code     8  freertos.o(i.SCI_FUNC)
    SysTick_Handler                          0x08001f25   Thumb Code    38  port.o(i.SysTick_Handler)
    SystemClock_Config                       0x08001f51   Thumb Code   122  main.o(i.SystemClock_Config)
    SystemInit                               0x08001fd5   Thumb Code    22  system_stm32f4xx.o(i.SystemInit)
    TIM1_UP_TIM10_IRQHandler                 0x08001ff1   Thumb Code     6  stm32f4xx_it.o(i.TIM1_UP_TIM10_IRQHandler)
    TIM_Base_SetConfig                       0x08001ffd   Thumb Code   156  stm32f4xx_hal_tim.o(i.TIM_Base_SetConfig)
    USART3_IRQHandler                        0x08002379   Thumb Code     6  stm32f4xx_it.o(i.USART3_IRQHandler)
    UsageFault_Handler                       0x08002385   Thumb Code     2  stm32f4xx_it.o(i.UsageFault_Handler)
    __0printf$3                              0x08002389   Thumb Code    22  printf3.o(i.__0printf$3)
    __1printf$3                              0x08002389   Thumb Code     0  printf3.o(i.__0printf$3)
    __2printf                                0x08002389   Thumb Code     0  printf3.o(i.__0printf$3)
    __scatterload_copy                       0x080023c9   Thumb Code    14  handlers.o(i.__scatterload_copy)
    __scatterload_null                       0x080023d7   Thumb Code     2  handlers.o(i.__scatterload_null)
    __scatterload_zeroinit                   0x080023d9   Thumb Code    14  handlers.o(i.__scatterload_zeroinit)
    etharp_cleanup_netif                     0x080029d1   Thumb Code    42  etharp.o(i.etharp_cleanup_netif)
    etharp_input                             0x08002c7d   Thumb Code   148  etharp.o(i.etharp_input)
    etharp_output                            0x08002d81   Thumb Code   274  etharp.o(i.etharp_output)
    etharp_query                             0x0800303d   Thumb Code   300  etharp.o(i.etharp_query)
    etharp_request                           0x08003385   Thumb Code     6  etharp.o(i.etharp_request)
    etharp_tmr                               0x080033b1   Thumb Code    92  etharp.o(i.etharp_tmr)
    ethernet_input                           0x0800352d   Thumb Code   154  ethernet.o(i.ethernet_input)
    ethernet_output                          0x080035cd   Thumb Code    98  ethernet.o(i.ethernet_output)
    ethernetif_init                          0x080036c5   Thumb Code    50  ethernetif.o(i.ethernetif_init)
    ethernetif_input                         0x0800374d   Thumb Code    48  ethernetif.o(i.ethernetif_input)
    ethernetif_notify_conn_changed           0x08003781   Thumb Code     2  ethernetif.o(i.ethernetif_notify_conn_changed)
    ethernetif_set_link                      0x08003785   Thumb Code    62  ethernetif.o(i.ethernetif_set_link)
    ethernetif_update_config                 0x080037c9   Thumb Code   170  ethernetif.o(i.ethernetif_update_config)
    fputc                                    0x08003879   Thumb Code    20  usart.o(i.fputc)
    icmp_dest_unreach                        0x08003891   Thumb Code     8  icmp.o(i.icmp_dest_unreach)
    icmp_input                               0x08003899   Thumb Code   274  icmp.o(i.icmp_input)
    icmp_time_exceeded                       0x08003b89   Thumb Code     8  icmp.o(i.icmp_time_exceeded)
    ip4_addr_isbroadcast_u32                 0x08003b9d   Thumb Code    46  ip4_addr.o(i.ip4_addr_isbroadcast_u32)
    ip4_frag                                 0x08003bcd   Thumb Code   390  ip4_frag.o(i.ip4_frag)
    ip4_input                                0x08003e21   Thumb Code   396  ip4.o(i.ip4_input)
    ip4_output_if                            0x08003fb5   Thumb Code    30  ip4.o(i.ip4_output_if)
    ip4_output_if_src                        0x08003fd5   Thumb Code   204  ip4.o(i.ip4_output_if_src)
    ip4_reass                                0x08004141   Thumb Code   430  ip4_frag.o(i.ip4_reass)
    ip4_route                                0x080042f5   Thumb Code    82  ip4.o(i.ip4_route)
    ip_reass_tmr                             0x0800490d   Thumb Code    40  ip4_frag.o(i.ip_reass_tmr)
    lwip_htonl                               0x08004c55   Thumb Code     4  def.o(i.lwip_htonl)
    lwip_htons                               0x08004c59   Thumb Code     4  def.o(i.lwip_htons)
    lwip_init                                0x08004c5d   Thumb Code    30  init.o(i.lwip_init)
    lwip_netconn_do_bind                     0x08004c7b   Thumb Code    86  api_msg.o(i.lwip_netconn_do_bind)
    lwip_netconn_do_close                    0x08004cd1   Thumb Code   216  api_msg.o(i.lwip_netconn_do_close)
    lwip_netconn_do_delconn                  0x08005105   Thumb Code   274  api_msg.o(i.lwip_netconn_do_delconn)
    lwip_netconn_do_listen                   0x080052b1   Thumb Code   218  api_msg.o(i.lwip_netconn_do_listen)
    lwip_netconn_do_newconn                  0x08005391   Thumb Code    60  api_msg.o(i.lwip_netconn_do_newconn)
    lwip_netconn_do_recv                     0x080053cd   Thumb Code    96  api_msg.o(i.lwip_netconn_do_recv)
    lwip_netconn_do_write                    0x0800542d   Thumb Code   220  api_msg.o(i.lwip_netconn_do_write)
    main                                     0x08005881   Thumb Code    40  main.o(i.main)
    mem_free                                 0x080058c9   Thumb Code   138  mem.o(i.mem_free)
    mem_init                                 0x08005a01   Thumb Code    72  mem.o(i.mem_init)
    mem_malloc                               0x08005ac5   Thumb Code   274  mem.o(i.mem_malloc)
    mem_trim                                 0x08005cd5   Thumb Code   268  mem.o(i.mem_trim)
    memp_free                                0x08005e75   Thumb Code    34  memp.o(i.memp_free)
    memp_init                                0x08005f11   Thumb Code    26  memp.o(i.memp_init)
    memp_init_pool                           0x08005f31   Thumb Code    42  memp.o(i.memp_init_pool)
    memp_malloc                              0x08005f5d   Thumb Code    38  memp.o(i.memp_malloc)
    netbuf_data                              0x08006001   Thumb Code    72  netbuf.o(i.netbuf_data)
    netbuf_delete                            0x080060fd   Thumb Code    34  netbuf.o(i.netbuf_delete)
    netbuf_next                              0x08006121   Thumb Code    48  netbuf.o(i.netbuf_next)
    netconn_accept                           0x080061c9   Thumb Code   150  api_lib.o(i.netconn_accept)
    netconn_alloc                            0x08006301   Thumb Code   124  api_msg.o(i.netconn_alloc)
    netconn_bind                             0x08006419   Thumb Code    52  api_lib.o(i.netconn_bind)
    netconn_close                            0x080064cd   Thumb Code     6  api_lib.o(i.netconn_close)
    netconn_delete                           0x08006585   Thumb Code    40  api_lib.o(i.netconn_delete)
    netconn_free                             0x08006651   Thumb Code   104  api_msg.o(i.netconn_free)
    netconn_listen_with_backlog              0x080067bd   Thumb Code    40  api_lib.o(i.netconn_listen_with_backlog)
    netconn_new_with_proto_and_callback      0x08006865   Thumb Code   154  api_lib.o(i.netconn_new_with_proto_and_callback)
    netconn_recv                             0x080069dd   Thumb Code   124  api_lib.o(i.netconn_recv)
    netconn_write_partly                     0x08006c9d   Thumb Code   132  api_lib.o(i.netconn_write_partly)
    netif_add                                0x08006dc1   Thumb Code   106  netif.o(i.netif_add)
    netif_init                               0x08006ea5   Thumb Code     2  netif.o(i.netif_init)
    netif_set_addr                           0x08006ec1   Thumb Code    72  netif.o(i.netif_set_addr)
    netif_set_default                        0x08006f09   Thumb Code     6  netif.o(i.netif_set_default)
    netif_set_down                           0x08006f15   Thumb Code    46  netif.o(i.netif_set_down)
    netif_set_gw                             0x08006f43   Thumb Code     8  netif.o(i.netif_set_gw)
    netif_set_ipaddr                         0x08006f4d   Thumb Code    62  netif.o(i.netif_set_ipaddr)
    netif_set_link_callback                  0x08006f91   Thumb Code     8  netif.o(i.netif_set_link_callback)
    netif_set_link_down                      0x08006f99   Thumb Code    26  netif.o(i.netif_set_link_down)
    netif_set_link_up                        0x08006fb3   Thumb Code    48  netif.o(i.netif_set_link_up)
    netif_set_netmask                        0x08006fe3   Thumb Code     8  netif.o(i.netif_set_netmask)
    netif_set_up                             0x08006feb   Thumb Code    50  netif.o(i.netif_set_up)
    osDelay                                  0x0800701d   Thumb Code    14  cmsis_os.o(i.osDelay)
    osKernelStart                            0x0800702b   Thumb Code    10  cmsis_os.o(i.osKernelStart)
    osKernelSysTick                          0x08007035   Thumb Code    24  cmsis_os.o(i.osKernelSysTick)
    osMessageCreate                          0x0800704d   Thumb Code    38  cmsis_os.o(i.osMessageCreate)
    osMessageDelete                          0x08007073   Thumb Code    24  cmsis_os.o(i.osMessageDelete)
    osMessageGet                             0x0800708d   Thumb Code   144  cmsis_os.o(i.osMessageGet)
    osMessagePut                             0x08007121   Thumb Code    86  cmsis_os.o(i.osMessagePut)
    osMessageWaiting                         0x0800717d   Thumb Code    30  cmsis_os.o(i.osMessageWaiting)
    osMutexCreate                            0x0800719b   Thumb Code    16  cmsis_os.o(i.osMutexCreate)
    osMutexRelease                           0x080071ad   Thumb Code    74  cmsis_os.o(i.osMutexRelease)
    osMutexWait                              0x080071fd   Thumb Code    96  cmsis_os.o(i.osMutexWait)
    osSemaphoreCreate                        0x08007261   Thumb Code    62  cmsis_os.o(i.osSemaphoreCreate)
    osSemaphoreDelete                        0x0800729f   Thumb Code    24  cmsis_os.o(i.osSemaphoreDelete)
    osSemaphoreRelease                       0x080072b9   Thumb Code    74  cmsis_os.o(i.osSemaphoreRelease)
    osSemaphoreWait                          0x08007309   Thumb Code    96  cmsis_os.o(i.osSemaphoreWait)
    osThreadCreate                           0x0800736d   Thumb Code    84  cmsis_os.o(i.osThreadCreate)
    pbuf_alloc                               0x080073c1   Thumb Code   472  pbuf.o(i.pbuf_alloc)
    pbuf_alloced_custom                      0x08007731   Thumb Code    98  pbuf.o(i.pbuf_alloced_custom)
    pbuf_cat                                 0x08007811   Thumb Code    96  pbuf.o(i.pbuf_cat)
    pbuf_clen                                0x08007941   Thumb Code    18  pbuf.o(i.pbuf_clen)
    pbuf_copy                                0x08007955   Thumb Code   242  pbuf.o(i.pbuf_copy)
    pbuf_copy_partial                        0x08007b41   Thumb Code   126  pbuf.o(i.pbuf_copy_partial)
    pbuf_free                                0x08007c5d   Thumb Code   190  pbuf.o(i.pbuf_free)
    pbuf_header                              0x08007e09   Thumb Code     6  pbuf.o(i.pbuf_header)
    pbuf_header_force                        0x08007e0f   Thumb Code     6  pbuf.o(i.pbuf_header_force)
    pbuf_realloc                             0x08007f79   Thumb Code   196  pbuf.o(i.pbuf_realloc)
    pbuf_ref                                 0x08008111   Thumb Code    46  pbuf.o(i.pbuf_ref)
    pvPortMalloc                             0x0800895d   Thumb Code   210  heap_4.o(i.pvPortMalloc)
    pvTaskIncrementMutexHeldCount            0x08008a35   Thumb Code    18  tasks.o(i.pvTaskIncrementMutexHeldCount)
    pxPortInitialiseStack                    0x08008a4d   Thumb Code    40  port.o(i.pxPortInitialiseStack)
    sys_arch_mbox_fetch                      0x08008cf5   Thumb Code    68  sys_arch.o(i.sys_arch_mbox_fetch)
    sys_arch_mbox_tryfetch                   0x08008d39   Thumb Code    34  sys_arch.o(i.sys_arch_mbox_tryfetch)
    sys_arch_protect                         0x08008d5d   Thumb Code    18  sys_arch.o(i.sys_arch_protect)
    sys_arch_sem_wait                        0x08008d75   Thumb Code    56  sys_arch.o(i.sys_arch_sem_wait)
    sys_arch_unprotect                       0x08008dad   Thumb Code     8  sys_arch.o(i.sys_arch_unprotect)
    sys_init                                 0x08008e11   Thumb Code    14  sys_arch.o(i.sys_init)
    sys_mbox_free                            0x08008e29   Thumb Code    20  sys_arch.o(i.sys_mbox_free)
    sys_mbox_new                             0x08008e3d   Thumb Code    40  sys_arch.o(i.sys_mbox_new)
    sys_mbox_post                            0x08008e69   Thumb Code    26  sys_arch.o(i.sys_mbox_post)
    sys_mbox_set_invalid                     0x08008e83   Thumb Code     6  sys_arch.o(i.sys_mbox_set_invalid)
    sys_mbox_trypost                         0x08008e89   Thumb Code    20  sys_arch.o(i.sys_mbox_trypost)
    sys_mbox_valid                           0x08008e9d   Thumb Code    10  sys_arch.o(i.sys_mbox_valid)
    sys_mutex_lock                           0x08008ea7   Thumb Code    10  sys_arch.o(i.sys_mutex_lock)
    sys_mutex_new                            0x08008eb1   Thumb Code    30  sys_arch.o(i.sys_mutex_new)
    sys_mutex_unlock                         0x08008ecf   Thumb Code     6  sys_arch.o(i.sys_mutex_unlock)
    sys_now                                  0x08008ed5   Thumb Code     4  ethernetif.o(i.sys_now)
    sys_sem_free                             0x08008ed9   Thumb Code     6  sys_arch.o(i.sys_sem_free)
    sys_sem_new                              0x08008edf   Thumb Code    44  sys_arch.o(i.sys_sem_new)
    sys_sem_set_invalid                      0x08008f0b   Thumb Code     6  sys_arch.o(i.sys_sem_set_invalid)
    sys_sem_signal                           0x08008f11   Thumb Code     6  sys_arch.o(i.sys_sem_signal)
    sys_sem_valid                            0x08008f17   Thumb Code    10  sys_arch.o(i.sys_sem_valid)
    sys_thread_new                           0x08008f21   Thumb Code    48  sys_arch.o(i.sys_thread_new)
    sys_timeout                              0x08008f51   Thumb Code   158  timeouts.o(i.sys_timeout)
    sys_timeouts_init                        0x08009091   Thumb Code    38  timeouts.o(i.sys_timeouts_init)
    sys_timeouts_mbox_fetch                  0x080090c5   Thumb Code    66  timeouts.o(i.sys_timeouts_mbox_fetch)
    tcp_abandon                              0x0800910d   Thumb Code   226  tcp.o(i.tcp_abandon)
    tcp_abort                                0x08009281   Thumb Code     6  tcp.o(i.tcp_abort)
    tcp_accept                               0x08009287   Thumb Code    14  tcp.o(i.tcp_accept)
    tcp_alloc                                0x080092a5   Thumb Code   240  tcp.o(i.tcp_alloc)
    tcp_arg                                  0x080093a1   Thumb Code     8  tcp.o(i.tcp_arg)
    tcp_bind                                 0x080093a9   Thumb Code   152  tcp.o(i.tcp_bind)
    tcp_close                                0x080094cd   Thumb Code    20  tcp.o(i.tcp_close)
    tcp_eff_send_mss_impl                    0x0800984d   Thumb Code    34  tcp.o(i.tcp_eff_send_mss_impl)
    tcp_enqueue_flags                        0x08009871   Thumb Code   260  tcp_out.o(i.tcp_enqueue_flags)
    tcp_err                                  0x08009a7d   Thumb Code    34  tcp.o(i.tcp_err)
    tcp_fasttmr                              0x08009b21   Thumb Code   102  tcp.o(i.tcp_fasttmr)
    tcp_init                                 0x08009bbd   Thumb Code     2  tcp.o(i.tcp_init)
    tcp_input                                0x08009bc1   Thumb Code  1488  tcp_in.o(i.tcp_input)
    tcp_keepalive                            0x0800a1d1   Thumb Code    82  tcp_out.o(i.tcp_keepalive)
    tcp_listen_with_backlog_and_err          0x0800a4a1   Thumb Code   158  tcp.o(i.tcp_listen_with_backlog_and_err)
    tcp_netif_ip_addr_changed                0x0800a5c5   Thumb Code    72  tcp.o(i.tcp_netif_ip_addr_changed)
    tcp_new_ip_type                          0x0800a633   Thumb Code     6  tcp.o(i.tcp_new_ip_type)
    tcp_next_iss                             0x0800a695   Thumb Code    12  tcp.o(i.tcp_next_iss)
    tcp_output                               0x0800a71d   Thumb Code   554  tcp_out.o(i.tcp_output)
    tcp_pcb_purge                            0x0800ace9   Thumb Code    66  tcp.o(i.tcp_pcb_purge)
    tcp_pcb_remove                           0x0800ad2d   Thumb Code   140  tcp.o(i.tcp_pcb_remove)
    tcp_poll                                 0x0800ae5d   Thumb Code    36  tcp.o(i.tcp_poll)
    tcp_process_refused_data                 0x0800b37d   Thumb Code   108  tcp.o(i.tcp_process_refused_data)
    tcp_recv                                 0x0800be09   Thumb Code    34  tcp.o(i.tcp_recv)
    tcp_recv_null                            0x0800bead   Thumb Code    36  tcp.o(i.tcp_recv_null)
    tcp_recved                               0x0800bed1   Thumb Code   106  tcp.o(i.tcp_recved)
    tcp_rexmit                               0x0800bfe1   Thumb Code    86  tcp_out.o(i.tcp_rexmit)
    tcp_rexmit_fast                          0x0800c037   Thumb Code    88  tcp_out.o(i.tcp_rexmit_fast)
    tcp_rexmit_rto                           0x0800c08f   Thumb Code    50  tcp_out.o(i.tcp_rexmit_rto)
    tcp_rst                                  0x0800c0c1   Thumb Code   148  tcp_out.o(i.tcp_rst)
    tcp_seg_copy                             0x0800c1e1   Thumb Code    40  tcp.o(i.tcp_seg_copy)
    tcp_seg_free                             0x0800c209   Thumb Code    28  tcp.o(i.tcp_seg_free)
    tcp_segs_free                            0x0800c225   Thumb Code    18  tcp.o(i.tcp_segs_free)
    tcp_send_empty_ack                       0x0800c237   Thumb Code   114  tcp_out.o(i.tcp_send_empty_ack)
    tcp_send_fin                             0x0800c2a9   Thumb Code    68  tcp_out.o(i.tcp_send_fin)
    tcp_sent                                 0x0800c2ed   Thumb Code    32  tcp.o(i.tcp_sent)
    tcp_shutdown                             0x0800c38d   Thumb Code    78  tcp.o(i.tcp_shutdown)
    tcp_slowtmr                              0x0800c3dd   Thumb Code   784  tcp.o(i.tcp_slowtmr)
    tcp_timer_needed                         0x0800c8b5   Thumb Code    36  timeouts.o(i.tcp_timer_needed)
    tcp_tmr                                  0x0800c951   Thumb Code    28  tcp.o(i.tcp_tmr)
    tcp_trigger_input_pcb_close              0x0800c971   Thumb Code    12  tcp_in.o(i.tcp_trigger_input_pcb_close)
    tcp_update_rcv_ann_wnd                   0x0800c981   Thumb Code    76  tcp.o(i.tcp_update_rcv_ann_wnd)
    tcp_write                                0x0800ca41   Thumb Code  1664  tcp_out.o(i.tcp_write)
    tcp_zero_window_probe                    0x0800d201   Thumb Code   180  tcp_out.o(i.tcp_zero_window_probe)
    tcpecho_init                             0x0800d2b5   Thumb Code    20  tcpecho.o(i.tcpecho_init)
    tcpip_callback_with_block                0x0800d449   Thumb Code    94  tcpip.o(i.tcpip_callback_with_block)
    tcpip_init                               0x0800d515   Thumb Code    88  tcpip.o(i.tcpip_init)
    tcpip_inpkt                              0x0800d625   Thumb Code    82  tcpip.o(i.tcpip_inpkt)
    tcpip_input                              0x0800d6e5   Thumb Code    20  tcpip.o(i.tcpip_input)
    tcpip_send_msg_wait_sem                  0x0800d701   Thumb Code    26  tcpip.o(i.tcpip_send_msg_wait_sem)
    uxListRemove                             0x0800d851   Thumb Code    38  list.o(i.uxListRemove)
    uxQueueMessagesWaiting                   0x0800d877   Thumb Code    36  queue.o(i.uxQueueMessagesWaiting)
    uxQueueMessagesWaitingFromISR            0x0800d89b   Thumb Code    22  queue.o(i.uxQueueMessagesWaitingFromISR)
    vApplicationGetIdleTaskMemory            0x0800d8b1   Thumb Code    16  freertos.o(i.vApplicationGetIdleTaskMemory)
    vListInitialise                          0x0800d8c5   Thumb Code    22  list.o(i.vListInitialise)
    vListInitialiseItem                      0x0800d8db   Thumb Code     6  list.o(i.vListInitialiseItem)
    vListInsert                              0x0800d8e1   Thumb Code    48  list.o(i.vListInsert)
    vListInsertEnd                           0x0800d911   Thumb Code    24  list.o(i.vListInsertEnd)
    vPortEnterCritical                       0x0800d929   Thumb Code    54  port.o(i.vPortEnterCritical)
    vPortExitCritical                        0x0800d969   Thumb Code    34  port.o(i.vPortExitCritical)
    vPortFree                                0x0800d991   Thumb Code    88  heap_4.o(i.vPortFree)
    vPortSetupTimerInterrupt                 0x0800d9ed   Thumb Code    32  port.o(i.vPortSetupTimerInterrupt)
    vPortValidateInterruptPriority           0x0800da11   Thumb Code    74  port.o(i.vPortValidateInterruptPriority)
    vQueueDelete                             0x0800da65   Thumb Code    46  queue.o(i.vQueueDelete)
    vQueueUnregisterQueue                    0x0800da95   Thumb Code    36  queue.o(i.vQueueUnregisterQueue)
    vTaskDelay                               0x0800dabd   Thumb Code    66  tasks.o(i.vTaskDelay)
    vTaskInternalSetTimeOutState             0x0800db09   Thumb Code    12  tasks.o(i.vTaskInternalSetTimeOutState)
    vTaskMissedYield                         0x0800db19   Thumb Code     8  tasks.o(i.vTaskMissedYield)
    vTaskPlaceOnEventList                    0x0800db25   Thumb Code    44  tasks.o(i.vTaskPlaceOnEventList)
    vTaskPriorityDisinheritAfterTimeout      0x0800db55   Thumb Code   160  tasks.o(i.vTaskPriorityDisinheritAfterTimeout)
    vTaskStartScheduler                      0x0800dbfd   Thumb Code    90  tasks.o(i.vTaskStartScheduler)
    vTaskSuspendAll                          0x0800dc69   Thumb Code    10  tasks.o(i.vTaskSuspendAll)
    vTaskSwitchContext                       0x0800dc79   Thumb Code    82  tasks.o(i.vTaskSwitchContext)
    xPortStartScheduler                      0x0800dcd5   Thumb Code   222  port.o(i.xPortStartScheduler)
    xQueueCreateMutex                        0x0800ddc9   Thumb Code    22  queue.o(i.xQueueCreateMutex)
    xQueueCreateMutexStatic                  0x0800dddf   Thumb Code    26  queue.o(i.xQueueCreateMutexStatic)
    xQueueGenericCreate                      0x0800ddf9   Thumb Code    72  queue.o(i.xQueueGenericCreate)
    xQueueGenericCreateStatic                0x0800de41   Thumb Code   102  queue.o(i.xQueueGenericCreateStatic)
    xQueueGenericReset                       0x0800dea9   Thumb Code   132  queue.o(i.xQueueGenericReset)
    xQueueGenericSend                        0x0800df31   Thumb Code   346  queue.o(i.xQueueGenericSend)
    xQueueGenericSendFromISR                 0x0800e091   Thumb Code   188  queue.o(i.xQueueGenericSendFromISR)
    xQueueGiveFromISR                        0x0800e14d   Thumb Code   156  queue.o(i.xQueueGiveFromISR)
    xQueueReceive                            0x0800e1e9   Thumb Code   308  queue.o(i.xQueueReceive)
    xQueueReceiveFromISR                     0x0800e321   Thumb Code   154  queue.o(i.xQueueReceiveFromISR)
    xQueueSemaphoreTake                      0x0800e3bd   Thumb Code   372  queue.o(i.xQueueSemaphoreTake)
    xTaskCheckForTimeOut                     0x0800e535   Thumb Code   112  tasks.o(i.xTaskCheckForTimeOut)
    xTaskCreate                              0x0800e5a9   Thumb Code    90  tasks.o(i.xTaskCreate)
    xTaskCreateStatic                        0x0800e603   Thumb Code    86  tasks.o(i.xTaskCreateStatic)
    xTaskGetSchedulerState                   0x0800e659   Thumb Code    22  tasks.o(i.xTaskGetSchedulerState)
    xTaskGetTickCount                        0x0800e675   Thumb Code     6  tasks.o(i.xTaskGetTickCount)
    xTaskGetTickCountFromISR                 0x0800e681   Thumb Code    12  tasks.o(i.xTaskGetTickCountFromISR)
    xTaskIncrementTick                       0x0800e691   Thumb Code   192  tasks.o(i.xTaskIncrementTick)
    xTaskPriorityDisinherit                  0x0800e759   Thumb Code   144  tasks.o(i.xTaskPriorityDisinherit)
    xTaskPriorityInherit                     0x0800e7f1   Thumb Code   138  tasks.o(i.xTaskPriorityInherit)
    xTaskRemoveFromEventList                 0x0800e885   Thumb Code   106  tasks.o(i.xTaskRemoveFromEventList)
    xTaskResumeAll                           0x0800e8fd   Thumb Code   182  tasks.o(i.xTaskResumeAll)
    AHBPrescTable                            0x0800ea4c   Data          16  system_stm32f4xx.o(.constdata)
    APBPrescTable                            0x0800ea5c   Data           8  system_stm32f4xx.o(.constdata)
    ethbroadcast                             0x0800ea64   Data           6  ethernet.o(.constdata)
    ethzero                                  0x0800ea6a   Data           6  ethernet.o(.constdata)
    memp_TCP_PCB                             0x0800ea70   Data          12  memp.o(.constdata)
    memp_TCP_PCB_LISTEN                      0x0800ea7c   Data          12  memp.o(.constdata)
    memp_TCP_SEG                             0x0800ea88   Data          12  memp.o(.constdata)
    memp_REASSDATA                           0x0800ea94   Data          12  memp.o(.constdata)
    memp_FRAG_PBUF                           0x0800eaa0   Data          12  memp.o(.constdata)
    memp_NETBUF                              0x0800eaac   Data          12  memp.o(.constdata)
    memp_NETCONN                             0x0800eab8   Data          12  memp.o(.constdata)
    memp_TCPIP_MSG_API                       0x0800eac4   Data          12  memp.o(.constdata)
    memp_TCPIP_MSG_INPKT                     0x0800ead0   Data          12  memp.o(.constdata)
    memp_SYS_TIMEOUT                         0x0800eadc   Data          12  memp.o(.constdata)
    memp_PBUF                                0x0800eae8   Data          12  memp.o(.constdata)
    memp_PBUF_POOL                           0x0800eaf4   Data          12  memp.o(.constdata)
    memp_pools                               0x0800eb00   Data          48  memp.o(.constdata)
    tcp_pcb_lists                            0x0800eb74   Data          16  tcp.o(.constdata)
    lwip_cyclic_timers                       0x0800eb84   Data          24  timeouts.o(.constdata)
    ip_addr_any                              0x0800eb9c   Data           4  ip4_addr.o(.constdata)
    os_mutex_def_lwip_sys_mutex              0x0800eba0   Data           8  sys_arch.o(.constdata)
    Region$$Table$$Base                      0x0800ece8   Number         0  anon$$obj.o(Region$$Table)
    Region$$Table$$Limit                     0x0800ed08   Number         0  anon$$obj.o(Region$$Table)
    SCIHandle                                0x20000000   Data           4  freertos.o(.data)
    NETHandle                                0x20000004   Data           4  freertos.o(.data)
    LEDHandle                                0x20000008   Data           4  freertos.o(.data)
    Netif_LinkSemaphore                      0x2000000c   Data           4  lwip.o(.data)
    ipaddr                                   0x20000010   Data           4  lwip.o(.data)
    netmask                                  0x20000014   Data           4  lwip.o(.data)
    gw                                       0x20000018   Data           4  lwip.o(.data)
    IP_ADDRESS                               0x2000001c   Data           4  lwip.o(.data)
    NETMASK_ADDRESS                          0x20000020   Data           4  lwip.o(.data)
    GATEWAY_ADDRESS                          0x20000024   Data           4  lwip.o(.data)
    link_arg                                 0x20000028   Data           8  lwip.o(.data)
    s_xSemaphore                             0x20000030   Data           4  ethernetif.o(.data)
    uwTickFreq                               0x20000034   Data           1  stm32f4xx_hal.o(.data)
    uwTickPrio                               0x20000038   Data           4  stm32f4xx_hal.o(.data)
    uwTick                                   0x2000003c   Data           4  stm32f4xx_hal.o(.data)
    SystemCoreClock                          0x20000040   Data           4  system_stm32f4xx.o(.data)
    pxCurrentTCB                             0x20000044   Data           4  tasks.o(.data)
    netconn_aborted                          0x200000a4   Data           1  api_msg.o(.data)
    lock_tcpip_core                          0x200000b4   Data           4  tcpip.o(.data)
    netif_list                               0x200000fc   Data           4  netif.o(.data)
    netif_default                            0x20000100   Data           4  netif.o(.data)
    pbuf_free_ooseq_pending                  0x20000104   Data           1  pbuf.o(.data)
    tcp_active_pcbs_changed                  0x20000108   Data           1  tcp.o(.data)
    tcp_ticks                                0x20000114   Data           4  tcp.o(.data)
    tcp_bound_pcbs                           0x20000118   Data           4  tcp.o(.data)
    tcp_listen_pcbs                          0x2000011c   Data           4  tcp.o(.data)
    tcp_active_pcbs                          0x20000120   Data           4  tcp.o(.data)
    tcp_tw_pcbs                              0x20000124   Data           4  tcp.o(.data)
    tcp_input_pcb                            0x20000148   Data           4  tcp_in.o(.data)
    lwip_sys_mutex                           0x20000164   Data           4  sys_arch.o(.data)
    __stdout                                 0x20000168   Data           4  stdout.o(.data)
    gnetif                                   0x200003c0   Data          56  lwip.o(.bss)
    DMARxDscrTab                             0x200003f8   Data         128  ethernetif.o(.bss)
    DMATxDscrTab                             0x20000478   Data         128  ethernetif.o(.bss)
    Rx_Buff                                  0x200004f8   Data        6096  ethernetif.o(.bss)
    Tx_Buff                                  0x20001cc8   Data        6096  ethernetif.o(.bss)
    heth                                     0x20003498   Data          72  ethernetif.o(.bss)
    huart3                                   0x200034e0   Data          64  usart.o(.bss)
    htim1                                    0x20003520   Data          64  stm32f4xx_hal_timebase_tim.o(.bss)
    xQueueRegistry                           0x20003560   Data          64  queue.o(.bss)
    ip_data                                  0x2000f6f4   Data          24  ip.o(.bss)
    ram_heap                                 0x2000f70c   Data        1619  mem.o(.bss)
    memp_memory_TCP_PCB_base                 0x2000fd5f   Data         763  memp.o(.bss)
    memp_memory_TCP_PCB_LISTEN_base          0x2001005a   Data         227  memp.o(.bss)
    memp_memory_TCP_SEG_base                 0x2001013d   Data         259  memp.o(.bss)
    memp_memory_REASSDATA_base               0x20010240   Data         163  memp.o(.bss)
    memp_memory_FRAG_PBUF_base               0x200102e3   Data         363  memp.o(.bss)
    memp_memory_NETBUF_base                  0x2001044e   Data          35  memp.o(.bss)
    memp_memory_NETCONN_base                 0x20010471   Data         179  memp.o(.bss)
    memp_memory_TCPIP_MSG_API_base           0x20010524   Data         131  memp.o(.bss)
    memp_memory_TCPIP_MSG_INPKT_base         0x200105a7   Data         131  memp.o(.bss)
    memp_memory_SYS_TIMEOUT_base             0x2001062a   Data          51  memp.o(.bss)
    memp_memory_PBUF_base                    0x2001065d   Data         259  memp.o(.bss)
    memp_memory_PBUF_POOL_base               0x20010760   Data        9731  memp.o(.bss)
    __initial_sp                             0x20016e68   Data           0  startup_stm32f407xx.o(STACK)



==============================================================================

Memory Map of the image

  Image Entry point : 0x08000189

  Load Region LR_IROM1 (Base: 0x08000000, Size: 0x0000ee74, Max: 0x00100000, ABSOLUTE, COMPRESSED[0x0000ed20])

    Execution Region ER_IROM1 (Base: 0x08000000, Size: 0x0000ed08, Max: 0x00100000, ABSOLUTE)

    Base Addr    Size         Type   Attr      Idx    E Section Name        Object

    0x08000000   0x00000188   Data   RO            3    RESET               startup_stm32f407xx.o
    0x08000188   0x00000000   Code   RO         8445  * .ARM.Collect$$$$00000000  mc_w.l(entry.o)
    0x08000188   0x00000004   Code   RO         8725    .ARM.Collect$$$$00000001  mc_w.l(entry2.o)
    0x0800018c   0x00000004   Code   RO         8728    .ARM.Collect$$$$00000004  mc_w.l(entry5.o)
    0x08000190   0x00000000   Code   RO         8730    .ARM.Collect$$$$00000008  mc_w.l(entry7b.o)
    0x08000190   0x00000000   Code   RO         8732    .ARM.Collect$$$$0000000A  mc_w.l(entry8b.o)
    0x08000190   0x00000008   Code   RO         8733    .ARM.Collect$$$$0000000B  mc_w.l(entry9a.o)
    0x08000198   0x00000000   Code   RO         8735    .ARM.Collect$$$$0000000D  mc_w.l(entry10a.o)
    0x08000198   0x00000000   Code   RO         8737    .ARM.Collect$$$$0000000F  mc_w.l(entry11a.o)
    0x08000198   0x00000004   Code   RO         8726    .ARM.Collect$$$$00002712  mc_w.l(entry2.o)
    0x0800019c   0x000000be   Code   RO         4618    .emb_text           port.o
    0x0800025a   0x00000002   PAD
    0x0800025c   0x00000024   Code   RO            4    .text               startup_stm32f407xx.o
    0x08000280   0x00000062   Code   RO         8448    .text               mc_w.l(uldiv.o)
    0x080002e2   0x00000024   Code   RO         8450    .text               mc_w.l(memcpya.o)
    0x08000306   0x00000024   Code   RO         8454    .text               mc_w.l(memseta.o)
    0x0800032a   0x0000001a   Code   RO         8458    .text               mc_w.l(memcmp.o)
    0x08000344   0x0000002c   Code   RO         8740    .text               mc_w.l(uidiv.o)
    0x08000370   0x0000001e   Code   RO         8742    .text               mc_w.l(llshl.o)
    0x0800038e   0x00000020   Code   RO         8744    .text               mc_w.l(llushr.o)
    0x080003ae   0x00000002   PAD
    0x080003b0   0x00000024   Code   RO         8757    .text               mc_w.l(init.o)
    0x080003d4   0x0000003a   Code   RO         8771    .text               mc_w.l(__dczerorl.o)
    0x0800040e   0x00000002   Code   RO          670    i.BusFault_Handler  stm32f4xx_it.o
    0x08000410   0x00000002   Code   RO          671    i.DebugMon_Handler  stm32f4xx_it.o
    0x08000412   0x00000002   PAD
    0x08000414   0x00000020   Code   RO          854    i.ETH_Delay         stm32f4xx_hal_eth.o
    0x08000434   0x0000002e   Code   RO          855    i.ETH_FlushTransmitFIFO  stm32f4xx_hal_eth.o
    0x08000462   0x00000002   PAD
    0x08000464   0x0000000c   Code   RO          672    i.ETH_IRQHandler    stm32f4xx_it.o
    0x08000470   0x00000124   Code   RO          856    i.ETH_MACDMAConfig  stm32f4xx_hal_eth.o
    0x08000594   0x00000002   Code   RO           13    i.Error_Handler     main.o
    0x08000596   0x00000024   Code   RO         2724    i.HAL_DMA_Abort_IT  stm32f4xx_hal_dma.o
    0x080005ba   0x00000002   PAD
    0x080005bc   0x00000024   Code   RO         3142    i.HAL_Delay         stm32f4xx_hal.o
    0x080005e0   0x00000130   Code   RO          858    i.HAL_ETH_ConfigMAC  stm32f4xx_hal_eth.o
    0x08000710   0x00000074   Code   RO          859    i.HAL_ETH_DMARxDescListInit  stm32f4xx_hal_eth.o
    0x08000784   0x00000078   Code   RO          860    i.HAL_ETH_DMATxDescListInit  stm32f4xx_hal_eth.o
    0x080007fc   0x00000002   Code   RO          862    i.HAL_ETH_ErrorCallback  stm32f4xx_hal_eth.o
    0x080007fe   0x00000088   Code   RO          864    i.HAL_ETH_GetReceivedFrame_IT  stm32f4xx_hal_eth.o
    0x08000886   0x0000007a   Code   RO          866    i.HAL_ETH_IRQHandler  stm32f4xx_hal_eth.o
    0x08000900   0x000001ec   Code   RO          867    i.HAL_ETH_Init      stm32f4xx_hal_eth.o
    0x08000aec   0x000000e8   Code   RO          486    i.HAL_ETH_MspInit   ethernetif.o
    0x08000bd4   0x00000084   Code   RO          870    i.HAL_ETH_ReadPHYRegister  stm32f4xx_hal_eth.o
    0x08000c58   0x0000000c   Code   RO          487    i.HAL_ETH_RxCpltCallback  ethernetif.o
    0x08000c64   0x00000084   Code   RO          872    i.HAL_ETH_Start     stm32f4xx_hal_eth.o
    0x08000ce8   0x00000084   Code   RO          873    i.HAL_ETH_Stop      stm32f4xx_hal_eth.o
    0x08000d6c   0x00000108   Code   RO          874    i.HAL_ETH_TransmitFrame  stm32f4xx_hal_eth.o
    0x08000e74   0x00000002   Code   RO          875    i.HAL_ETH_TxCpltCallback  stm32f4xx_hal_eth.o
    0x08000e76   0x00000002   PAD
    0x08000e78   0x00000078   Code   RO          876    i.HAL_ETH_WritePHYRegister  stm32f4xx_hal_eth.o
    0x08000ef0   0x000001b8   Code   RO         2616    i.HAL_GPIO_Init     stm32f4xx_hal_gpio.o
    0x080010a8   0x0000000e   Code   RO         2619    i.HAL_GPIO_TogglePin  stm32f4xx_hal_gpio.o
    0x080010b6   0x0000000a   Code   RO         2620    i.HAL_GPIO_WritePin  stm32f4xx_hal_gpio.o
    0x080010c0   0x0000000c   Code   RO         3148    i.HAL_GetTick       stm32f4xx_hal.o
    0x080010cc   0x00000010   Code   RO         3154    i.HAL_IncTick       stm32f4xx_hal.o
    0x080010dc   0x00000034   Code   RO         3155    i.HAL_Init          stm32f4xx_hal.o
    0x08001110   0x00000074   Code   RO          770    i.HAL_InitTick      stm32f4xx_hal_timebase_tim.o
    0x08001184   0x00000038   Code   RO          746    i.HAL_MspInit       stm32f4xx_hal_msp.o
    0x080011bc   0x0000001a   Code   RO         3005    i.HAL_NVIC_EnableIRQ  stm32f4xx_hal_cortex.o
    0x080011d6   0x00000002   PAD
    0x080011d8   0x00000040   Code   RO         3011    i.HAL_NVIC_SetPriority  stm32f4xx_hal_cortex.o
    0x08001218   0x00000024   Code   RO         3012    i.HAL_NVIC_SetPriorityGrouping  stm32f4xx_hal_cortex.o
    0x0800123c   0x00000134   Code   RO         2262    i.HAL_RCC_ClockConfig  stm32f4xx_hal_rcc.o
    0x08001370   0x00000040   Code   RO         2266    i.HAL_RCC_GetClockConfig  stm32f4xx_hal_rcc.o
    0x080013b0   0x0000000c   Code   RO         2267    i.HAL_RCC_GetHCLKFreq  stm32f4xx_hal_rcc.o
    0x080013bc   0x00000020   Code   RO         2269    i.HAL_RCC_GetPCLK1Freq  stm32f4xx_hal_rcc.o
    0x080013dc   0x00000020   Code   RO         2270    i.HAL_RCC_GetPCLK2Freq  stm32f4xx_hal_rcc.o
    0x080013fc   0x00000060   Code   RO         2271    i.HAL_RCC_GetSysClockFreq  stm32f4xx_hal_rcc.o
    0x0800145c   0x0000035c   Code   RO         2274    i.HAL_RCC_OscConfig  stm32f4xx_hal_rcc.o
    0x080017b8   0x00000002   Code   RO         1684    i.HAL_TIMEx_BreakCallback  stm32f4xx_hal_tim_ex.o
    0x080017ba   0x00000002   Code   RO         1685    i.HAL_TIMEx_CommutCallback  stm32f4xx_hal_tim_ex.o
    0x080017bc   0x00000036   Code   RO         1009    i.HAL_TIM_Base_Init  stm32f4xx_hal_tim.o
    0x080017f2   0x00000002   Code   RO         1011    i.HAL_TIM_Base_MspInit  stm32f4xx_hal_tim.o
    0x080017f4   0x00000022   Code   RO         1014    i.HAL_TIM_Base_Start_IT  stm32f4xx_hal_tim.o
    0x08001816   0x00000002   Code   RO         1038    i.HAL_TIM_IC_CaptureCallback  stm32f4xx_hal_tim.o
    0x08001818   0x00000166   Code   RO         1052    i.HAL_TIM_IRQHandler  stm32f4xx_hal_tim.o
    0x0800197e   0x00000002   Code   RO         1055    i.HAL_TIM_OC_DelayElapsedCallback  stm32f4xx_hal_tim.o
    0x08001980   0x00000002   Code   RO         1082    i.HAL_TIM_PWM_PulseFinishedCallback  stm32f4xx_hal_tim.o
    0x08001982   0x00000002   PAD
    0x08001984   0x00000014   Code   RO           14    i.HAL_TIM_PeriodElapsedCallback  main.o
    0x08001998   0x00000002   Code   RO         1095    i.HAL_TIM_TriggerCallback  stm32f4xx_hal_tim.o
    0x0800199a   0x00000002   Code   RO         1956    i.HAL_UART_ErrorCallback  stm32f4xx_hal_uart.o
    0x0800199c   0x00000114   Code   RO         1959    i.HAL_UART_IRQHandler  stm32f4xx_hal_uart.o
    0x08001ab0   0x00000062   Code   RO         1960    i.HAL_UART_Init     stm32f4xx_hal_uart.o
    0x08001b12   0x00000002   PAD
    0x08001b14   0x0000007c   Code   RO          617    i.HAL_UART_MspInit  usart.o
    0x08001b90   0x00000002   Code   RO         1966    i.HAL_UART_RxCpltCallback  stm32f4xx_hal_uart.o
    0x08001b92   0x000000ba   Code   RO         1968    i.HAL_UART_Transmit  stm32f4xx_hal_uart.o
    0x08001c4c   0x00000002   Code   RO         1971    i.HAL_UART_TxCpltCallback  stm32f4xx_hal_uart.o
    0x08001c4e   0x00000002   Code   RO          673    i.HardFault_Handler  stm32f4xx_it.o
    0x08001c50   0x0000001c   Code   RO          347    i.LED_FUNC          freertos.o
    0x08001c6c   0x00000054   Code   RO          348    i.MX_FREERTOS_Init  freertos.o
    0x08001cc0   0x000000e8   Code   RO          323    i.MX_GPIO_Init      gpio.o
    0x08001da8   0x00000130   Code   RO          412    i.MX_LWIP_Init      lwip.o
    0x08001ed8   0x00000038   Code   RO          618    i.MX_USART3_UART_Init  usart.o
    0x08001f10   0x00000002   Code   RO          674    i.MemManage_Handler  stm32f4xx_it.o
    0x08001f12   0x00000008   Code   RO          349    i.NET_FUNC          freertos.o
    0x08001f1a   0x00000002   Code   RO          675    i.NMI_Handler       stm32f4xx_it.o
    0x08001f1c   0x00000008   Code   RO          350    i.SCI_FUNC          freertos.o
    0x08001f24   0x0000002c   Code   RO         4619    i.SysTick_Handler   port.o
    0x08001f50   0x00000084   Code   RO           15    i.SystemClock_Config  main.o
    0x08001fd4   0x0000001c   Code   RO         3394    i.SystemInit        system_stm32f4xx.o
    0x08001ff0   0x0000000c   Code   RO          676    i.TIM1_UP_TIM10_IRQHandler  stm32f4xx_it.o
    0x08001ffc   0x000000c8   Code   RO         1097    i.TIM_Base_SetConfig  stm32f4xx_hal_tim.o
    0x080020c4   0x00000010   Code   RO         1973    i.UART_DMAAbortOnError  stm32f4xx_hal_uart.o
    0x080020d4   0x0000001c   Code   RO         1983    i.UART_EndRxTransfer  stm32f4xx_hal_uart.o
    0x080020f0   0x00000096   Code   RO         1985    i.UART_Receive_IT   stm32f4xx_hal_uart.o
    0x08002186   0x00000002   PAD
    0x08002188   0x00000128   Code   RO         1986    i.UART_SetConfig    stm32f4xx_hal_uart.o
    0x080022b0   0x00000062   Code   RO         1987    i.UART_Transmit_IT  stm32f4xx_hal_uart.o
    0x08002312   0x00000064   Code   RO         1988    i.UART_WaitOnFlagUntilTimeout  stm32f4xx_hal_uart.o
    0x08002376   0x00000002   PAD
    0x08002378   0x0000000c   Code   RO          677    i.USART3_IRQHandler  stm32f4xx_it.o
    0x08002384   0x00000002   Code   RO          678    i.UsageFault_Handler  stm32f4xx_it.o
    0x08002386   0x00000002   PAD
    0x08002388   0x00000020   Code   RO         8553    i.__0printf$3       mc_w.l(printf3.o)
    0x080023a8   0x00000020   Code   RO         3018    i.__NVIC_SetPriority  stm32f4xx_hal_cortex.o
    0x080023c8   0x0000000e   Code   RO         8765    i.__scatterload_copy  mc_w.l(handlers.o)
    0x080023d6   0x00000002   Code   RO         8766    i.__scatterload_null  mc_w.l(handlers.o)
    0x080023d8   0x0000000e   Code   RO         8767    i.__scatterload_zeroinit  mc_w.l(handlers.o)
    0x080023e6   0x00000002   PAD
    0x080023e8   0x000001b8   Code   RO         8560    i._printf_core      mc_w.l(printf3.o)
    0x080025a0   0x000000d8   Code   RO         5466    i.accept_function   api_msg.o
    0x08002678   0x0000001c   Code   RO         7414    i.cyclic_timer      timeouts.o
    0x08002694   0x000000a8   Code   RO         6419    i.do_memp_free_pool  memp.o
    0x0800273c   0x000000b8   Code   RO         6420    i.do_memp_malloc_pool  memp.o
    0x080027f4   0x000001dc   Code   RO         5467    i.err_tcp           api_msg.o
    0x080029d0   0x00000030   Code   RO         7547    i.etharp_cleanup_netif  etharp.o
    0x08002a00   0x00000258   Code   RO         7549    i.etharp_find_entry  etharp.o
    0x08002c58   0x00000024   Code   RO         7550    i.etharp_free_entry  etharp.o
    0x08002c7c   0x00000104   Code   RO         7552    i.etharp_input      etharp.o
    0x08002d80   0x000001ac   Code   RO         7553    i.etharp_output     etharp.o
    0x08002f2c   0x00000110   Code   RO         7554    i.etharp_output_to_arp_index  etharp.o
    0x0800303c   0x000001d8   Code   RO         7555    i.etharp_query      etharp.o
    0x08003214   0x00000170   Code   RO         7556    i.etharp_raw        etharp.o
    0x08003384   0x0000000c   Code   RO         7557    i.etharp_request    etharp.o
    0x08003390   0x00000020   Code   RO         7558    i.etharp_request_dst  etharp.o
    0x080033b0   0x00000060   Code   RO         7559    i.etharp_tmr        etharp.o
    0x08003410   0x0000011c   Code   RO         7560    i.etharp_update_arp_entry  etharp.o
    0x0800352c   0x000000a0   Code   RO         5136    i.ethernet_input    ethernet.o
    0x080035cc   0x000000f8   Code   RO         5137    i.ethernet_output   ethernet.o
    0x080036c4   0x00000088   Code   RO          488    i.ethernetif_init   ethernetif.o
    0x0800374c   0x00000034   Code   RO          489    i.ethernetif_input  ethernetif.o
    0x08003780   0x00000002   Code   RO          490    i.ethernetif_notify_conn_changed  ethernetif.o
    0x08003782   0x00000002   PAD
    0x08003784   0x00000044   Code   RO          491    i.ethernetif_set_link  ethernetif.o
    0x080037c8   0x000000b0   Code   RO          492    i.ethernetif_update_config  ethernetif.o
    0x08003878   0x00000018   Code   RO          620    i.fputc             usart.o
    0x08003890   0x00000008   Code   RO         7647    i.icmp_dest_unreach  icmp.o
    0x08003898   0x000001e4   Code   RO         7648    i.icmp_input        icmp.o
    0x08003a7c   0x0000010c   Code   RO         7649    i.icmp_send_response  icmp.o
    0x08003b88   0x00000008   Code   RO         7650    i.icmp_time_exceeded  icmp.o
    0x08003b90   0x0000000c   Code   RO         4188    i.inHandlerMode     cmsis_os.o
    0x08003b9c   0x0000002e   Code   RO         7762    i.ip4_addr_isbroadcast_u32  ip4_addr.o
    0x08003bca   0x00000002   PAD
    0x08003bcc   0x00000254   Code   RO         7828    i.ip4_frag          ip4_frag.o
    0x08003e20   0x00000194   Code   RO         7709    i.ip4_input         ip4.o
    0x08003fb4   0x0000001e   Code   RO         7711    i.ip4_output_if     ip4.o
    0x08003fd2   0x00000002   PAD
    0x08003fd4   0x0000016c   Code   RO         7712    i.ip4_output_if_src  ip4.o
    0x08004140   0x000001b4   Code   RO         7829    i.ip4_reass         ip4_frag.o
    0x080042f4   0x0000005c   Code   RO         7713    i.ip4_route         ip4.o
    0x08004350   0x00000090   Code   RO         7830    i.ip_frag_free_pbuf_custom_ref  ip4_frag.o
    0x080043e0   0x00000260   Code   RO         7831    i.ip_reass_chain_frag_into_datagram_and_validate  ip4_frag.o
    0x08004640   0x000000bc   Code   RO         7832    i.ip_reass_dequeue_datagram  ip4_frag.o
    0x080046fc   0x00000190   Code   RO         7833    i.ip_reass_free_complete_datagram  ip4_frag.o
    0x0800488c   0x00000080   Code   RO         7834    i.ip_reass_remove_oldest_datagram  ip4_frag.o
    0x0800490c   0x0000002c   Code   RO         7835    i.ip_reass_tmr      ip4_frag.o
    0x08004938   0x00000098   Code   RO         7836    i.ipfrag_free_pbuf_custom  ip4_frag.o
    0x080049d0   0x00000120   Code   RO          493    i.low_level_init    ethernetif.o
    0x08004af0   0x000000bc   Code   RO          494    i.low_level_input   ethernetif.o
    0x08004bac   0x000000a8   Code   RO          495    i.low_level_output  ethernetif.o
    0x08004c54   0x00000004   Code   RO         6133    i.lwip_htonl        def.o
    0x08004c58   0x00000004   Code   RO         6134    i.lwip_htons        def.o
    0x08004c5c   0x0000001e   Code   RO         6279    i.lwip_init         init.o
    0x08004c7a   0x00000056   Code   RO         5468    i.lwip_netconn_do_bind  api_msg.o
    0x08004cd0   0x0000015c   Code   RO         5469    i.lwip_netconn_do_close  api_msg.o
    0x08004e2c   0x000002d8   Code   RO         5470    i.lwip_netconn_do_close_internal  api_msg.o
    0x08005104   0x000001ac   Code   RO         5473    i.lwip_netconn_do_delconn  api_msg.o
    0x080052b0   0x000000e0   Code   RO         5476    i.lwip_netconn_do_listen  api_msg.o
    0x08005390   0x0000003c   Code   RO         5477    i.lwip_netconn_do_newconn  api_msg.o
    0x080053cc   0x00000060   Code   RO         5478    i.lwip_netconn_do_recv  api_msg.o
    0x0800542c   0x00000174   Code   RO         5480    i.lwip_netconn_do_write  api_msg.o
    0x080055a0   0x000002e0   Code   RO         5481    i.lwip_netconn_do_writemore  api_msg.o
    0x08005880   0x0000003c   Code   RO           16    i.main              main.o
    0x080058bc   0x0000000c   Code   RO         4190    i.makeFreeRtosPriority  cmsis_os.o
    0x080058c8   0x00000138   Code   RO         6353    i.mem_free          mem.o
    0x08005a00   0x000000c4   Code   RO         6354    i.mem_init          mem.o
    0x08005ac4   0x00000210   Code   RO         6355    i.mem_malloc        mem.o
    0x08005cd4   0x000001a0   Code   RO         6356    i.mem_trim          mem.o
    0x08005e74   0x0000009c   Code   RO         6421    i.memp_free         memp.o
    0x08005f10   0x00000020   Code   RO         6423    i.memp_init         memp.o
    0x08005f30   0x0000002a   Code   RO         6424    i.memp_init_pool    memp.o
    0x08005f5a   0x00000002   PAD
    0x08005f5c   0x000000a4   Code   RO         6425    i.memp_malloc       memp.o
    0x08006000   0x000000fc   Code   RO         5690    i.netbuf_data       netbuf.o
    0x080060fc   0x00000022   Code   RO         5691    i.netbuf_delete     netbuf.o
    0x0800611e   0x00000002   PAD
    0x08006120   0x000000a8   Code   RO         5695    i.netbuf_next       netbuf.o
    0x080061c8   0x00000138   Code   RO         5293    i.netconn_accept    api_lib.o
    0x08006300   0x00000100   Code   RO         5482    i.netconn_alloc     api_msg.o
    0x08006400   0x00000016   Code   RO         5294    i.netconn_apimsg    api_lib.o
    0x08006416   0x00000002   PAD
    0x08006418   0x000000b4   Code   RO         5295    i.netconn_bind      api_lib.o
    0x080064cc   0x00000006   Code   RO         5296    i.netconn_close     api_lib.o
    0x080064d2   0x00000002   PAD
    0x080064d4   0x000000b0   Code   RO         5297    i.netconn_close_shutdown  api_lib.o
    0x08006584   0x0000002c   Code   RO         5299    i.netconn_delete    api_lib.o
    0x080065b0   0x000000a0   Code   RO         5483    i.netconn_drain     api_msg.o
    0x08006650   0x0000016c   Code   RO         5484    i.netconn_free      api_msg.o
    0x080067bc   0x000000a8   Code   RO         5302    i.netconn_listen_with_backlog  api_lib.o
    0x08006864   0x00000178   Code   RO         5303    i.netconn_new_with_proto_and_callback  api_lib.o
    0x080069dc   0x00000120   Code   RO         5304    i.netconn_recv      api_lib.o
    0x08006afc   0x000001a0   Code   RO         5305    i.netconn_recv_data  api_lib.o
    0x08006c9c   0x00000124   Code   RO         5310    i.netconn_write_partly  api_lib.o
    0x08006dc0   0x000000e4   Code   RO         6567    i.netif_add         netif.o
    0x08006ea4   0x00000002   Code   RO         6569    i.netif_init        netif.o
    0x08006ea6   0x0000001a   Code   RO         6571    i.netif_issue_reports  netif.o
    0x08006ec0   0x00000048   Code   RO         6573    i.netif_set_addr    netif.o
    0x08006f08   0x0000000c   Code   RO         6574    i.netif_set_default  netif.o
    0x08006f14   0x0000002e   Code   RO         6575    i.netif_set_down    netif.o
    0x08006f42   0x00000008   Code   RO         6576    i.netif_set_gw      netif.o
    0x08006f4a   0x00000002   PAD
    0x08006f4c   0x00000044   Code   RO         6577    i.netif_set_ipaddr  netif.o
    0x08006f90   0x00000008   Code   RO         6578    i.netif_set_link_callback  netif.o
    0x08006f98   0x0000001a   Code   RO         6579    i.netif_set_link_down  netif.o
    0x08006fb2   0x00000030   Code   RO         6580    i.netif_set_link_up  netif.o
    0x08006fe2   0x00000008   Code   RO         6581    i.netif_set_netmask  netif.o
    0x08006fea   0x00000032   Code   RO         6583    i.netif_set_up      netif.o
    0x0800701c   0x0000000e   Code   RO         4192    i.osDelay           cmsis_os.o
    0x0800702a   0x0000000a   Code   RO         4195    i.osKernelStart     cmsis_os.o
    0x08007034   0x00000018   Code   RO         4196    i.osKernelSysTick   cmsis_os.o
    0x0800704c   0x00000026   Code   RO         4204    i.osMessageCreate   cmsis_os.o
    0x08007072   0x00000018   Code   RO         4205    i.osMessageDelete   cmsis_os.o
    0x0800708a   0x00000002   PAD
    0x0800708c   0x00000094   Code   RO         4206    i.osMessageGet      cmsis_os.o
    0x08007120   0x0000005c   Code   RO         4208    i.osMessagePut      cmsis_os.o
    0x0800717c   0x0000001e   Code   RO         4209    i.osMessageWaiting  cmsis_os.o
    0x0800719a   0x00000010   Code   RO         4210    i.osMutexCreate     cmsis_os.o
    0x080071aa   0x00000002   PAD
    0x080071ac   0x00000050   Code   RO         4212    i.osMutexRelease    cmsis_os.o
    0x080071fc   0x00000064   Code   RO         4213    i.osMutexWait       cmsis_os.o
    0x08007260   0x0000003e   Code   RO         4221    i.osSemaphoreCreate  cmsis_os.o
    0x0800729e   0x00000018   Code   RO         4222    i.osSemaphoreDelete  cmsis_os.o
    0x080072b6   0x00000002   PAD
    0x080072b8   0x00000050   Code   RO         4224    i.osSemaphoreRelease  cmsis_os.o
    0x08007308   0x00000064   Code   RO         4225    i.osSemaphoreWait   cmsis_os.o
    0x0800736c   0x00000054   Code   RO         4229    i.osThreadCreate    cmsis_os.o
    0x080073c0   0x00000370   Code   RO         6701    i.pbuf_alloc        pbuf.o
    0x08007730   0x000000e0   Code   RO         6702    i.pbuf_alloced_custom  pbuf.o
    0x08007810   0x00000130   Code   RO         6703    i.pbuf_cat          pbuf.o
    0x08007940   0x00000012   Code   RO         6705    i.pbuf_clen         pbuf.o
    0x08007952   0x00000002   PAD
    0x08007954   0x000001ec   Code   RO         6707    i.pbuf_copy         pbuf.o
    0x08007b40   0x0000011c   Code   RO         6708    i.pbuf_copy_partial  pbuf.o
    0x08007c5c   0x00000178   Code   RO         6710    i.pbuf_free         pbuf.o
    0x08007dd4   0x00000034   Code   RO         6711    i.pbuf_free_ooseq_callback  pbuf.o
    0x08007e08   0x00000006   Code   RO         6713    i.pbuf_header       pbuf.o
    0x08007e0e   0x00000006   Code   RO         6714    i.pbuf_header_force  pbuf.o
    0x08007e14   0x00000124   Code   RO         6715    i.pbuf_header_impl  pbuf.o
    0x08007f38   0x00000040   Code   RO         6718    i.pbuf_pool_is_empty  pbuf.o
    0x08007f78   0x00000198   Code   RO         6720    i.pbuf_realloc      pbuf.o
    0x08008110   0x0000009c   Code   RO         6721    i.pbuf_ref          pbuf.o
    0x080081ac   0x000000cc   Code   RO         5485    i.pcb_new           api_msg.o
    0x08008278   0x0000017c   Code   RO         6357    i.plug_holes        mem.o
    0x080083f4   0x000000dc   Code   RO         5486    i.poll_tcp          api_msg.o
    0x080084d0   0x00000070   Code   RO         3887    i.prvAddCurrentTaskToDelayedList  tasks.o
    0x08008540   0x000000d0   Code   RO         3888    i.prvAddNewTaskToReadyList  tasks.o
    0x08008610   0x00000026   Code   RO         3572    i.prvCopyDataFromQueue  queue.o
    0x08008636   0x0000006c   Code   RO         3573    i.prvCopyDataToQueue  queue.o
    0x080086a2   0x00000034   Code   RO         3889    i.prvDeleteTCB      tasks.o
    0x080086d6   0x00000002   PAD
    0x080086d8   0x0000004c   Code   RO         4557    i.prvHeapInit       heap_4.o
    0x08008724   0x00000060   Code   RO         3890    i.prvIdleTask       tasks.o
    0x08008784   0x00000016   Code   RO         3574    i.prvInitialiseMutex  queue.o
    0x0800879a   0x00000016   Code   RO         3575    i.prvInitialiseNewQueue  queue.o
    0x080087b0   0x0000008e   Code   RO         3891    i.prvInitialiseNewTask  tasks.o
    0x0800883e   0x00000002   PAD
    0x08008840   0x0000004c   Code   RO         4558    i.prvInsertBlockIntoFreeList  heap_4.o
    0x0800888c   0x0000001c   Code   RO         3576    i.prvIsQueueEmpty   queue.o
    0x080088a8   0x00000020   Code   RO         3892    i.prvResetNextTaskUnblockTime  tasks.o
    0x080088c8   0x00000028   Code   RO         4620    i.prvTaskExitError  port.o
    0x080088f0   0x0000006a   Code   RO         3577    i.prvUnlockQueue    queue.o
    0x0800895a   0x00000002   PAD
    0x0800895c   0x000000d8   Code   RO         4559    i.pvPortMalloc      heap_4.o
    0x08008a34   0x00000018   Code   RO         3894    i.pvTaskIncrementMutexHeldCount  tasks.o
    0x08008a4c   0x0000002c   Code   RO         4621    i.pxPortInitialiseStack  port.o
    0x08008a78   0x00000168   Code   RO         5487    i.recv_tcp          api_msg.o
    0x08008be0   0x000000d0   Code   RO         5488    i.sent_tcp          api_msg.o
    0x08008cb0   0x00000044   Code   RO         5489    i.setup_tcp         api_msg.o
    0x08008cf4   0x00000044   Code   RO         8088    i.sys_arch_mbox_fetch  sys_arch.o
    0x08008d38   0x00000022   Code   RO         8089    i.sys_arch_mbox_tryfetch  sys_arch.o
    0x08008d5a   0x00000002   PAD
    0x08008d5c   0x00000018   Code   RO         8090    i.sys_arch_protect  sys_arch.o
    0x08008d74   0x00000038   Code   RO         8091    i.sys_arch_sem_wait  sys_arch.o
    0x08008dac   0x0000000c   Code   RO         8092    i.sys_arch_unprotect  sys_arch.o
    0x08008db8   0x00000058   Code   RO         7415    i.sys_check_timeouts  timeouts.o
    0x08008e10   0x00000018   Code   RO         8093    i.sys_init          sys_arch.o
    0x08008e28   0x00000014   Code   RO         8094    i.sys_mbox_free     sys_arch.o
    0x08008e3c   0x0000002c   Code   RO         8095    i.sys_mbox_new      sys_arch.o
    0x08008e68   0x0000001a   Code   RO         8096    i.sys_mbox_post     sys_arch.o
    0x08008e82   0x00000006   Code   RO         8097    i.sys_mbox_set_invalid  sys_arch.o
    0x08008e88   0x00000014   Code   RO         8098    i.sys_mbox_trypost  sys_arch.o
    0x08008e9c   0x0000000a   Code   RO         8099    i.sys_mbox_valid    sys_arch.o
    0x08008ea6   0x0000000a   Code   RO         8101    i.sys_mutex_lock    sys_arch.o
    0x08008eb0   0x0000001e   Code   RO         8102    i.sys_mutex_new     sys_arch.o
    0x08008ece   0x00000006   Code   RO         8103    i.sys_mutex_unlock  sys_arch.o
    0x08008ed4   0x00000004   Code   RO          497    i.sys_now           ethernetif.o
    0x08008ed8   0x00000006   Code   RO         8104    i.sys_sem_free      sys_arch.o
    0x08008ede   0x0000002c   Code   RO         8105    i.sys_sem_new       sys_arch.o
    0x08008f0a   0x00000006   Code   RO         8106    i.sys_sem_set_invalid  sys_arch.o
    0x08008f10   0x00000006   Code   RO         8107    i.sys_sem_signal    sys_arch.o
    0x08008f16   0x0000000a   Code   RO         8108    i.sys_sem_valid     sys_arch.o
    0x08008f20   0x00000030   Code   RO         8109    i.sys_thread_new    sys_arch.o
    0x08008f50   0x00000140   Code   RO         7417    i.sys_timeout       timeouts.o
    0x08009090   0x00000034   Code   RO         7418    i.sys_timeouts_init  timeouts.o
    0x080090c4   0x00000048   Code   RO         7419    i.sys_timeouts_mbox_fetch  timeouts.o
    0x0800910c   0x00000174   Code   RO         6945    i.tcp_abandon       tcp.o
    0x08009280   0x00000006   Code   RO         6946    i.tcp_abort         tcp.o
    0x08009286   0x0000000e   Code   RO         6947    i.tcp_accept        tcp.o
    0x08009294   0x0000000e   Code   RO         6948    i.tcp_accept_null   tcp.o
    0x080092a2   0x00000002   PAD
    0x080092a4   0x000000fc   Code   RO         6949    i.tcp_alloc         tcp.o
    0x080093a0   0x00000008   Code   RO         6950    i.tcp_arg           tcp.o
    0x080093a8   0x00000124   Code   RO         6951    i.tcp_bind          tcp.o
    0x080094cc   0x00000014   Code   RO         6952    i.tcp_close         tcp.o
    0x080094e0   0x00000188   Code   RO         6953    i.tcp_close_shutdown  tcp.o
    0x08009668   0x000000c4   Code   RO         6954    i.tcp_close_shutdown_fin  tcp.o
    0x0800972c   0x00000120   Code   RO         7304    i.tcp_create_segment  tcp_out.o
    0x0800984c   0x00000022   Code   RO         6957    i.tcp_eff_send_mss_impl  tcp.o
    0x0800986e   0x00000002   PAD
    0x08009870   0x0000020c   Code   RO         7305    i.tcp_enqueue_flags  tcp_out.o
    0x08009a7c   0x000000a4   Code   RO         6958    i.tcp_err           tcp.o
    0x08009b20   0x0000006c   Code   RO         6959    i.tcp_fasttmr       tcp.o
    0x08009b8c   0x00000030   Code   RO         7220    i.tcp_getoptbyte    tcp_in.o
    0x08009bbc   0x00000002   Code   RO         6960    i.tcp_init          tcp.o
    0x08009bbe   0x00000002   PAD
    0x08009bc0   0x000005d0   Code   RO         7221    i.tcp_input         tcp_in.o
    0x0800a190   0x00000040   Code   RO         7222    i.tcp_input_delayed_close  tcp_in.o
    0x0800a1d0   0x00000052   Code   RO         7306    i.tcp_keepalive     tcp_out.o
    0x0800a222   0x00000002   PAD
    0x0800a224   0x000000bc   Code   RO         6961    i.tcp_kill_state    tcp.o
    0x0800a2e0   0x000000cc   Code   RO         6962    i.tcp_listen_closed  tcp.o
    0x0800a3ac   0x000000f4   Code   RO         7223    i.tcp_listen_input  tcp_in.o
    0x0800a4a0   0x00000124   Code   RO         6964    i.tcp_listen_with_backlog_and_err  tcp.o
    0x0800a5c4   0x0000004c   Code   RO         6965    i.tcp_netif_ip_addr_changed  tcp.o
    0x0800a610   0x00000022   Code   RO         6966    i.tcp_netif_ip_addr_changed_pcblist  tcp.o
    0x0800a632   0x00000006   Code   RO         6968    i.tcp_new_ip_type   tcp.o
    0x0800a638   0x0000005c   Code   RO         6969    i.tcp_new_port      tcp.o
    0x0800a694   0x00000010   Code   RO         6970    i.tcp_next_iss      tcp.o
    0x0800a6a4   0x00000078   Code   RO         7224    i.tcp_oos_insert_segment  tcp_in.o
    0x0800a71c   0x000002cc   Code   RO         7307    i.tcp_output        tcp_out.o
    0x0800a9e8   0x0000010c   Code   RO         7308    i.tcp_output_alloc_header  tcp_out.o
    0x0800aaf4   0x000000a8   Code   RO         7309    i.tcp_output_segment  tcp_out.o
    0x0800ab9c   0x00000074   Code   RO         7225    i.tcp_parseopt      tcp_in.o
    0x0800ac10   0x000000d8   Code   RO         7310    i.tcp_pbuf_prealloc  tcp_out.o
    0x0800ace8   0x00000042   Code   RO         6971    i.tcp_pcb_purge     tcp.o
    0x0800ad2a   0x00000002   PAD
    0x0800ad2c   0x00000130   Code   RO         6972    i.tcp_pcb_remove    tcp.o
    0x0800ae5c   0x0000009c   Code   RO         6973    i.tcp_poll          tcp.o
    0x0800aef8   0x00000484   Code   RO         7226    i.tcp_process       tcp_in.o
    0x0800b37c   0x0000006c   Code   RO         6974    i.tcp_process_refused_data  tcp.o
    0x0800b3e8   0x00000a1e   Code   RO         7227    i.tcp_receive       tcp_in.o
    0x0800be06   0x00000002   PAD
    0x0800be08   0x000000a4   Code   RO         6975    i.tcp_recv          tcp.o
    0x0800beac   0x00000024   Code   RO         6976    i.tcp_recv_null     tcp.o
    0x0800bed0   0x00000110   Code   RO         6977    i.tcp_recved        tcp.o
    0x0800bfe0   0x00000056   Code   RO         7311    i.tcp_rexmit        tcp_out.o
    0x0800c036   0x00000058   Code   RO         7312    i.tcp_rexmit_fast   tcp_out.o
    0x0800c08e   0x00000032   Code   RO         7313    i.tcp_rexmit_rto    tcp_out.o
    0x0800c0c0   0x00000120   Code   RO         7314    i.tcp_rst           tcp_out.o
    0x0800c1e0   0x00000028   Code   RO         6978    i.tcp_seg_copy      tcp.o
    0x0800c208   0x0000001c   Code   RO         6979    i.tcp_seg_free      tcp.o
    0x0800c224   0x00000012   Code   RO         6980    i.tcp_segs_free     tcp.o
    0x0800c236   0x00000072   Code   RO         7315    i.tcp_send_empty_ack  tcp_out.o
    0x0800c2a8   0x00000044   Code   RO         7316    i.tcp_send_fin      tcp_out.o
    0x0800c2ec   0x000000a0   Code   RO         6981    i.tcp_sent          tcp.o
    0x0800c38c   0x0000004e   Code   RO         6983    i.tcp_shutdown      tcp.o
    0x0800c3da   0x00000002   PAD
    0x0800c3dc   0x000004d8   Code   RO         6984    i.tcp_slowtmr       tcp.o
    0x0800c8b4   0x00000034   Code   RO         7421    i.tcp_timer_needed  timeouts.o
    0x0800c8e8   0x00000068   Code   RO         7228    i.tcp_timewait_input  tcp_in.o
    0x0800c950   0x00000020   Code   RO         6985    i.tcp_tmr           tcp.o
    0x0800c970   0x00000010   Code   RO         7229    i.tcp_trigger_input_pcb_close  tcp_in.o
    0x0800c980   0x000000c0   Code   RO         6987    i.tcp_update_rcv_ann_wnd  tcp.o
    0x0800ca40   0x00000680   Code   RO         7317    i.tcp_write         tcp_out.o
    0x0800d0c0   0x00000140   Code   RO         7318    i.tcp_write_checks  tcp_out.o
    0x0800d200   0x000000b4   Code   RO         7319    i.tcp_zero_window_probe  tcp_out.o
    0x0800d2b4   0x00000028   Code   RO          809    i.tcpecho_init      tcpecho.o
    0x0800d2dc   0x0000016c   Code   RO          810    i.tcpecho_thread    tcpecho.o
    0x0800d448   0x000000cc   Code   RO         6030    i.tcpip_callback_with_block  tcpip.o
    0x0800d514   0x00000110   Code   RO         6033    i.tcpip_init        tcpip.o
    0x0800d624   0x000000c0   Code   RO         6034    i.tcpip_inpkt       tcpip.o
    0x0800d6e4   0x0000001c   Code   RO         6035    i.tcpip_input       tcpip.o
    0x0800d700   0x00000020   Code   RO         6036    i.tcpip_send_msg_wait_sem  tcpip.o
    0x0800d720   0x00000038   Code   RO         7422    i.tcpip_tcp_timer   timeouts.o
    0x0800d758   0x000000f8   Code   RO         6037    i.tcpip_thread      tcpip.o
    0x0800d850   0x00000026   Code   RO         3532    i.uxListRemove      list.o
    0x0800d876   0x00000024   Code   RO         3578    i.uxQueueMessagesWaiting  queue.o
    0x0800d89a   0x00000016   Code   RO         3579    i.uxQueueMessagesWaitingFromISR  queue.o
    0x0800d8b0   0x00000014   Code   RO          351    i.vApplicationGetIdleTaskMemory  freertos.o
    0x0800d8c4   0x00000016   Code   RO         3533    i.vListInitialise   list.o
    0x0800d8da   0x00000006   Code   RO         3534    i.vListInitialiseItem  list.o
    0x0800d8e0   0x00000030   Code   RO         3535    i.vListInsert       list.o
    0x0800d910   0x00000018   Code   RO         3536    i.vListInsertEnd    list.o
    0x0800d928   0x00000040   Code   RO         4623    i.vPortEnterCritical  port.o
    0x0800d968   0x00000028   Code   RO         4624    i.vPortExitCritical  port.o
    0x0800d990   0x0000005c   Code   RO         4560    i.vPortFree         heap_4.o
    0x0800d9ec   0x00000024   Code   RO         4625    i.vPortSetupTimerInterrupt  port.o
    0x0800da10   0x00000054   Code   RO         4626    i.vPortValidateInterruptPriority  port.o
    0x0800da64   0x0000002e   Code   RO         3582    i.vQueueDelete      queue.o
    0x0800da92   0x00000002   PAD
    0x0800da94   0x00000028   Code   RO         3583    i.vQueueUnregisterQueue  queue.o
    0x0800dabc   0x0000004c   Code   RO         3900    i.vTaskDelay        tasks.o
    0x0800db08   0x00000010   Code   RO         3903    i.vTaskInternalSetTimeOutState  tasks.o
    0x0800db18   0x0000000c   Code   RO         3904    i.vTaskMissedYield  tasks.o
    0x0800db24   0x00000030   Code   RO         3906    i.vTaskPlaceOnEventList  tasks.o
    0x0800db54   0x000000a8   Code   RO         3908    i.vTaskPriorityDisinheritAfterTimeout  tasks.o
    0x0800dbfc   0x0000006c   Code   RO         3913    i.vTaskStartScheduler  tasks.o
    0x0800dc68   0x00000010   Code   RO         3915    i.vTaskSuspendAll   tasks.o
    0x0800dc78   0x0000005c   Code   RO         3916    i.vTaskSwitchContext  tasks.o
    0x0800dcd4   0x000000f4   Code   RO         4627    i.xPortStartScheduler  port.o
    0x0800ddc8   0x00000016   Code   RO         3584    i.xQueueCreateMutex  queue.o
    0x0800ddde   0x0000001a   Code   RO         3585    i.xQueueCreateMutexStatic  queue.o
    0x0800ddf8   0x00000048   Code   RO         3586    i.xQueueGenericCreate  queue.o
    0x0800de40   0x00000066   Code   RO         3587    i.xQueueGenericCreateStatic  queue.o
    0x0800dea6   0x00000002   PAD
    0x0800dea8   0x00000088   Code   RO         3588    i.xQueueGenericReset  queue.o
    0x0800df30   0x00000160   Code   RO         3589    i.xQueueGenericSend  queue.o
    0x0800e090   0x000000bc   Code   RO         3590    i.xQueueGenericSendFromISR  queue.o
    0x0800e14c   0x0000009c   Code   RO         3591    i.xQueueGiveFromISR  queue.o
    0x0800e1e8   0x00000138   Code   RO         3596    i.xQueueReceive     queue.o
    0x0800e320   0x0000009a   Code   RO         3597    i.xQueueReceiveFromISR  queue.o
    0x0800e3ba   0x00000002   PAD
    0x0800e3bc   0x00000178   Code   RO         3598    i.xQueueSemaphoreTake  queue.o
    0x0800e534   0x00000074   Code   RO         3917    i.xTaskCheckForTimeOut  tasks.o
    0x0800e5a8   0x0000005a   Code   RO         3918    i.xTaskCreate       tasks.o
    0x0800e602   0x00000056   Code   RO         3919    i.xTaskCreateStatic  tasks.o
    0x0800e658   0x0000001c   Code   RO         3923    i.xTaskGetSchedulerState  tasks.o
    0x0800e674   0x0000000c   Code   RO         3924    i.xTaskGetTickCount  tasks.o
    0x0800e680   0x00000010   Code   RO         3925    i.xTaskGetTickCountFromISR  tasks.o
    0x0800e690   0x000000c8   Code   RO         3926    i.xTaskIncrementTick  tasks.o
    0x0800e758   0x00000098   Code   RO         3929    i.xTaskPriorityDisinherit  tasks.o
    0x0800e7f0   0x00000094   Code   RO         3930    i.xTaskPriorityInherit  tasks.o
    0x0800e884   0x00000078   Code   RO         3931    i.xTaskRemoveFromEventList  tasks.o
    0x0800e8fc   0x000000c4   Code   RO         3932    i.xTaskResumeAll    tasks.o
    0x0800e9c0   0x00000054   Data   RO          353    .constdata          freertos.o
    0x0800ea14   0x0000001c   Data   RO          418    .constdata          lwip.o
    0x0800ea30   0x0000001c   Data   RO          499    .constdata          ethernetif.o
    0x0800ea4c   0x00000010   Data   RO         3395    .constdata          system_stm32f4xx.o
    0x0800ea5c   0x00000008   Data   RO         3396    .constdata          system_stm32f4xx.o
    0x0800ea64   0x00000006   Data   RO         5138    .constdata          ethernet.o
    0x0800ea6a   0x00000006   Data   RO         5139    .constdata          ethernet.o
    0x0800ea70   0x0000000c   Data   RO         6439    .constdata          memp.o
    0x0800ea7c   0x0000000c   Data   RO         6440    .constdata          memp.o
    0x0800ea88   0x0000000c   Data   RO         6441    .constdata          memp.o
    0x0800ea94   0x0000000c   Data   RO         6442    .constdata          memp.o
    0x0800eaa0   0x0000000c   Data   RO         6443    .constdata          memp.o
    0x0800eaac   0x0000000c   Data   RO         6444    .constdata          memp.o
    0x0800eab8   0x0000000c   Data   RO         6445    .constdata          memp.o
    0x0800eac4   0x0000000c   Data   RO         6446    .constdata          memp.o
    0x0800ead0   0x0000000c   Data   RO         6447    .constdata          memp.o
    0x0800eadc   0x0000000c   Data   RO         6448    .constdata          memp.o
    0x0800eae8   0x0000000c   Data   RO         6449    .constdata          memp.o
    0x0800eaf4   0x0000000c   Data   RO         6450    .constdata          memp.o
    0x0800eb00   0x00000030   Data   RO         6451    .constdata          memp.o
    0x0800eb30   0x00000054   Data   RO         6988    .constdata          tcp.o
    0x0800eb84   0x00000018   Data   RO         7423    .constdata          timeouts.o
    0x0800eb9c   0x00000004   Data   RO         7769    .constdata          ip4_addr.o
    0x0800eba0   0x00000018   Data   RO         8110    .constdata          sys_arch.o
    0x0800ebb8   0x0000000c   Data   RO          354    .conststring        freertos.o
    0x0800ebc4   0x00000008   Data   RO          419    .conststring        lwip.o
    0x0800ebcc   0x00000006   Data   RO          500    .conststring        ethernetif.o
    0x0800ebd2   0x00000002   PAD
    0x0800ebd4   0x00000075   Data   RO         6989    .conststring        tcp.o
    0x0800ec49   0x00000003   PAD
    0x0800ec4c   0x00000055   Data   RO         7320    .conststring        tcp_out.o
    0x0800eca1   0x00000003   PAD
    0x0800eca4   0x00000041   Data   RO         7562    .conststring        etharp.o
    0x0800ece5   0x00000003   PAD
    0x0800ece8   0x00000020   Data   RO         8763    Region$$Table       anon$$obj.o


    Execution Region RW_IRAM1 (Base: 0x20000000, Size: 0x00016e68, Max: 0x00020000, ABSOLUTE, COMPRESSED[0x00000018])

    Base Addr    Size         Type   Attr      Idx    E Section Name        Object

    0x20000000   0x0000000c   Data   RW          355    .data               freertos.o
    0x2000000c   0x00000024   Data   RW          420    .data               lwip.o
    0x20000030   0x00000004   Data   RW          501    .data               ethernetif.o
    0x20000034   0x0000000c   Data   RW         3162    .data               stm32f4xx_hal.o
    0x20000040   0x00000004   Data   RW         3397    .data               system_stm32f4xx.o
    0x20000044   0x0000003c   Data   RW         3935    .data               tasks.o
    0x20000080   0x00000018   Data   RW         4565    .data               heap_4.o
    0x20000098   0x0000000c   Data   RW         4628    .data               port.o
    0x200000a4   0x00000001   Data   RW         5490    .data               api_msg.o
    0x200000a5   0x00000003   PAD
    0x200000a8   0x00000010   Data   RW         6039    .data               tcpip.o
    0x200000b8   0x00000010   Data   RW         6359    .data               mem.o
    0x200000c8   0x00000004   Data   RW         6452    .data               memp.o
    0x200000cc   0x00000004   Data   RW         6453    .data               memp.o
    0x200000d0   0x00000004   Data   RW         6454    .data               memp.o
    0x200000d4   0x00000004   Data   RW         6455    .data               memp.o
    0x200000d8   0x00000004   Data   RW         6456    .data               memp.o
    0x200000dc   0x00000004   Data   RW         6457    .data               memp.o
    0x200000e0   0x00000004   Data   RW         6458    .data               memp.o
    0x200000e4   0x00000004   Data   RW         6459    .data               memp.o
    0x200000e8   0x00000004   Data   RW         6460    .data               memp.o
    0x200000ec   0x00000004   Data   RW         6461    .data               memp.o
    0x200000f0   0x00000004   Data   RW         6462    .data               memp.o
    0x200000f4   0x00000004   Data   RW         6463    .data               memp.o
    0x200000f8   0x0000000c   Data   RW         6584    .data               netif.o
    0x20000104   0x00000001   Data   RW         6728    .data               pbuf.o
    0x20000105   0x00000003   PAD
    0x20000108   0x00000020   Data   RW         6990    .data               tcp.o
    0x20000128   0x00000024   Data   RW         7231    .data               tcp_in.o
    0x2000014c   0x0000000c   Data   RW         7424    .data               timeouts.o
    0x20000158   0x00000001   Data   RW         7563    .data               etharp.o
    0x20000159   0x00000001   PAD
    0x2000015a   0x00000002   Data   RW         7714    .data               ip4.o
    0x2000015c   0x00000008   Data   RW         7837    .data               ip4_frag.o
    0x20000164   0x00000004   Data   RW         8112    .data               sys_arch.o
    0x20000168   0x00000004   Data   RW         8739    .data               mc_w.l(stdout.o)
    0x2000016c   0x00000254   Zero   RW          352    .bss                freertos.o
    0x200003c0   0x00000038   Zero   RW          417    .bss                lwip.o
    0x200003f8   0x000030e8   Zero   RW          498    .bss                ethernetif.o
    0x200034e0   0x00000040   Zero   RW          621    .bss                usart.o
    0x20003520   0x00000040   Zero   RW          773    .bss                stm32f4xx_hal_timebase_tim.o
    0x20003560   0x00000040   Zero   RW         3599    .bss                queue.o
    0x200035a0   0x00000154   Zero   RW         3934    .bss                tasks.o
    0x200036f4   0x0000c000   Zero   RW         4564    .bss                heap_4.o
    0x2000f6f4   0x00000018   Zero   RW         6328    .bss                ip.o
    0x2000f70c   0x00000653   Zero   RW         6358    .bss                mem.o
    0x2000fd5f   0x000002fb   Zero   RW         6427    .bss                memp.o
    0x2001005a   0x000000e3   Zero   RW         6428    .bss                memp.o
    0x2001013d   0x00000103   Zero   RW         6429    .bss                memp.o
    0x20010240   0x000000a3   Zero   RW         6430    .bss                memp.o
    0x200102e3   0x0000016b   Zero   RW         6431    .bss                memp.o
    0x2001044e   0x00000023   Zero   RW         6432    .bss                memp.o
    0x20010471   0x000000b3   Zero   RW         6433    .bss                memp.o
    0x20010524   0x00000083   Zero   RW         6434    .bss                memp.o
    0x200105a7   0x00000083   Zero   RW         6435    .bss                memp.o
    0x2001062a   0x00000033   Zero   RW         6436    .bss                memp.o
    0x2001065d   0x00000103   Zero   RW         6437    .bss                memp.o
    0x20010760   0x00002603   Zero   RW         6438    .bss                memp.o
    0x20012d63   0x00000001   PAD
    0x20012d64   0x00000010   Zero   RW         7230    .bss                tcp_in.o
    0x20012d74   0x000000f0   Zero   RW         7561    .bss                etharp.o
    0x20012e64   0x00000004   PAD
    0x20012e68   0x00004000   Zero   RW            1    STACK               startup_stm32f407xx.o


==============================================================================

Image component sizes


      Code (inc. data)   RO Data    RW Data    ZI Data      Debug   Object Name

      2280       1282          0          0          0      30991   api_lib.o
      5610       2156          0          1          0      30445   api_msg.o
         0          0          0          0          0       1608   auth.o
       950         30          0          0          0      36846   cmsis_os.o
         8          0          0          0          0       1050   def.o
         0          0          0          0          0       2308   err.o
      2908       1172         65          1        240      10695   etharp.o
       408        156         12          0          0       2386   ethernet.o
      1326        170         34          4      12520       8122   ethernetif.o
         0          0          0          0          0      18112   event_groups.o
       148         20         96         12        596       7844   freertos.o
       232         16          0          0          0       1051   gpio.o
       460         24          0         24      49152       7051   heap_4.o
       768        350          0          0          0       3914   icmp.o
        30          0          0          0          0        568   init.o
         0          0          0          0         24       3038   ip.o
       890        178          0          2          0       4348   ip4.o
        46          0          4          0          0       6954   ip4_addr.o
      2696       1024          0          8          0       9674   ip4_frag.o
       138          0          0          0          0      11946   list.o
       304         26         36         36         56       6542   lwip.o
       214         36          0          0          0     773847   main.o
      1832        918          0         16       1619       5501   mem.o
       746        500        192         48      12292      10550   memp.o
       454        300          0          0          0       2396   netbuf.o
       602        134          0         12          0      11091   netif.o
      3562       1838          0          1          0      20387   pbuf.o
       786         82          0         12          0      11825   port.o
      2364         22          0          0         64      21234   queue.o
         0          0          0          0          0       3483   slipif.o
        36          8        392          0      16384        832   startup_stm32f407xx.o
       116         18          0         12          0       8646   stm32f4xx_hal.o
       158         14          0          0          0      32802   stm32f4xx_hal_cortex.o
        36          0          0          0          0       1179   stm32f4xx_hal_dma.o
      2444         76          0          0          0      13551   stm32f4xx_hal_eth.o
       464         46          0          0          0       2733   stm32f4xx_hal_gpio.o
        56          4          0          0          0        830   stm32f4xx_hal_msp.o
      1404         94          0          0          0       6061   stm32f4xx_hal_rcc.o
       656         44          0          0          0       7048   stm32f4xx_hal_tim.o
         4          0          0          0          0       1585   stm32f4xx_hal_tim_ex.o
       116         16          0          0         64       1359   stm32f4xx_hal_timebase_tim.o
      1254         16          0          0          0       8671   stm32f4xx_hal_uart.o
        48         18          0          0          0       4077   stm32f4xx_it.o
         0          0          0          0          0        392   stream_buffer.o
       510         24         24          4          0      18896   sys_arch.o
        28          6         24          4          0       1119   system_stm32f4xx.o
      2366        190          0         60        340      24278   tasks.o
      5676       2336        201         32          0      35091   tcp.o
      5946       1226          0         36         16      19435   tcp_in.o
      5120       1716         85          0          0      14263   tcp_out.o
       404        170          0          0          0      13183   tcpecho.o
       976        544          0         16          0       7061   tcpip.o
       668        228         24         12          0       6336   timeouts.o
       204         26          0          0         64       2126   usart.o

    ----------------------------------------------------------------------
     58526      17254       1232        360      93436    1297361   Object Totals
         0          0         32          0          0          0   (incl. Generated)
        74          0         11          7          5          0   (incl. Padding)

    ----------------------------------------------------------------------

      Code (inc. data)   RO Data    RW Data    ZI Data      Debug   Library Member Name

        58          0          0          0          0          0   __dczerorl.o
         0          0          0          0          0          0   entry.o
         0          0          0          0          0          0   entry10a.o
         0          0          0          0          0          0   entry11a.o
         8          4          0          0          0          0   entry2.o
         4          0          0          0          0          0   entry5.o
         0          0          0          0          0          0   entry7b.o
         0          0          0          0          0          0   entry8b.o
         8          4          0          0          0          0   entry9a.o
        30          0          0          0          0          0   handlers.o
        36          8          0          0          0         68   init.o
        30          0          0          0          0         68   llshl.o
        32          0          0          0          0         68   llushr.o
        26          0          0          0          0         80   memcmp.o
        36          0          0          0          0         68   memcpya.o
        36          0          0          0          0        108   memseta.o
       472         14          0          0          0        184   printf3.o
         0          0          0          4          0          0   stdout.o
        44          0          0          0          0         80   uidiv.o
        98          0          0          0          0         92   uldiv.o

    ----------------------------------------------------------------------
       922         30          0          4          0        816   Library Totals
         4          0          0          0          0          0   (incl. Padding)

    ----------------------------------------------------------------------

      Code (inc. data)   RO Data    RW Data    ZI Data      Debug   Library Name

       918         30          0          4          0        816   mc_w.l

    ----------------------------------------------------------------------
       922         30          0          4          0        816   Library Totals

    ----------------------------------------------------------------------

==============================================================================


      Code (inc. data)   RO Data    RW Data    ZI Data      Debug   

     59448      17284       1232        364      93436    1260497   Grand Totals
     59448      17284       1232         24      93436    1260497   ELF Image Totals (compressed)
     59448      17284       1232         24          0          0   ROM Totals

==============================================================================

    Total RO  Size (Code + RO Data)                60680 (  59.26kB)
    Total RW  Size (RW Data + ZI Data)             93800 (  91.60kB)
    Total ROM Size (Code + RO Data + RW Data)      60704 (  59.28kB)

==============================================================================

