Component: ARM Compiler 5.05 update 1 (build 106) Tool: armlink [4d0efa]

==============================================================================

Section Cross References

    startup_stm32f407xx.o(RESET) refers to startup_stm32f407xx.o(STACK) for __initial_sp
    startup_stm32f407xx.o(RESET) refers to startup_stm32f407xx.o(.text) for Reset_Handler
    startup_stm32f407xx.o(RESET) refers to stm32f4xx_it.o(i.NMI_Handler) for NMI_Handler
    startup_stm32f407xx.o(RESET) refers to stm32f4xx_it.o(i.HardFault_Handler) for HardFault_Handler
    startup_stm32f407xx.o(RESET) refers to stm32f4xx_it.o(i.MemManage_Handler) for MemManage_Handler
    startup_stm32f407xx.o(RESET) refers to stm32f4xx_it.o(i.BusFault_Handler) for BusFault_Handler
    startup_stm32f407xx.o(RESET) refers to stm32f4xx_it.o(i.UsageFault_Handler) for UsageFault_Handler
    startup_stm32f407xx.o(RESET) refers to port.o(.emb_text) for SVC_Handler
    startup_stm32f407xx.o(RESET) refers to stm32f4xx_it.o(i.DebugMon_Handler) for DebugMon_Handler
    startup_stm32f407xx.o(RESET) refers to port.o(i.SysTick_Handler) for SysTick_Handler
    startup_stm32f407xx.o(RESET) refers to stm32f4xx_it.o(i.TIM1_UP_TIM10_IRQHandler) for TIM1_UP_TIM10_IRQHandler
    startup_stm32f407xx.o(RESET) refers to stm32f4xx_it.o(i.USART3_IRQHandler) for USART3_IRQHandler
    startup_stm32f407xx.o(RESET) refers to stm32f4xx_it.o(i.ETH_IRQHandler) for ETH_IRQHandler
    startup_stm32f407xx.o(.text) refers to system_stm32f4xx.o(i.SystemInit) for SystemInit
    startup_stm32f407xx.o(.text) refers to entry.o(.ARM.Collect$$$$00000000) for __main
    main.o(i.HAL_TIM_PeriodElapsedCallback) refers to stm32f4xx_hal.o(i.HAL_IncTick) for HAL_IncTick
    main.o(i.SystemClock_Config) refers to memseta.o(.text) for __aeabi_memclr4
    main.o(i.SystemClock_Config) refers to stm32f4xx_hal_rcc.o(i.HAL_RCC_OscConfig) for HAL_RCC_OscConfig
    main.o(i.SystemClock_Config) refers to stm32f4xx_hal_rcc.o(i.HAL_RCC_ClockConfig) for HAL_RCC_ClockConfig
    main.o(i.main) refers to stm32f4xx_hal.o(i.HAL_Init) for HAL_Init
    main.o(i.main) refers to main.o(i.SystemClock_Config) for SystemClock_Config
    main.o(i.main) refers to gpio.o(i.MX_GPIO_Init) for MX_GPIO_Init
    main.o(i.main) refers to usart.o(i.MX_USART3_UART_Init) for MX_USART3_UART_Init
    main.o(i.main) refers to lwip.o(i.MX_LWIP_Init) for MX_LWIP_Init
    main.o(i.main) refers to freertos.o(i.MX_FREERTOS_Init) for MX_FREERTOS_Init
    main.o(i.main) refers to cmsis_os.o(i.osKernelStart) for osKernelStart
    gpio.o(i.MX_GPIO_Init) refers to memseta.o(.text) for __aeabi_memclr4
    gpio.o(i.MX_GPIO_Init) refers to stm32f4xx_hal_gpio.o(i.HAL_GPIO_WritePin) for HAL_GPIO_WritePin
    gpio.o(i.MX_GPIO_Init) refers to stm32f4xx_hal_gpio.o(i.HAL_GPIO_Init) for HAL_GPIO_Init
    freertos.o(i.LED_FUNC) refers to stm32f4xx_hal_gpio.o(i.HAL_GPIO_TogglePin) for HAL_GPIO_TogglePin
    freertos.o(i.LED_FUNC) refers to cmsis_os.o(i.osDelay) for osDelay
    freertos.o(i.MX_FREERTOS_Init) refers to memcpya.o(.text) for __aeabi_memcpy4
    freertos.o(i.MX_FREERTOS_Init) refers to cmsis_os.o(i.osThreadCreate) for osThreadCreate
    freertos.o(i.MX_FREERTOS_Init) refers to freertos.o(.constdata) for .constdata
    freertos.o(i.MX_FREERTOS_Init) refers to freertos.o(.data) for .data
    freertos.o(i.NET_FUNC) refers to cmsis_os.o(i.osDelay) for osDelay
    freertos.o(i.SCI_FUNC) refers to printf3.o(i.__0printf$3) for __2printf
    freertos.o(i.SCI_FUNC) refers to cmsis_os.o(i.osDelay) for osDelay
    freertos.o(i.vApplicationGetIdleTaskMemory) refers to freertos.o(.bss) for .bss
    freertos.o(.constdata) refers to freertos.o(.conststring) for .conststring
    freertos.o(.constdata) refers to freertos.o(i.SCI_FUNC) for SCI_FUNC
    freertos.o(.constdata) refers to freertos.o(i.NET_FUNC) for NET_FUNC
    freertos.o(.constdata) refers to freertos.o(i.LED_FUNC) for LED_FUNC
    lwip.o(i.MX_LWIP_Init) refers to tcpip.o(i.tcpip_init) for tcpip_init
    lwip.o(i.MX_LWIP_Init) refers to netif.o(i.netif_add) for netif_add
    lwip.o(i.MX_LWIP_Init) refers to netif.o(i.netif_set_default) for netif_set_default
    lwip.o(i.MX_LWIP_Init) refers to netif.o(i.netif_set_up) for netif_set_up
    lwip.o(i.MX_LWIP_Init) refers to netif.o(i.netif_set_down) for netif_set_down
    lwip.o(i.MX_LWIP_Init) refers to netif.o(i.netif_set_link_callback) for netif_set_link_callback
    lwip.o(i.MX_LWIP_Init) refers to cmsis_os.o(i.osSemaphoreCreate) for osSemaphoreCreate
    lwip.o(i.MX_LWIP_Init) refers to memcpya.o(.text) for __aeabi_memcpy4
    lwip.o(i.MX_LWIP_Init) refers to cmsis_os.o(i.osThreadCreate) for osThreadCreate
    lwip.o(i.MX_LWIP_Init) refers to lwip.o(.data) for .data
    lwip.o(i.MX_LWIP_Init) refers to tcpip.o(i.tcpip_input) for tcpip_input
    lwip.o(i.MX_LWIP_Init) refers to ethernetif.o(i.ethernetif_init) for ethernetif_init
    lwip.o(i.MX_LWIP_Init) refers to lwip.o(.bss) for .bss
[...]
    _printf_u                                0x00000000   Number         0  stubs.o ABSOLUTE
    _printf_wc                               0x00000000   Number         0  stubs.o ABSOLUTE
    _printf_wctomb                           0x00000000   Number         0  stubs.o ABSOLUTE
    _printf_widthprec                        0x00000000   Number         0  stubs.o ABSOLUTE
    _printf_x                                0x00000000   Number         0  stubs.o ABSOLUTE
    __cpp_initialize__aeabi_                  - Undefined Weak Reference
    __cxa_finalize                            - Undefined Weak Reference
    _clock_init                               - Undefined Weak Reference
    _microlib_exit                            - Undefined Weak Reference
    __Vectors_Size                           0x00000188   Number         0  startup_stm32f407xx.o ABSOLUTE
    __Vectors                                0x08000000   Data           4  startup_stm32f407xx.o(RESET)
    __Vectors_End                            0x08000188   Data           0  startup_stm32f407xx.o(RESET)
    __main                                   0x08000189   Thumb Code     0  entry.o(.ARM.Collect$$$$00000000)
    _main_stk                                0x08000189   Thumb Code     0  entry2.o(.ARM.Collect$$$$00000001)
    _main_scatterload                        0x0800018d   Thumb Code     0  entry5.o(.ARM.Collect$$$$00000004)
    __main_after_scatterload                 0x08000191   Thumb Code     0  entry5.o(.ARM.Collect$$$$00000004)
    _main_clock                              0x08000191   Thumb Code     0  entry7b.o(.ARM.Collect$$$$00000008)
    _main_cpp_init                           0x08000191   Thumb Code     0  entry8b.o(.ARM.Collect$$$$0000000A)
    _main_init                               0x08000191   Thumb Code     0  entry9a.o(.ARM.Collect$$$$0000000B)
    __rt_final_cpp                           0x08000199   Thumb Code     0  entry10a.o(.ARM.Collect$$$$0000000D)
    __rt_final_exit                          0x08000199   Thumb Code     0  entry11a.o(.ARM.Collect$$$$0000000F)
    SVC_Handler                              0x0800019d   Thumb Code    28  port.o(.emb_text)
    __asm___6_port_c_39a90d8d__prvStartFirstTask 0x080001bd   Thumb Code    36  port.o(.emb_text)
    __asm___6_port_c_39a90d8d__prvEnableVFP  0x080001e5   Thumb Code    16  port.o(.emb_text)
    PendSV_Handler                           0x080001f9   Thumb Code    88  port.o(.emb_text)
    vPortGetIPSR                             0x08000255   Thumb Code     6  port.o(.emb_text)
    Reset_Handler                            0x0800025d   Thumb Code     8  startup_stm32f407xx.o(.text)
    ADC_IRQHandler                           0x08000277   Thumb Code     0  startup_stm32f407xx.o(.text)
    CAN1_RX0_IRQHandler                      0x08000277   Thumb Code     0  startup_stm32f407xx.o(.text)
    CAN1_RX1_IRQHandler                      0x08000277   Thumb Code     0  startup_stm32f407xx.o(.text)
    CAN1_SCE_IRQHandler                      0x08000277   Thumb Code     0  startup_stm32f407xx.o(.text)
    CAN1_TX_IRQHandler                       0x08000277   Thumb Code     0  startup_stm32f407xx.o(.text)
    CAN2_RX0_IRQHandler                      0x08000277   Thumb Code     0  startup_stm32f407xx.o(.text)
    CAN2_RX1_IRQHandler                      0x08000277   Thumb Code     0  startup_stm32f407xx.o(.text)
    CAN2_SCE_IRQHandler                      0x08000277   Thumb Code     0  startup_stm32f407xx.o(.text)
    CAN2_TX_IRQHandler                       0x08000277   Thumb Code     0  startup_stm32f407xx.o(.text)
    DCMI_IRQHandler                          0x08000277   Thumb Code     0  startup_stm32f407xx.o(.text)
    DMA1_Stream0_IRQHandler                  0x08000277   Thumb Code     0  startup_stm32f407xx.o(.text)
    DMA1_Stream1_IRQHandler                  0x08000277   Thumb Code     0  startup_stm32f407xx.o(.text)
    DMA1_Stream2_IRQHandler                  0x08000277   Thumb Code     0  startup_stm32f407xx.o(.text)
    DMA1_Stream3_IRQHandler                  0x08000277   Thumb Code     0  startup_stm32f407xx.o(.text)
    DMA1_Stream4_IRQHandler                  0x08000277   Thumb Code     0  startup_stm32f407xx.o(.text)
    DMA1_Stream5_IRQHandler                  0x08000277   Thumb Code     0  startup_stm32f407xx.o(.text)
    DMA1_Stream6_IRQHandler                  0x08000277   Thumb Code     0  startup_stm32f407xx.o(.text)
    DMA1_Stream7_IRQHandler                  0x08000277   Thumb Code     0  startup_stm32f407xx.o(.text)
    DMA2_Stream0_IRQHandler                  0x08000277   Thumb Code     0  startup_stm32f407xx.o(.text)
    DMA2_Stream1_IRQHandler                  0x08000277   Thumb Code     0  startup_stm32f407xx.o(.text)
    DMA2_Stream2_IRQHandler                  0x08000277   Thumb Code     0  startup_stm32f407xx.o(.text)
    DMA2_Stream3_IRQHandler                  0x08000277   Thumb Code     0  startup_stm32f407xx.o(.text)
    DMA2_Stream4_IRQHandler                  0x08000277   Thumb Code     0  startup_stm32f407xx.o(.text)
    DMA2_Stream5_IRQHandler                  0x08000277   Thumb Code     0  startup_stm32f407xx.o(.text)
    DMA2_Stream6_IRQHandler                  0x08000277   Thumb Code     0  startup_stm32f407xx.o(.text)
    DMA2_Stream7_IRQHandler                  0x08000277   Thumb Code     0  startup_stm32f407xx.o(.text)
    ETH_WKUP_IRQHandler                      0x08000277   Thumb Code     0  startup_stm32f407xx.o(.text)
    EXTI0_IRQHandler                         0x08000277   Thumb Code     0  startup_stm32f407xx.o(.text)
    EXTI15_10_IRQHandler                     0x08000277   Thumb Code     0  startup_stm32f407xx.o(.text)
    EXTI1_IRQHandler                         0x08000277   Thumb Code     0  startup_stm32f407xx.o(.text)
    EXTI2_IRQHandler                         0x08000277   Thumb Code     0  startup_stm32f407xx.o(.text)
    EXTI3_IRQHandler                         0x08000277   Thumb Code     0  startup_stm32f407xx.o(.text)
    EXTI4_IRQHandler                         0x08000277   Thumb Code     0  startup_stm32f407xx.o(.text)
    EXTI9_5_IRQHandler                       0x08000277   Thumb Code     0  startup_stm32f407xx.o(.text)
    FLASH_IRQHandler                         0x08000277   Thumb Code     0  startup_stm32f407xx.o(.text)
    FMC_IRQHandler                           0x08000277   Thumb Code     0  startup_stm32f407xx.o(.text)
    FPU_IRQHandler                           0x08000277   Thumb Code     0  startup_stm32f407xx.o(.text)
    HASH_RNG_IRQHandler                      0x08000277   Thumb Code     0  startup_stm32f407xx.o(.text)
    I2C1_ER_IRQHandler                       0x08000277   Thumb Code     0  startup_stm32f407xx.o(.text)
    I2C1_EV_IRQHandler                       0x08000277   Thumb Code     0  startup_stm32f407xx.o(.text)
    I2C2_ER_IRQHandler                       0x08000277   Thumb Code     0  startup_stm32f407xx.o(.text)
    I2C2_EV_IRQHandler                       0x08000277   Thumb Code     0  startup_stm32f407xx.o(.text)
    I2C3_ER_IRQHandler                       0x08000277   Thumb Code     0  startup_stm32f407xx.o(.text)
    I2C3_EV_IRQHandler                       0x08000277   Thumb Code     0  startup_stm32f407xx.o(.text)
    OTG_FS_IRQHandler                        0x08000277   Thumb Code     0  startup_stm32f407xx.o(.text)
    OTG_FS_WKUP_IRQHandler                   0x08000277   Thumb Code     0  startup_stm32f407xx.o(.text)
    OTG_HS_EP1_IN_IRQHandler                 0x08000277   Thumb Code     0  startup_stm32f407xx.o(.text)
    OTG_HS_EP1_OUT_IRQHandler                0x08000277   Thumb Code     0  startup_stm32f407xx.o(.text)
    OTG_HS_IRQHandler                        0x08000277   Thumb Code     0  startup_stm32f407xx.o(.text)
    OTG_HS_WKUP_IRQHandler                   0x08000277   Thumb Code     0  startup_stm32f407xx.o(.text)
    PVD_IRQHandler                           0x08000277   Thumb Code     0  startup_stm32f407xx.o(.text)
    RCC_IRQHandler                           0x08000277   Thumb Code     0  startup_stm32f407xx.o(.text)
    RTC_Alarm_IRQHandler                     0x08000277   Thumb Code     0  startup_stm32f407xx.o(.text)
    RTC_WKUP_IRQHandler                      0x08000277   Thumb Code     0  startup_stm32f407xx.o(.text)
    SDIO_IRQHandler                          0x08000277   Thumb Code     0  startup_stm32f407xx.o(.text)
    SPI1_IRQHandler                          0x08000277   Thumb Code     0  startup_stm32f407xx.o(.text)
    SPI2_IRQHandler                          0x08000277   Thumb Code     0  startup_stm32f407xx.o(.text)
    SPI3_IRQHandler                          0x08000277   Thumb Code     0  startup_stm32f407xx.o(.text)
    TAMP_STAMP_IRQHandler                    0x08000277   Thumb Code     0  startup_stm32f407xx.o(.text)
    TIM1_BRK_TIM9_IRQHandler                 0x08000277   Thumb Code     0  startup_stm32f407xx.o(.text)
    TIM1_CC_IRQHandler                       0x08000277   Thumb Code     0  startup_stm32f407xx.o(.text)
    TIM1_TRG_COM_TIM11_IRQHandler            0x08000277   Thumb Code     0  startup_stm32f407xx.o(.text)
    TIM2_IRQHandler                          0x08000277   Thumb Code     0  startup_stm32f407xx.o(.text)
    TIM3_IRQHandler                          0x08000277   Thumb Code     0  startup_stm32f407xx.o(.text)
    TIM4_IRQHandler                          0x08000277   Thumb Code     0  startup_stm32f407xx.o(.text)
    TIM5_IRQHandler                          0x08000277   Thumb Code     0  startup_stm32f407xx.o(.text)
    TIM6_DAC_IRQHandler                      0x08000277   Thumb Code     0  startup_stm32f407xx.o(.text)
    TIM7_IRQHandler                          0x08000277   Thumb Code     0  startup_stm32f407xx.o(.text)
    TIM8_BRK_TIM12_IRQHandler                0x08000277   Thumb Code     0  startup_stm32f407xx.o(.text)
    TIM8_CC_IRQHandler                       0x08000277   Thumb Code     0  startup_stm32f407xx.o(.text)
    TIM8_TRG_COM_TIM14_IRQHandler            0x08000277   Thumb Code     0  startup_stm32f407xx.o(.text)
    TIM8_UP_TIM13_IRQHandler                 0x08000277   Thumb Code     0  startup_stm32f407xx.o(.text)
    UART4_IRQHandler                         0x08000277   Thumb Code     0  startup_stm32f407xx.o(.text)
    UART5_IRQHandler                         0x08000277   Thumb Code     0  startup_stm32f407xx.o(.text)
    USART1_IRQHandler                        0x08000277   Thumb Code     0  startup_stm32f407xx.o(.text)
    USART2_IRQHandler                        0x08000277   Thumb Code     0  startup_stm32f407xx.o(.text)
    USART6_IRQHandler                        0x08000277   Thumb Code     0  startup_stm32f407xx.o(.text)
    WWDG_IRQHandler                          0x08000277   Thumb Code     0  startup_stm32f407xx.o(.text)
    __aeabi_uldivmod                         0x08000281   Thumb Code    98  uldiv.o(.text)
    __aeabi_memcpy                           0x080002e3   Thumb Code    36  memcpya.o(.text)
    __aeabi_memcpy4                          0x080002e3   Thumb Code     0  memcpya.o(.text)
    __aeabi_memcpy8                          0x080002e3   Thumb Code     0  memcpya.o(.text)
    __aeabi_memset                           0x08000307   Thumb Code    14  memseta.o(.text)
    __aeabi_memset4                          0x08000307   Thumb Code     0  memseta.o(.text)
    __aeabi_memset8                          0x08000307   Thumb Code     0  memseta.o(.text)
    __aeabi_memclr                           0x08000315   Thumb Code     4  memseta.o(.text)
    __aeabi_memclr4                          0x08000315   Thumb Code     0  memseta.o(.text)
    __aeabi_memclr8                          0x08000315   Thumb Code     0  memseta.o(.text)
    memset                                   0x08000319   Thumb Code    18  memseta.o(.text)
    memcmp                                   0x0800032b   Thumb Code    26  memcmp.o(.text)
    __aeabi_uidiv                            0x08000345   Thumb Code     0  uidiv.o(.text)
    __aeabi_uidivmod                         0x08000345   Thumb Code    44  uidiv.o(.text)
    __aeabi_llsl                             0x08000371   Thumb Code    30  llshl.o(.text)
    _ll_shift_l                              0x08000371   Thumb Code     0  llshl.o(.text)
    __aeabi_llsr                             0x0800038f   Thumb Code    32  llushr.o(.text)
    _ll_ushift_r                             0x0800038f   Thumb Code     0  llushr.o(.text)
    __scatterload                            0x080003b1   Thumb Code    28  init.o(.text)
    __scatterload_rt2                        0x080003b1   Thumb Code     0  init.o(.text)
    __decompress                             0x080003d5   Thumb Code     0  __dczerorl.o(.text)
    __decompress0                            0x080003d5   Thumb Code    58  __dczerorl.o(.text)
    BusFault_Handler                         0x0800040f   Thumb Code     2  stm32f4xx_it.o(i.BusFault_Handler)
    DebugMon_Handler                         0x08000411   Thumb Code     2  stm32f4xx_it.o(i.DebugMon_Handler)
    ETH_IRQHandler                           0x08000465   Thumb Code     6  stm32f4xx_it.o(i.ETH_IRQHandler)
    Error_Handler                            0x08000595   Thumb Code     2  main.o(i.Error_Handler)
    HAL_DMA_Abort_IT                         0x08000597   Thumb Code    36  stm32f4xx_hal_dma.o(i.HAL_DMA_Abort_IT)
    HAL_Delay                                0x080005bd   Thumb Code    32  stm32f4xx_hal.o(i.HAL_Delay)
    HAL_ETH_ConfigMAC                        0x080005e1   Thumb Code   300  stm32f4xx_hal_eth.o(i.HAL_ETH_ConfigMAC)
    HAL_ETH_DMARxDescListInit                0x08000711   Thumb Code   116  stm32f4xx_hal_eth.o(i.HAL_ETH_DMARxDescListInit)
    HAL_ETH_DMATxDescListInit                0x08000785   Thumb Code   120  stm32f4xx_hal_eth.o(i.HAL_ETH_DMATxDescListInit)
    HAL_ETH_ErrorCallback                    0x080007fd   Thumb Code     2  stm32f4xx_hal_eth.o(i.HAL_ETH_ErrorCallback)
    HAL_ETH_GetReceivedFrame_IT              0x080007ff   Thumb Code   136  stm32f4xx_hal_eth.o(i.HAL_ETH_GetReceivedFrame_IT)
    HAL_ETH_IRQHandler                       0x08000887   Thumb Code   122  stm32f4xx_hal_eth.o(i.HAL_ETH_IRQHandler)
    HAL_ETH_Init                             0x08000901   Thumb Code   450  stm32f4xx_hal_eth.o(i.HAL_ETH_Init)
    HAL_ETH_MspInit                          0x08000aed   Thumb Code   210  ethernetif.o(i.HAL_ETH_MspInit)
    HAL_ETH_ReadPHYRegister                  0x08000bd5   Thumb Code   132  stm32f4xx_hal_eth.o(i.HAL_ETH_ReadPHYRegister)
    HAL_ETH_RxCpltCallback                   0x08000c59   Thumb Code     8  ethernetif.o(i.HAL_ETH_RxCpltCallback)
    HAL_ETH_Start                            0x08000c65   Thumb Code   132  stm32f4xx_hal_eth.o(i.HAL_ETH_Start)
    HAL_ETH_Stop                             0x08000ce9   Thumb Code   132  stm32f4xx_hal_eth.o(i.HAL_ETH_Stop)
    HAL_ETH_TransmitFrame                    0x08000d6d   Thumb Code   264  stm32f4xx_hal_eth.o(i.HAL_ETH_TransmitFrame)
    HAL_ETH_TxCpltCallback                   0x08000e75   Thumb Code     2  stm32f4xx_hal_eth.o(i.HAL_ETH_TxCpltCallback)
    HAL_ETH_WritePHYRegister                 0x08000e79   Thumb Code   120  stm32f4xx_hal_eth.o(i.HAL_ETH_WritePHYRegister)
    HAL_GPIO_Init                            0x08000ef1   Thumb Code   394  stm32f4xx_hal_gpio.o(i.HAL_GPIO_Init)
    HAL_GPIO_TogglePin                       0x080010a9   Thumb Code    14  stm32f4xx_hal_gpio.o(i.HAL_GPIO_TogglePin)
    HAL_GPIO_WritePin                        0x080010b7   Thumb Code    10  stm32f4xx_hal_gpio.o(i.HAL_GPIO_WritePin)
    HAL_GetTick                              0x080010c1   Thumb Code     6  stm32f4xx_hal.o(i.HAL_GetTick)
    HAL_IncTick                              0x080010cd   Thumb Code    12  stm32f4xx_hal.o(i.HAL_IncTick)
    HAL_Init                                 0x080010dd   Thumb Code    48  stm32f4xx_hal.o(i.HAL_Init)
    HAL_InitTick                             0x08001111   Thumb Code   100  stm32f4xx_hal_timebase_tim.o(i.HAL_InitTick)
    HAL_MspInit                              0x08001185   Thumb Code    52  stm32f4xx_hal_msp.o(i.HAL_MspInit)
    HAL_NVIC_EnableIRQ                       0x080011bd   Thumb Code    26  stm32f4xx_hal_cortex.o(i.HAL_NVIC_EnableIRQ)
    HAL_NVIC_SetPriority                     0x080011d9   Thumb Code    60  stm32f4xx_hal_cortex.o(i.HAL_NVIC_SetPriority)
    HAL_NVIC_SetPriorityGrouping             0x08001219   Thumb Code    26  stm32f4xx_hal_cortex.o(i.HAL_NVIC_SetPriorityGrouping)
    HAL_RCC_ClockConfig                      0x0800123d   Thumb Code   288  stm32f4xx_hal_rcc.o(i.HAL_RCC_ClockConfig)
    HAL_RCC_GetClockConfig                   0x08001371   Thumb Code    54  stm32f4xx_hal_rcc.o(i.HAL_RCC_GetClockConfig)
    HAL_RCC_GetHCLKFreq                      0x080013b1   Thumb Code     6  stm32f4xx_hal_rcc.o(i.HAL_RCC_GetHCLKFreq)
    HAL_RCC_GetPCLK1Freq                     0x080013bd   Thumb Code    20  stm32f4xx_hal_rcc.o(i.HAL_RCC_GetPCLK1Freq)
    HAL_RCC_GetPCLK2Freq                     0x080013dd   Thumb Code    20  stm32f4xx_hal_rcc.o(i.HAL_RCC_GetPCLK2Freq)
    HAL_RCC_GetSysClockFreq                  0x080013fd   Thumb Code    88  stm32f4xx_hal_rcc.o(i.HAL_RCC_GetSysClockFreq)
    HAL_RCC_OscConfig                        0x0800145d   Thumb Code   834  stm32f4xx_hal_rcc.o(i.HAL_RCC_OscConfig)
    HAL_TIMEx_BreakCallback                  0x080017b9   Thumb Code     2  stm32f4xx_hal_tim_ex.o(i.HAL_TIMEx_BreakCallback)
    HAL_TIMEx_CommutCallback                 0x080017bb   Thumb Code     2  stm32f4xx_hal_tim_ex.o(i.HAL_TIMEx_CommutCallback)
    HAL_TIM_Base_Init                        0x080017bd   Thumb Code    54  stm32f4xx_hal_tim.o(i.HAL_TIM_Base_Init)
    HAL_TIM_Base_MspInit                     0x080017f3   Thumb Code     2  stm32f4xx_hal_tim.o(i.HAL_TIM_Base_MspInit)
    HAL_TIM_Base_Start_IT                    0x080017f5   Thumb Code    34  stm32f4xx_hal_tim.o(i.HAL_TIM_Base_Start_IT)
    HAL_TIM_IC_CaptureCallback               0x08001817   Thumb Code     2  stm32f4xx_hal_tim.o(i.HAL_TIM_IC_CaptureCallback)
    HAL_TIM_IRQHandler                       0x08001819   Thumb Code   358  stm32f4xx_hal_tim.o(i.HAL_TIM_IRQHandler)
    HAL_TIM_OC_DelayElapsedCallback          0x0800197f   Thumb Code     2  stm32f4xx_hal_tim.o(i.HAL_TIM_OC_DelayElapsedCallback)
    HAL_TIM_PWM_PulseFinishedCallback        0x08001981   Thumb Code     2  stm32f4xx_hal_tim.o(i.HAL_TIM_PWM_PulseFinishedCallback)
    HAL_TIM_PeriodElapsedCallback            0x08001985   Thumb Code    14  main.o(i.HAL_TIM_PeriodElapsedCallback)
    HAL_TIM_TriggerCallback                  0x08001999   Thumb Code     2  stm32f4xx_hal_tim.o(i.HAL_TIM_TriggerCallback)
    HAL_UART_ErrorCallback                   0x0800199b   Thumb Code     2  stm32f4xx_hal_uart.o(i.HAL_UART_ErrorCallback)
    HAL_UART_IRQHandler                      0x0800199d   Thumb Code   270  stm32f4xx_hal_uart.o(i.HAL_UART_IRQHandler)
    HAL_UART_Init                            0x08001ab1   Thumb Code    98  stm32f4xx_hal_uart.o(i.HAL_UART_Init)
    HAL_UART_MspInit                         0x08001b15   Thumb Code   110  usart.o(i.HAL_UART_MspInit)
    HAL_UART_RxCpltCallback                  0x08001b91   Thumb Code     2  stm32f4xx_hal_uart.o(i.HAL_UART_RxCpltCallback)
    HAL_UART_Transmit                        0x08001b93   Thumb Code   186  stm32f4xx_hal_uart.o(i.HAL_UART_Transmit)
    HAL_UART_TxCpltCallback                  0x08001c4d   Thumb Code     2  stm32f4xx_hal_uart.o(i.HAL_UART_TxCpltCallback)
    HardFault_Handler                        0x08001c4f   Thumb Code     2  stm32f4xx_it.o(i.HardFault_Handler)
    LED_FUNC                                 0x08001c51   Thumb Code    22  freertos.o(i.LED_FUNC)
    MX_FREERTOS_Init                         0x08001c6d   Thumb Code    74  freertos.o(i.MX_FREERTOS_Init)
    MX_GPIO_Init                             0x08001cc1   Thumb Code   216  gpio.o(i.MX_GPIO_Init)
    MX_LWIP_Init                             0x08001da9   Thumb Code   278  lwip.o(i.MX_LWIP_Init)
    MX_USART3_UART_Init                      0x08001ed9   Thumb Code    48  usart.o(i.MX_USART3_UART_Init)
    MemManage_Handler                        0x08001f11   Thumb Code     2  stm32f4xx_it.o(i.MemManage_Handler)
    NET_FUNC                                 0x08001f13   Thumb Code     8  freertos.o(i.NET_FUNC)
    NMI_Handler                              0x08001f1b   Thumb Code     2  stm32f4xx_it.o(i.NMI_Handler)
    SCI_FUNC                                 0x08001f1d   Thumb Code    14  freertos.o(i.SCI_FUNC)
    SysTick_Handler                          0x08001f3d   Thumb Code    38  port.o(i.SysTick_Handler)
    SystemClock_Config                       0x08001f69   Thumb Code   122  main.o(i.SystemClock_Config)
    SystemInit                               0x08001fed   Thumb Code    22  system_stm32f4xx.o(i.SystemInit)
    TIM1_UP_TIM10_IRQHandler                 0x08002009   Thumb Code     6  stm32f4xx_it.o(i.TIM1_UP_TIM10_IRQHandler)
    TIM_Base_SetConfig                       0x08002015   Thumb Code   156  stm32f4xx_hal_tim.o(i.TIM_Base_SetConfig)
    USART3_IRQHandler                        0x08002391   Thumb Code     6  stm32f4xx_it.o(i.USART3_IRQHandler)
    UsageFault_Handler                       0x0800239d   Thumb Code     2  stm32f4xx_it.o(i.UsageFault_Handler)
    __0printf$3                              0x080023a1   Thumb Code    22  printf3.o(i.__0printf$3)
    __1printf$3                              0x080023a1   Thumb Code     0  printf3.o(i.__0printf$3)
    __2printf                                0x080023a1   Thumb Code     0  printf3.o(i.__0printf$3)
    __scatterload_copy                       0x080023e1   Thumb Code    14  handlers.o(i.__scatterload_copy)
    __scatterload_null                       0x080023ef   Thumb Code     2  handlers.o(i.__scatterload_null)
    __scatterload_zeroinit                   0x080023f1   Thumb Code    14  handlers.o(i.__scatterload_zeroinit)
    etharp_cleanup_netif                     0x08002735   Thumb Code    42  etharp.o(i.etharp_cleanup_netif)
    etharp_input                             0x080029e1   Thumb Code   148  etharp.o(i.etharp_input)
    etharp_output                            0x08002ae5   Thumb Code   274  etharp.o(i.etharp_output)
    etharp_query                             0x08002da1   Thumb Code   300  etharp.o(i.etharp_query)
    etharp_request                           0x080030e9   Thumb Code     6  etharp.o(i.etharp_request)
    etharp_tmr                               0x08003115   Thumb Code    92  etharp.o(i.etharp_tmr)
    ethernet_input                           0x08003291   Thumb Code   154  ethernet.o(i.ethernet_input)
    ethernet_output                          0x08003331   Thumb Code    98  ethernet.o(i.ethernet_output)
    ethernetif_init                          0x08003429   Thumb Code    50  ethernetif.o(i.ethernetif_init)
    ethernetif_input                         0x080034b1   Thumb Code    48  ethernetif.o(i.ethernetif_input)
    ethernetif_notify_conn_changed           0x080034e5   Thumb Code     2  ethernetif.o(i.ethernetif_notify_conn_changed)
    ethernetif_set_link                      0x080034e9   Thumb Code    62  ethernetif.o(i.ethernetif_set_link)
    ethernetif_update_config                 0x0800352d   Thumb Code   170  ethernetif.o(i.ethernetif_update_config)
    fputc                                    0x080035dd   Thumb Code    20  usart.o(i.fputc)
    icmp_dest_unreach                        0x080035f5   Thumb Code     8  icmp.o(i.icmp_dest_unreach)
    icmp_input                               0x080035fd   Thumb Code   274  icmp.o(i.icmp_input)
    icmp_time_exceeded                       0x080038ed   Thumb Code     8  icmp.o(i.icmp_time_exceeded)
    ip4_addr_isbroadcast_u32                 0x08003901   Thumb Code    46  ip4_addr.o(i.ip4_addr_isbroadcast_u32)
    ip4_frag                                 0x08003931   Thumb Code   390  ip4_frag.o(i.ip4_frag)
    ip4_input                                0x08003b85   Thumb Code   396  ip4.o(i.ip4_input)
    ip4_output_if                            0x08003d19   Thumb Code    30  ip4.o(i.ip4_output_if)
    ip4_output_if_src                        0x08003d39   Thumb Code   204  ip4.o(i.ip4_output_if_src)
    ip4_reass                                0x08003ea5   Thumb Code   430  ip4_frag.o(i.ip4_reass)
    ip4_route                                0x08004059   Thumb Code    82  ip4.o(i.ip4_route)
    ip_reass_tmr                             0x08004671   Thumb Code    40  ip4_frag.o(i.ip_reass_tmr)
    lwip_htonl                               0x080049b9   Thumb Code     4  def.o(i.lwip_htonl)
    lwip_htons                               0x080049bd   Thumb Code     4  def.o(i.lwip_htons)
    lwip_init                                0x080049c1   Thumb Code    30  init.o(i.lwip_init)
    main                                     0x080049df   Thumb Code    30  main.o(i.main)
    mem_free                                 0x08004a09   Thumb Code   138  mem.o(i.mem_free)
    mem_init                                 0x08004b41   Thumb Code    72  mem.o(i.mem_init)
    mem_malloc                               0x08004c05   Thumb Code   274  mem.o(i.mem_malloc)
    mem_trim                                 0x08004e15   Thumb Code   268  mem.o(i.mem_trim)
    memp_free                                0x08004fb5   Thumb Code    34  memp.o(i.memp_free)
    memp_init                                0x08005051   Thumb Code    26  memp.o(i.memp_init)
    memp_init_pool                           0x08005071   Thumb Code    42  memp.o(i.memp_init_pool)
    memp_malloc                              0x0800509d   Thumb Code    38  memp.o(i.memp_malloc)
    netif_add                                0x08005141   Thumb Code   106  netif.o(i.netif_add)
    netif_init                               0x08005225   Thumb Code     2  netif.o(i.netif_init)
    netif_set_addr                           0x08005241   Thumb Code    72  netif.o(i.netif_set_addr)
    netif_set_default                        0x08005289   Thumb Code     6  netif.o(i.netif_set_default)
    netif_set_down                           0x08005295   Thumb Code    46  netif.o(i.netif_set_down)
    netif_set_gw                             0x080052c3   Thumb Code     8  netif.o(i.netif_set_gw)
    netif_set_ipaddr                         0x080052cd   Thumb Code    62  netif.o(i.netif_set_ipaddr)
    netif_set_link_callback                  0x08005311   Thumb Code     8  netif.o(i.netif_set_link_callback)
    netif_set_link_down                      0x08005319   Thumb Code    26  netif.o(i.netif_set_link_down)
    netif_set_link_up                        0x08005333   Thumb Code    48  netif.o(i.netif_set_link_up)
    netif_set_netmask                        0x08005363   Thumb Code     8  netif.o(i.netif_set_netmask)
    netif_set_up                             0x0800536b   Thumb Code    50  netif.o(i.netif_set_up)
    osDelay                                  0x0800539d   Thumb Code    14  cmsis_os.o(i.osDelay)
    osKernelStart                            0x080053ab   Thumb Code    10  cmsis_os.o(i.osKernelStart)
    osKernelSysTick                          0x080053b5   Thumb Code    24  cmsis_os.o(i.osKernelSysTick)
    osMessageCreate                          0x080053cd   Thumb Code    38  cmsis_os.o(i.osMessageCreate)
    osMessageGet                             0x080053f5   Thumb Code   144  cmsis_os.o(i.osMessageGet)
    osMessagePut                             0x08005489   Thumb Code    86  cmsis_os.o(i.osMessagePut)
    osMutexCreate                            0x080054e5   Thumb Code    16  cmsis_os.o(i.osMutexCreate)
    osMutexRelease                           0x080054f5   Thumb Code    74  cmsis_os.o(i.osMutexRelease)
    osMutexWait                              0x08005545   Thumb Code    96  cmsis_os.o(i.osMutexWait)
    osSemaphoreCreate                        0x080055a9   Thumb Code    62  cmsis_os.o(i.osSemaphoreCreate)
    osSemaphoreRelease                       0x080055e9   Thumb Code    74  cmsis_os.o(i.osSemaphoreRelease)
    osSemaphoreWait                          0x08005639   Thumb Code    96  cmsis_os.o(i.osSemaphoreWait)
    osThreadCreate                           0x0800569d   Thumb Code    84  cmsis_os.o(i.osThreadCreate)
    pbuf_alloc                               0x080056f1   Thumb Code   472  pbuf.o(i.pbuf_alloc)
    pbuf_alloced_custom                      0x08005a61   Thumb Code    98  pbuf.o(i.pbuf_alloced_custom)
    pbuf_cat                                 0x08005b41   Thumb Code    96  pbuf.o(i.pbuf_cat)
    pbuf_clen                                0x08005c71   Thumb Code    18  pbuf.o(i.pbuf_clen)
    pbuf_copy                                0x08005c85   Thumb Code   242  pbuf.o(i.pbuf_copy)
    pbuf_copy_partial                        0x08005e71   Thumb Code   126  pbuf.o(i.pbuf_copy_partial)
    pbuf_free                                0x08005f8d   Thumb Code   190  pbuf.o(i.pbuf_free)
    pbuf_header                              0x08006139   Thumb Code     6  pbuf.o(i.pbuf_header)
    pbuf_header_force                        0x0800613f   Thumb Code     6  pbuf.o(i.pbuf_header_force)
    pbuf_realloc                             0x080062a9   Thumb Code   196  pbuf.o(i.pbuf_realloc)
    pbuf_ref                                 0x08006441   Thumb Code    46  pbuf.o(i.pbuf_ref)
    pvPortMalloc                             0x08006ae5   Thumb Code   210  heap_4.o(i.pvPortMalloc)
    pvTaskIncrementMutexHeldCount            0x08006bbd   Thumb Code    18  tasks.o(i.pvTaskIncrementMutexHeldCount)
    pxPortInitialiseStack                    0x08006bd5   Thumb Code    40  port.o(i.pxPortInitialiseStack)
    sys_arch_mbox_fetch                      0x08006c01   Thumb Code    68  sys_arch.o(i.sys_arch_mbox_fetch)
    sys_arch_protect                         0x08006c45   Thumb Code    18  sys_arch.o(i.sys_arch_protect)
    sys_arch_unprotect                       0x08006c5d   Thumb Code     8  sys_arch.o(i.sys_arch_unprotect)
    sys_init                                 0x08006cc1   Thumb Code    14  sys_arch.o(i.sys_init)
    sys_mbox_new                             0x08006cd9   Thumb Code    40  sys_arch.o(i.sys_mbox_new)
    sys_mbox_post                            0x08006d05   Thumb Code    26  sys_arch.o(i.sys_mbox_post)
    sys_mbox_trypost                         0x08006d1f   Thumb Code    20  sys_arch.o(i.sys_mbox_trypost)
    sys_mbox_valid                           0x08006d33   Thumb Code    10  sys_arch.o(i.sys_mbox_valid)
    sys_mutex_lock                           0x08006d3d   Thumb Code    10  sys_arch.o(i.sys_mutex_lock)
    sys_mutex_new                            0x08006d47   Thumb Code    30  sys_arch.o(i.sys_mutex_new)
    sys_mutex_unlock                         0x08006d65   Thumb Code     6  sys_arch.o(i.sys_mutex_unlock)
    sys_now                                  0x08006d6b   Thumb Code     4  ethernetif.o(i.sys_now)
    sys_thread_new                           0x08006d6f   Thumb Code    48  sys_arch.o(i.sys_thread_new)
    sys_timeout                              0x08006da1   Thumb Code   158  timeouts.o(i.sys_timeout)
    sys_timeouts_init                        0x08006ee1   Thumb Code    38  timeouts.o(i.sys_timeouts_init)
    sys_timeouts_mbox_fetch                  0x08006f15   Thumb Code    66  timeouts.o(i.sys_timeouts_mbox_fetch)
    tcp_abandon                              0x08006f5d   Thumb Code   226  tcp.o(i.tcp_abandon)
    tcp_abort                                0x080070d1   Thumb Code     6  tcp.o(i.tcp_abort)
    tcp_alloc                                0x080070d9   Thumb Code   240  tcp.o(i.tcp_alloc)
    tcp_close                                0x080071d5   Thumb Code    20  tcp.o(i.tcp_close)
    tcp_eff_send_mss_impl                    0x08007555   Thumb Code    34  tcp.o(i.tcp_eff_send_mss_impl)
    tcp_enqueue_flags                        0x08007579   Thumb Code   260  tcp_out.o(i.tcp_enqueue_flags)
    tcp_fasttmr                              0x08007785   Thumb Code   102  tcp.o(i.tcp_fasttmr)
    tcp_init                                 0x08007821   Thumb Code     2  tcp.o(i.tcp_init)
    tcp_input                                0x08007825   Thumb Code  1488  tcp_in.o(i.tcp_input)
    tcp_keepalive                            0x08007e35   Thumb Code    82  tcp_out.o(i.tcp_keepalive)
    tcp_netif_ip_addr_changed                0x08008105   Thumb Code    72  tcp.o(i.tcp_netif_ip_addr_changed)
    tcp_next_iss                             0x08008175   Thumb Code    12  tcp.o(i.tcp_next_iss)
    tcp_output                               0x080081fd   Thumb Code   554  tcp_out.o(i.tcp_output)
    tcp_pcb_purge                            0x080086f1   Thumb Code    66  tcp.o(i.tcp_pcb_purge)
    tcp_pcb_remove                           0x08008735   Thumb Code   140  tcp.o(i.tcp_pcb_remove)
    tcp_process_refused_data                 0x08008ce9   Thumb Code   108  tcp.o(i.tcp_process_refused_data)
    tcp_recv_null                            0x08009773   Thumb Code    36  tcp.o(i.tcp_recv_null)
    tcp_recved                               0x08009799   Thumb Code   106  tcp.o(i.tcp_recved)
    tcp_rexmit                               0x080098a9   Thumb Code    86  tcp_out.o(i.tcp_rexmit)
    tcp_rexmit_fast                          0x080098ff   Thumb Code    88  tcp_out.o(i.tcp_rexmit_fast)
    tcp_rexmit_rto                           0x08009957   Thumb Code    50  tcp_out.o(i.tcp_rexmit_rto)
    tcp_rst                                  0x08009989   Thumb Code   148  tcp_out.o(i.tcp_rst)
    tcp_seg_copy                             0x08009aa9   Thumb Code    40  tcp.o(i.tcp_seg_copy)
    tcp_seg_free                             0x08009ad1   Thumb Code    28  tcp.o(i.tcp_seg_free)
    tcp_segs_free                            0x08009aed   Thumb Code    18  tcp.o(i.tcp_segs_free)
    tcp_send_empty_ack                       0x08009aff   Thumb Code   114  tcp_out.o(i.tcp_send_empty_ack)
    tcp_send_fin                             0x08009b71   Thumb Code    68  tcp_out.o(i.tcp_send_fin)
    tcp_slowtmr                              0x08009bb5   Thumb Code   784  tcp.o(i.tcp_slowtmr)
    tcp_timer_needed                         0x0800a08d   Thumb Code    36  timeouts.o(i.tcp_timer_needed)
    tcp_tmr                                  0x0800a129   Thumb Code    28  tcp.o(i.tcp_tmr)
    tcp_trigger_input_pcb_close              0x0800a149   Thumb Code    12  tcp_in.o(i.tcp_trigger_input_pcb_close)
    tcp_update_rcv_ann_wnd                   0x0800a159   Thumb Code    76  tcp.o(i.tcp_update_rcv_ann_wnd)
    tcp_zero_window_probe                    0x0800a219   Thumb Code   180  tcp_out.o(i.tcp_zero_window_probe)
    tcpip_callback_with_block                0x0800a2cd   Thumb Code    94  tcpip.o(i.tcpip_callback_with_block)
    tcpip_init                               0x0800a399   Thumb Code    88  tcpip.o(i.tcpip_init)
    tcpip_inpkt                              0x0800a4a9   Thumb Code    82  tcpip.o(i.tcpip_inpkt)
    tcpip_input                              0x0800a569   Thumb Code    20  tcpip.o(i.tcpip_input)
    uxListRemove                             0x0800a6b5   Thumb Code    38  list.o(i.uxListRemove)
    vApplicationGetIdleTaskMemory            0x0800a6dd   Thumb Code    16  freertos.o(i.vApplicationGetIdleTaskMemory)
    vListInitialise                          0x0800a6f1   Thumb Code    22  list.o(i.vListInitialise)
    vListInitialiseItem                      0x0800a707   Thumb Code     6  list.o(i.vListInitialiseItem)
    vListInsert                              0x0800a70d   Thumb Code    48  list.o(i.vListInsert)
    vListInsertEnd                           0x0800a73d   Thumb Code    24  list.o(i.vListInsertEnd)
    vPortEnterCritical                       0x0800a755   Thumb Code    54  port.o(i.vPortEnterCritical)
    vPortExitCritical                        0x0800a795   Thumb Code    34  port.o(i.vPortExitCritical)
    vPortFree                                0x0800a7bd   Thumb Code    88  heap_4.o(i.vPortFree)
    vPortSetupTimerInterrupt                 0x0800a819   Thumb Code    32  port.o(i.vPortSetupTimerInterrupt)
    vPortValidateInterruptPriority           0x0800a83d   Thumb Code    74  port.o(i.vPortValidateInterruptPriority)
    vTaskDelay                               0x0800a891   Thumb Code    66  tasks.o(i.vTaskDelay)
    vTaskInternalSetTimeOutState             0x0800a8dd   Thumb Code    12  tasks.o(i.vTaskInternalSetTimeOutState)
    vTaskMissedYield                         0x0800a8ed   Thumb Code     8  tasks.o(i.vTaskMissedYield)
    vTaskPlaceOnEventList                    0x0800a8f9   Thumb Code    44  tasks.o(i.vTaskPlaceOnEventList)
    vTaskPriorityDisinheritAfterTimeout      0x0800a929   Thumb Code   160  tasks.o(i.vTaskPriorityDisinheritAfterTimeout)
    vTaskStartScheduler                      0x0800a9d1   Thumb Code    90  tasks.o(i.vTaskStartScheduler)
    vTaskSuspendAll                          0x0800aa3d   Thumb Code    10  tasks.o(i.vTaskSuspendAll)
    vTaskSwitchContext                       0x0800aa4d   Thumb Code    82  tasks.o(i.vTaskSwitchContext)
    xPortStartScheduler                      0x0800aaa9   Thumb Code   222  port.o(i.xPortStartScheduler)
    xQueueCreateMutex                        0x0800ab9d   Thumb Code    22  queue.o(i.xQueueCreateMutex)
    xQueueCreateMutexStatic                  0x0800abb3   Thumb Code    26  queue.o(i.xQueueCreateMutexStatic)
    xQueueGenericCreate                      0x0800abcd   Thumb Code    72  queue.o(i.xQueueGenericCreate)
    xQueueGenericCreateStatic                0x0800ac15   Thumb Code   102  queue.o(i.xQueueGenericCreateStatic)
    xQueueGenericReset                       0x0800ac7d   Thumb Code   132  queue.o(i.xQueueGenericReset)
    xQueueGenericSend                        0x0800ad05   Thumb Code   346  queue.o(i.xQueueGenericSend)
    xQueueGenericSendFromISR                 0x0800ae65   Thumb Code   188  queue.o(i.xQueueGenericSendFromISR)
    xQueueGiveFromISR                        0x0800af21   Thumb Code   156  queue.o(i.xQueueGiveFromISR)
    xQueueReceive                            0x0800afbd   Thumb Code   308  queue.o(i.xQueueReceive)
    xQueueReceiveFromISR                     0x0800b0f5   Thumb Code   154  queue.o(i.xQueueReceiveFromISR)
    xQueueSemaphoreTake                      0x0800b191   Thumb Code   372  queue.o(i.xQueueSemaphoreTake)
    xTaskCheckForTimeOut                     0x0800b309   Thumb Code   112  tasks.o(i.xTaskCheckForTimeOut)
    xTaskCreate                              0x0800b37d   Thumb Code    90  tasks.o(i.xTaskCreate)
    xTaskCreateStatic                        0x0800b3d7   Thumb Code    86  tasks.o(i.xTaskCreateStatic)
    xTaskGetSchedulerState                   0x0800b42d   Thumb Code    22  tasks.o(i.xTaskGetSchedulerState)
    xTaskGetTickCount                        0x0800b449   Thumb Code     6  tasks.o(i.xTaskGetTickCount)
    xTaskGetTickCountFromISR                 0x0800b455   Thumb Code    12  tasks.o(i.xTaskGetTickCountFromISR)
    xTaskIncrementTick                       0x0800b465   Thumb Code   192  tasks.o(i.xTaskIncrementTick)
    xTaskPriorityDisinherit                  0x0800b52d   Thumb Code   144  tasks.o(i.xTaskPriorityDisinherit)
    xTaskPriorityInherit                     0x0800b5c5   Thumb Code   138  tasks.o(i.xTaskPriorityInherit)
    xTaskRemoveFromEventList                 0x0800b659   Thumb Code   106  tasks.o(i.xTaskRemoveFromEventList)
    xTaskResumeAll                           0x0800b6d1   Thumb Code   182  tasks.o(i.xTaskResumeAll)
    AHBPrescTable                            0x0800b820   Data          16  system_stm32f4xx.o(.constdata)
    APBPrescTable                            0x0800b830   Data           8  system_stm32f4xx.o(.constdata)
    ethbroadcast                             0x0800b838   Data           6  ethernet.o(.constdata)
    ethzero                                  0x0800b83e   Data           6  ethernet.o(.constdata)
    memp_TCP_PCB                             0x0800b844   Data          12  memp.o(.constdata)
    memp_TCP_PCB_LISTEN                      0x0800b850   Data          12  memp.o(.constdata)
    memp_TCP_SEG                             0x0800b85c   Data          12  memp.o(.constdata)
    memp_REASSDATA                           0x0800b868   Data          12  memp.o(.constdata)
    memp_FRAG_PBUF                           0x0800b874   Data          12  memp.o(.constdata)
    memp_NETBUF                              0x0800b880   Data          12  memp.o(.constdata)
    memp_NETCONN                             0x0800b88c   Data          12  memp.o(.constdata)
    memp_TCPIP_MSG_API                       0x0800b898   Data          12  memp.o(.constdata)
    memp_TCPIP_MSG_INPKT                     0x0800b8a4   Data          12  memp.o(.constdata)
    memp_SYS_TIMEOUT                         0x0800b8b0   Data          12  memp.o(.constdata)
    memp_PBUF                                0x0800b8bc   Data          12  memp.o(.constdata)
    memp_PBUF_POOL                           0x0800b8c8   Data          12  memp.o(.constdata)
    memp_pools                               0x0800b8d4   Data          48  memp.o(.constdata)
    tcp_pcb_lists                            0x0800b948   Data          16  tcp.o(.constdata)
    lwip_cyclic_timers                       0x0800b958   Data          24  timeouts.o(.constdata)
    ip_addr_any                              0x0800b970   Data           4  ip4_addr.o(.constdata)
    os_mutex_def_lwip_sys_mutex              0x0800b974   Data           8  sys_arch.o(.constdata)
    Region$$Table$$Base                      0x0800babc   Number         0  anon$$obj.o(Region$$Table)
    Region$$Table$$Limit                     0x0800badc   Number         0  anon$$obj.o(Region$$Table)
    SCIHandle                                0x20000000   Data           4  freertos.o(.data)
    NETHandle                                0x20000004   Data           4  freertos.o(.data)
    LEDHandle                                0x20000008   Data           4  freertos.o(.data)
    Netif_LinkSemaphore                      0x2000000c   Data           4  lwip.o(.data)
    ipaddr                                   0x20000010   Data           4  lwip.o(.data)
    netmask                                  0x20000014   Data           4  lwip.o(.data)
    gw                                       0x20000018   Data           4  lwip.o(.data)
    IP_ADDRESS                               0x2000001c   Data           4  lwip.o(.data)
    NETMASK_ADDRESS                          0x20000020   Data           4  lwip.o(.data)
    GATEWAY_ADDRESS                          0x20000024   Data           4  lwip.o(.data)
    link_arg                                 0x20000028   Data           8  lwip.o(.data)
    s_xSemaphore                             0x20000030   Data           4  ethernetif.o(.data)
    uwTickFreq                               0x20000034   Data           1  stm32f4xx_hal.o(.data)
    uwTickPrio                               0x20000038   Data           4  stm32f4xx_hal.o(.data)
    uwTick                                   0x2000003c   Data           4  stm32f4xx_hal.o(.data)
    SystemCoreClock                          0x20000040   Data           4  system_stm32f4xx.o(.data)
    pxCurrentTCB                             0x20000044   Data           4  tasks.o(.data)
    lock_tcpip_core                          0x200000b0   Data           4  tcpip.o(.data)
    netif_list                               0x200000f8   Data           4  netif.o(.data)
    netif_default                            0x200000fc   Data           4  netif.o(.data)
    pbuf_free_ooseq_pending                  0x20000100   Data           1  pbuf.o(.data)
    tcp_active_pcbs_changed                  0x20000104   Data           1  tcp.o(.data)
    tcp_ticks                                0x20000110   Data           4  tcp.o(.data)
    tcp_bound_pcbs                           0x20000114   Data           4  tcp.o(.data)
    tcp_listen_pcbs                          0x20000118   Data           4  tcp.o(.data)
    tcp_active_pcbs                          0x2000011c   Data           4  tcp.o(.data)
    tcp_tw_pcbs                              0x20000120   Data           4  tcp.o(.data)
    tcp_input_pcb                            0x20000144   Data           4  tcp_in.o(.data)
    lwip_sys_mutex                           0x20000160   Data           4  sys_arch.o(.data)
    __stdout                                 0x20000164   Data           4  stdout.o(.data)
    gnetif                                   0x200003bc   Data          56  lwip.o(.bss)
    DMARxDscrTab                             0x200003f4   Data         128  ethernetif.o(.bss)
    DMATxDscrTab                             0x20000474   Data         128  ethernetif.o(.bss)
    Rx_Buff                                  0x200004f4   Data        6096  ethernetif.o(.bss)
    Tx_Buff                                  0x20001cc4   Data        6096  ethernetif.o(.bss)
    heth                                     0x20003494   Data          72  ethernetif.o(.bss)
    huart3                                   0x200034dc   Data          64  usart.o(.bss)
    htim1                                    0x2000351c   Data          64  stm32f4xx_hal_timebase_tim.o(.bss)
    ip_data                                  0x2000f6b0   Data          24  ip.o(.bss)
    ram_heap                                 0x2000f6c8   Data        1619  mem.o(.bss)
    memp_memory_TCP_PCB_base                 0x2000fd1b   Data         763  memp.o(.bss)
    memp_memory_TCP_PCB_LISTEN_base          0x20010016   Data         227  memp.o(.bss)
    memp_memory_TCP_SEG_base                 0x200100f9   Data         259  memp.o(.bss)
    memp_memory_REASSDATA_base               0x200101fc   Data         163  memp.o(.bss)
    memp_memory_FRAG_PBUF_base               0x2001029f   Data         363  memp.o(.bss)
    memp_memory_NETBUF_base                  0x2001040a   Data          35  memp.o(.bss)
    memp_memory_NETCONN_base                 0x2001042d   Data         179  memp.o(.bss)
    memp_memory_TCPIP_MSG_API_base           0x200104e0   Data         131  memp.o(.bss)
    memp_memory_TCPIP_MSG_INPKT_base         0x20010563   Data         131  memp.o(.bss)
    memp_memory_SYS_TIMEOUT_base             0x200105e6   Data          51  memp.o(.bss)
    memp_memory_PBUF_base                    0x20010619   Data         259  memp.o(.bss)
    memp_memory_PBUF_POOL_base               0x2001071c   Data        9731  memp.o(.bss)
    __initial_sp                             0x20016e20   Data           0  startup_stm32f407xx.o(STACK)



==============================================================================

Memory Map of the image

  Image Entry point : 0x08000189

  Load Region LR_IROM1 (Base: 0x08000000, Size: 0x0000bc44, Max: 0x00100000, ABSOLUTE, COMPRESSED[0x0000baf4])

    Execution Region ER_IROM1 (Base: 0x08000000, Size: 0x0000badc, Max: 0x00100000, ABSOLUTE)

    Base Addr    Size         Type   Attr      Idx    E Section Name        Object

    0x08000000   0x00000188   Data   RO            3    RESET               startup_stm32f407xx.o
    0x08000188   0x00000000   Code   RO         8410  * .ARM.Collect$$$$00000000  mc_w.l(entry.o)
    0x08000188   0x00000004   Code   RO         8690    .ARM.Collect$$$$00000001  mc_w.l(entry2.o)
    0x0800018c   0x00000004   Code   RO         8693    .ARM.Collect$$$$00000004  mc_w.l(entry5.o)
    0x08000190   0x00000000   Code   RO         8695    .ARM.Collect$$$$00000008  mc_w.l(entry7b.o)
    0x08000190   0x00000000   Code   RO         8697    .ARM.Collect$$$$0000000A  mc_w.l(entry8b.o)
    0x08000190   0x00000008   Code   RO         8698    .ARM.Collect$$$$0000000B  mc_w.l(entry9a.o)
    0x08000198   0x00000000   Code   RO         8700    .ARM.Collect$$$$0000000D  mc_w.l(entry10a.o)
    0x08000198   0x00000000   Code   RO         8702    .ARM.Collect$$$$0000000F  mc_w.l(entry11a.o)
    0x08000198   0x00000004   Code   RO         8691    .ARM.Collect$$$$00002712  mc_w.l(entry2.o)
    0x0800019c   0x000000be   Code   RO         4570    .emb_text           port.o
    0x0800025a   0x00000002   PAD
    0x0800025c   0x00000024   Code   RO            4    .text               startup_stm32f407xx.o
    0x08000280   0x00000062   Code   RO         8413    .text               mc_w.l(uldiv.o)
    0x080002e2   0x00000024   Code   RO         8415    .text               mc_w.l(memcpya.o)
    0x08000306   0x00000024   Code   RO         8419    .text               mc_w.l(memseta.o)
    0x0800032a   0x0000001a   Code   RO         8423    .text               mc_w.l(memcmp.o)
    0x08000344   0x0000002c   Code   RO         8705    .text               mc_w.l(uidiv.o)
    0x08000370   0x0000001e   Code   RO         8707    .text               mc_w.l(llshl.o)
    0x0800038e   0x00000020   Code   RO         8709    .text               mc_w.l(llushr.o)
    0x080003ae   0x00000002   PAD
    0x080003b0   0x00000024   Code   RO         8722    .text               mc_w.l(init.o)
    0x080003d4   0x0000003a   Code   RO         8736    .text               mc_w.l(__dczerorl.o)
    0x0800040e   0x00000002   Code   RO          667    i.BusFault_Handler  stm32f4xx_it.o
    0x08000410   0x00000002   Code   RO          668    i.DebugMon_Handler  stm32f4xx_it.o
    0x08000412   0x00000002   PAD
    0x08000414   0x00000020   Code   RO          806    i.ETH_Delay         stm32f4xx_hal_eth.o
    0x08000434   0x0000002e   Code   RO          807    i.ETH_FlushTransmitFIFO  stm32f4xx_hal_eth.o
    0x08000462   0x00000002   PAD
    0x08000464   0x0000000c   Code   RO          669    i.ETH_IRQHandler    stm32f4xx_it.o
    0x08000470   0x00000124   Code   RO          808    i.ETH_MACDMAConfig  stm32f4xx_hal_eth.o
    0x08000594   0x00000002   Code   RO           13    i.Error_Handler     main.o
    0x08000596   0x00000024   Code   RO         2676    i.HAL_DMA_Abort_IT  stm32f4xx_hal_dma.o
    0x080005ba   0x00000002   PAD
    0x080005bc   0x00000024   Code   RO         3094    i.HAL_Delay         stm32f4xx_hal.o
    0x080005e0   0x00000130   Code   RO          810    i.HAL_ETH_ConfigMAC  stm32f4xx_hal_eth.o
    0x08000710   0x00000074   Code   RO          811    i.HAL_ETH_DMARxDescListInit  stm32f4xx_hal_eth.o
    0x08000784   0x00000078   Code   RO          812    i.HAL_ETH_DMATxDescListInit  stm32f4xx_hal_eth.o
    0x080007fc   0x00000002   Code   RO          814    i.HAL_ETH_ErrorCallback  stm32f4xx_hal_eth.o
    0x080007fe   0x00000088   Code   RO          816    i.HAL_ETH_GetReceivedFrame_IT  stm32f4xx_hal_eth.o
    0x08000886   0x0000007a   Code   RO          818    i.HAL_ETH_IRQHandler  stm32f4xx_hal_eth.o
    0x08000900   0x000001ec   Code   RO          819    i.HAL_ETH_Init      stm32f4xx_hal_eth.o
    0x08000aec   0x000000e8   Code   RO          483    i.HAL_ETH_MspInit   ethernetif.o
    0x08000bd4   0x00000084   Code   RO          822    i.HAL_ETH_ReadPHYRegister  stm32f4xx_hal_eth.o
    0x08000c58   0x0000000c   Code   RO          484    i.HAL_ETH_RxCpltCallback  ethernetif.o
    0x08000c64   0x00000084   Code   RO          824    i.HAL_ETH_Start     stm32f4xx_hal_eth.o
    0x08000ce8   0x00000084   Code   RO          825    i.HAL_ETH_Stop      stm32f4xx_hal_eth.o
    0x08000d6c   0x00000108   Code   RO          826    i.HAL_ETH_TransmitFrame  stm32f4xx_hal_eth.o
    0x08000e74   0x00000002   Code   RO          827    i.HAL_ETH_TxCpltCallback  stm32f4xx_hal_eth.o
    0x08000e76   0x00000002   PAD
    0x08000e78   0x00000078   Code   RO          828    i.HAL_ETH_WritePHYRegister  stm32f4xx_hal_eth.o
    0x08000ef0   0x000001b8   Code   RO         2568    i.HAL_GPIO_Init     stm32f4xx_hal_gpio.o
    0x080010a8   0x0000000e   Code   RO         2571    i.HAL_GPIO_TogglePin  stm32f4xx_hal_gpio.o
    0x080010b6   0x0000000a   Code   RO         2572    i.HAL_GPIO_WritePin  stm32f4xx_hal_gpio.o
    0x080010c0   0x0000000c   Code   RO         3100    i.HAL_GetTick       stm32f4xx_hal.o
    0x080010cc   0x00000010   Code   RO         3106    i.HAL_IncTick       stm32f4xx_hal.o
    0x080010dc   0x00000034   Code   RO         3107    i.HAL_Init          stm32f4xx_hal.o
    0x08001110   0x00000074   Code   RO          767    i.HAL_InitTick      stm32f4xx_hal_timebase_tim.o
    0x08001184   0x00000038   Code   RO          743    i.HAL_MspInit       stm32f4xx_hal_msp.o
    0x080011bc   0x0000001a   Code   RO         2957    i.HAL_NVIC_EnableIRQ  stm32f4xx_hal_cortex.o
    0x080011d6   0x00000002   PAD
    0x080011d8   0x00000040   Code   RO         2963    i.HAL_NVIC_SetPriority  stm32f4xx_hal_cortex.o
    0x08001218   0x00000024   Code   RO         2964    i.HAL_NVIC_SetPriorityGrouping  stm32f4xx_hal_cortex.o
    0x0800123c   0x00000134   Code   RO         2214    i.HAL_RCC_ClockConfig  stm32f4xx_hal_rcc.o
    0x08001370   0x00000040   Code   RO         2218    i.HAL_RCC_GetClockConfig  stm32f4xx_hal_rcc.o
    0x080013b0   0x0000000c   Code   RO         2219    i.HAL_RCC_GetHCLKFreq  stm32f4xx_hal_rcc.o
    0x080013bc   0x00000020   Code   RO         2221    i.HAL_RCC_GetPCLK1Freq  stm32f4xx_hal_rcc.o
    0x080013dc   0x00000020   Code   RO         2222    i.HAL_RCC_GetPCLK2Freq  stm32f4xx_hal_rcc.o
    0x080013fc   0x00000060   Code   RO         2223    i.HAL_RCC_GetSysClockFreq  stm32f4xx_hal_rcc.o
    0x0800145c   0x0000035c   Code   RO         2226    i.HAL_RCC_OscConfig  stm32f4xx_hal_rcc.o
    0x080017b8   0x00000002   Code   RO         1636    i.HAL_TIMEx_BreakCallback  stm32f4xx_hal_tim_ex.o
    0x080017ba   0x00000002   Code   RO         1637    i.HAL_TIMEx_CommutCallback  stm32f4xx_hal_tim_ex.o
    0x080017bc   0x00000036   Code   RO          961    i.HAL_TIM_Base_Init  stm32f4xx_hal_tim.o
    0x080017f2   0x00000002   Code   RO          963    i.HAL_TIM_Base_MspInit  stm32f4xx_hal_tim.o
    0x080017f4   0x00000022   Code   RO          966    i.HAL_TIM_Base_Start_IT  stm32f4xx_hal_tim.o
    0x08001816   0x00000002   Code   RO          990    i.HAL_TIM_IC_CaptureCallback  stm32f4xx_hal_tim.o
    0x08001818   0x00000166   Code   RO         1004    i.HAL_TIM_IRQHandler  stm32f4xx_hal_tim.o
    0x0800197e   0x00000002   Code   RO         1007    i.HAL_TIM_OC_DelayElapsedCallback  stm32f4xx_hal_tim.o
    0x08001980   0x00000002   Code   RO         1034    i.HAL_TIM_PWM_PulseFinishedCallback  stm32f4xx_hal_tim.o
    0x08001982   0x00000002   PAD
    0x08001984   0x00000014   Code   RO           14    i.HAL_TIM_PeriodElapsedCallback  main.o
    0x08001998   0x00000002   Code   RO         1047    i.HAL_TIM_TriggerCallback  stm32f4xx_hal_tim.o
    0x0800199a   0x00000002   Code   RO         1908    i.HAL_UART_ErrorCallback  stm32f4xx_hal_uart.o
    0x0800199c   0x00000114   Code   RO         1911    i.HAL_UART_IRQHandler  stm32f4xx_hal_uart.o
    0x08001ab0   0x00000062   Code   RO         1912    i.HAL_UART_Init     stm32f4xx_hal_uart.o
    0x08001b12   0x00000002   PAD
    0x08001b14   0x0000007c   Code   RO          614    i.HAL_UART_MspInit  usart.o
    0x08001b90   0x00000002   Code   RO         1918    i.HAL_UART_RxCpltCallback  stm32f4xx_hal_uart.o
    0x08001b92   0x000000ba   Code   RO         1920    i.HAL_UART_Transmit  stm32f4xx_hal_uart.o
    0x08001c4c   0x00000002   Code   RO         1923    i.HAL_UART_TxCpltCallback  stm32f4xx_hal_uart.o
    0x08001c4e   0x00000002   Code   RO          670    i.HardFault_Handler  stm32f4xx_it.o
    0x08001c50   0x0000001c   Code   RO          344    i.LED_FUNC          freertos.o
    0x08001c6c   0x00000054   Code   RO          345    i.MX_FREERTOS_Init  freertos.o
    0x08001cc0   0x000000e8   Code   RO          320    i.MX_GPIO_Init      gpio.o
    0x08001da8   0x00000130   Code   RO          409    i.MX_LWIP_Init      lwip.o
    0x08001ed8   0x00000038   Code   RO          615    i.MX_USART3_UART_Init  usart.o
    0x08001f10   0x00000002   Code   RO          671    i.MemManage_Handler  stm32f4xx_it.o
    0x08001f12   0x00000008   Code   RO          346    i.NET_FUNC          freertos.o
    0x08001f1a   0x00000002   Code   RO          672    i.NMI_Handler       stm32f4xx_it.o
    0x08001f1c   0x00000020   Code   RO          347    i.SCI_FUNC          freertos.o
    0x08001f3c   0x0000002c   Code   RO         4571    i.SysTick_Handler   port.o
    0x08001f68   0x00000084   Code   RO           15    i.SystemClock_Config  main.o
    0x08001fec   0x0000001c   Code   RO         3346    i.SystemInit        system_stm32f4xx.o
    0x08002008   0x0000000c   Code   RO          673    i.TIM1_UP_TIM10_IRQHandler  stm32f4xx_it.o
    0x08002014   0x000000c8   Code   RO         1049    i.TIM_Base_SetConfig  stm32f4xx_hal_tim.o
    0x080020dc   0x00000010   Code   RO         1925    i.UART_DMAAbortOnError  stm32f4xx_hal_uart.o
    0x080020ec   0x0000001c   Code   RO         1935    i.UART_EndRxTransfer  stm32f4xx_hal_uart.o
    0x08002108   0x00000096   Code   RO         1937    i.UART_Receive_IT   stm32f4xx_hal_uart.o
    0x0800219e   0x00000002   PAD
    0x080021a0   0x00000128   Code   RO         1938    i.UART_SetConfig    stm32f4xx_hal_uart.o
    0x080022c8   0x00000062   Code   RO         1939    i.UART_Transmit_IT  stm32f4xx_hal_uart.o
    0x0800232a   0x00000064   Code   RO         1940    i.UART_WaitOnFlagUntilTimeout  stm32f4xx_hal_uart.o
    0x0800238e   0x00000002   PAD
    0x08002390   0x0000000c   Code   RO          674    i.USART3_IRQHandler  stm32f4xx_it.o
    0x0800239c   0x00000002   Code   RO          675    i.UsageFault_Handler  stm32f4xx_it.o
    0x0800239e   0x00000002   PAD
    0x080023a0   0x00000020   Code   RO         8518    i.__0printf$3       mc_w.l(printf3.o)
    0x080023c0   0x00000020   Code   RO         2970    i.__NVIC_SetPriority  stm32f4xx_hal_cortex.o
    0x080023e0   0x0000000e   Code   RO         8730    i.__scatterload_copy  mc_w.l(handlers.o)
    0x080023ee   0x00000002   Code   RO         8731    i.__scatterload_null  mc_w.l(handlers.o)
    0x080023f0   0x0000000e   Code   RO         8732    i.__scatterload_zeroinit  mc_w.l(handlers.o)
    0x080023fe   0x00000002   PAD
    0x08002400   0x000001b8   Code   RO         8525    i._printf_core      mc_w.l(printf3.o)
    0x080025b8   0x0000001c   Code   RO         7379    i.cyclic_timer      timeouts.o
    0x080025d4   0x000000a8   Code   RO         6384    i.do_memp_free_pool  memp.o
    0x0800267c   0x000000b8   Code   RO         6385    i.do_memp_malloc_pool  memp.o
    0x08002734   0x00000030   Code   RO         7512    i.etharp_cleanup_netif  etharp.o
    0x08002764   0x00000258   Code   RO         7514    i.etharp_find_entry  etharp.o
    0x080029bc   0x00000024   Code   RO         7515    i.etharp_free_entry  etharp.o
    0x080029e0   0x00000104   Code   RO         7517    i.etharp_input      etharp.o
    0x08002ae4   0x000001ac   Code   RO         7518    i.etharp_output     etharp.o
    0x08002c90   0x00000110   Code   RO         7519    i.etharp_output_to_arp_index  etharp.o
    0x08002da0   0x000001d8   Code   RO         7520    i.etharp_query      etharp.o
    0x08002f78   0x00000170   Code   RO         7521    i.etharp_raw        etharp.o
    0x080030e8   0x0000000c   Code   RO         7522    i.etharp_request    etharp.o
    0x080030f4   0x00000020   Code   RO         7523    i.etharp_request_dst  etharp.o
    0x08003114   0x00000060   Code   RO         7524    i.etharp_tmr        etharp.o
    0x08003174   0x0000011c   Code   RO         7525    i.etharp_update_arp_entry  etharp.o
    0x08003290   0x000000a0   Code   RO         5088    i.ethernet_input    ethernet.o
    0x08003330   0x000000f8   Code   RO         5089    i.ethernet_output   ethernet.o
    0x08003428   0x00000088   Code   RO          485    i.ethernetif_init   ethernetif.o
    0x080034b0   0x00000034   Code   RO          486    i.ethernetif_input  ethernetif.o
    0x080034e4   0x00000002   Code   RO          487    i.ethernetif_notify_conn_changed  ethernetif.o
    0x080034e6   0x00000002   PAD
    0x080034e8   0x00000044   Code   RO          488    i.ethernetif_set_link  ethernetif.o
    0x0800352c   0x000000b0   Code   RO          489    i.ethernetif_update_config  ethernetif.o
    0x080035dc   0x00000018   Code   RO          617    i.fputc             usart.o
    0x080035f4   0x00000008   Code   RO         7612    i.icmp_dest_unreach  icmp.o
    0x080035fc   0x000001e4   Code   RO         7613    i.icmp_input        icmp.o
    0x080037e0   0x0000010c   Code   RO         7614    i.icmp_send_response  icmp.o
    0x080038ec   0x00000008   Code   RO         7615    i.icmp_time_exceeded  icmp.o
    0x080038f4   0x0000000c   Code   RO         4140    i.inHandlerMode     cmsis_os.o
    0x08003900   0x0000002e   Code   RO         7727    i.ip4_addr_isbroadcast_u32  ip4_addr.o
    0x0800392e   0x00000002   PAD
    0x08003930   0x00000254   Code   RO         7793    i.ip4_frag          ip4_frag.o
    0x08003b84   0x00000194   Code   RO         7674    i.ip4_input         ip4.o
    0x08003d18   0x0000001e   Code   RO         7676    i.ip4_output_if     ip4.o
    0x08003d36   0x00000002   PAD
    0x08003d38   0x0000016c   Code   RO         7677    i.ip4_output_if_src  ip4.o
    0x08003ea4   0x000001b4   Code   RO         7794    i.ip4_reass         ip4_frag.o
    0x08004058   0x0000005c   Code   RO         7678    i.ip4_route         ip4.o
    0x080040b4   0x00000090   Code   RO         7795    i.ip_frag_free_pbuf_custom_ref  ip4_frag.o
    0x08004144   0x00000260   Code   RO         7796    i.ip_reass_chain_frag_into_datagram_and_validate  ip4_frag.o
    0x080043a4   0x000000bc   Code   RO         7797    i.ip_reass_dequeue_datagram  ip4_frag.o
    0x08004460   0x00000190   Code   RO         7798    i.ip_reass_free_complete_datagram  ip4_frag.o
    0x080045f0   0x00000080   Code   RO         7799    i.ip_reass_remove_oldest_datagram  ip4_frag.o
    0x08004670   0x0000002c   Code   RO         7800    i.ip_reass_tmr      ip4_frag.o
    0x0800469c   0x00000098   Code   RO         7801    i.ipfrag_free_pbuf_custom  ip4_frag.o
    0x08004734   0x00000120   Code   RO          490    i.low_level_init    ethernetif.o
    0x08004854   0x000000bc   Code   RO          491    i.low_level_input   ethernetif.o
    0x08004910   0x000000a8   Code   RO          492    i.low_level_output  ethernetif.o
    0x080049b8   0x00000004   Code   RO         6098    i.lwip_htonl        def.o
    0x080049bc   0x00000004   Code   RO         6099    i.lwip_htons        def.o
    0x080049c0   0x0000001e   Code   RO         6244    i.lwip_init         init.o
    0x080049de   0x0000001e   Code   RO           16    i.main              main.o
    0x080049fc   0x0000000c   Code   RO         4142    i.makeFreeRtosPriority  cmsis_os.o
    0x08004a08   0x00000138   Code   RO         6318    i.mem_free          mem.o
    0x08004b40   0x000000c4   Code   RO         6319    i.mem_init          mem.o
    0x08004c04   0x00000210   Code   RO         6320    i.mem_malloc        mem.o
    0x08004e14   0x000001a0   Code   RO         6321    i.mem_trim          mem.o
    0x08004fb4   0x0000009c   Code   RO         6386    i.memp_free         memp.o
    0x08005050   0x00000020   Code   RO         6388    i.memp_init         memp.o
    0x08005070   0x0000002a   Code   RO         6389    i.memp_init_pool    memp.o
    0x0800509a   0x00000002   PAD
    0x0800509c   0x000000a4   Code   RO         6390    i.memp_malloc       memp.o
    0x08005140   0x000000e4   Code   RO         6532    i.netif_add         netif.o
    0x08005224   0x00000002   Code   RO         6534    i.netif_init        netif.o
    0x08005226   0x0000001a   Code   RO         6536    i.netif_issue_reports  netif.o
    0x08005240   0x00000048   Code   RO         6538    i.netif_set_addr    netif.o
    0x08005288   0x0000000c   Code   RO         6539    i.netif_set_default  netif.o
    0x08005294   0x0000002e   Code   RO         6540    i.netif_set_down    netif.o
    0x080052c2   0x00000008   Code   RO         6541    i.netif_set_gw      netif.o
    0x080052ca   0x00000002   PAD
    0x080052cc   0x00000044   Code   RO         6542    i.netif_set_ipaddr  netif.o
    0x08005310   0x00000008   Code   RO         6543    i.netif_set_link_callback  netif.o
    0x08005318   0x0000001a   Code   RO         6544    i.netif_set_link_down  netif.o
    0x08005332   0x00000030   Code   RO         6545    i.netif_set_link_up  netif.o
    0x08005362   0x00000008   Code   RO         6546    i.netif_set_netmask  netif.o
    0x0800536a   0x00000032   Code   RO         6548    i.netif_set_up      netif.o
    0x0800539c   0x0000000e   Code   RO         4144    i.osDelay           cmsis_os.o
    0x080053aa   0x0000000a   Code   RO         4147    i.osKernelStart     cmsis_os.o
    0x080053b4   0x00000018   Code   RO         4148    i.osKernelSysTick   cmsis_os.o
    0x080053cc   0x00000026   Code   RO         4156    i.osMessageCreate   cmsis_os.o
    0x080053f2   0x00000002   PAD
    0x080053f4   0x00000094   Code   RO         4158    i.osMessageGet      cmsis_os.o
    0x08005488   0x0000005c   Code   RO         4160    i.osMessagePut      cmsis_os.o
    0x080054e4   0x00000010   Code   RO         4162    i.osMutexCreate     cmsis_os.o
    0x080054f4   0x00000050   Code   RO         4164    i.osMutexRelease    cmsis_os.o
    0x08005544   0x00000064   Code   RO         4165    i.osMutexWait       cmsis_os.o
    0x080055a8   0x0000003e   Code   RO         4173    i.osSemaphoreCreate  cmsis_os.o
    0x080055e6   0x00000002   PAD
    0x080055e8   0x00000050   Code   RO         4176    i.osSemaphoreRelease  cmsis_os.o
    0x08005638   0x00000064   Code   RO         4177    i.osSemaphoreWait   cmsis_os.o
    0x0800569c   0x00000054   Code   RO         4181    i.osThreadCreate    cmsis_os.o
    0x080056f0   0x00000370   Code   RO         6666    i.pbuf_alloc        pbuf.o
    0x08005a60   0x000000e0   Code   RO         6667    i.pbuf_alloced_custom  pbuf.o
    0x08005b40   0x00000130   Code   RO         6668    i.pbuf_cat          pbuf.o
    0x08005c70   0x00000012   Code   RO         6670    i.pbuf_clen         pbuf.o
    0x08005c82   0x00000002   PAD
    0x08005c84   0x000001ec   Code   RO         6672    i.pbuf_copy         pbuf.o
    0x08005e70   0x0000011c   Code   RO         6673    i.pbuf_copy_partial  pbuf.o
    0x08005f8c   0x00000178   Code   RO         6675    i.pbuf_free         pbuf.o
    0x08006104   0x00000034   Code   RO         6676    i.pbuf_free_ooseq_callback  pbuf.o
    0x08006138   0x00000006   Code   RO         6678    i.pbuf_header       pbuf.o
    0x0800613e   0x00000006   Code   RO         6679    i.pbuf_header_force  pbuf.o
    0x08006144   0x00000124   Code   RO         6680    i.pbuf_header_impl  pbuf.o
    0x08006268   0x00000040   Code   RO         6683    i.pbuf_pool_is_empty  pbuf.o
    0x080062a8   0x00000198   Code   RO         6685    i.pbuf_realloc      pbuf.o
    0x08006440   0x0000009c   Code   RO         6686    i.pbuf_ref          pbuf.o
    0x080064dc   0x0000017c   Code   RO         6322    i.plug_holes        mem.o
    0x08006658   0x00000070   Code   RO         3839    i.prvAddCurrentTaskToDelayedList  tasks.o
    0x080066c8   0x000000d0   Code   RO         3840    i.prvAddNewTaskToReadyList  tasks.o
    0x08006798   0x00000026   Code   RO         3524    i.prvCopyDataFromQueue  queue.o
    0x080067be   0x0000006c   Code   RO         3525    i.prvCopyDataToQueue  queue.o
    0x0800682a   0x00000034   Code   RO         3841    i.prvDeleteTCB      tasks.o
    0x0800685e   0x00000002   PAD
    0x08006860   0x0000004c   Code   RO         4509    i.prvHeapInit       heap_4.o
    0x080068ac   0x00000060   Code   RO         3842    i.prvIdleTask       tasks.o
    0x0800690c   0x00000016   Code   RO         3526    i.prvInitialiseMutex  queue.o
    0x08006922   0x00000016   Code   RO         3527    i.prvInitialiseNewQueue  queue.o
    0x08006938   0x0000008e   Code   RO         3843    i.prvInitialiseNewTask  tasks.o
    0x080069c6   0x00000002   PAD
    0x080069c8   0x0000004c   Code   RO         4510    i.prvInsertBlockIntoFreeList  heap_4.o
    0x08006a14   0x0000001c   Code   RO         3528    i.prvIsQueueEmpty   queue.o
    0x08006a30   0x00000020   Code   RO         3844    i.prvResetNextTaskUnblockTime  tasks.o
    0x08006a50   0x00000028   Code   RO         4572    i.prvTaskExitError  port.o
    0x08006a78   0x0000006a   Code   RO         3529    i.prvUnlockQueue    queue.o
    0x08006ae2   0x00000002   PAD
    0x08006ae4   0x000000d8   Code   RO         4511    i.pvPortMalloc      heap_4.o
    0x08006bbc   0x00000018   Code   RO         3846    i.pvTaskIncrementMutexHeldCount  tasks.o
    0x08006bd4   0x0000002c   Code   RO         4573    i.pxPortInitialiseStack  port.o
    0x08006c00   0x00000044   Code   RO         8053    i.sys_arch_mbox_fetch  sys_arch.o
    0x08006c44   0x00000018   Code   RO         8055    i.sys_arch_protect  sys_arch.o
    0x08006c5c   0x0000000c   Code   RO         8057    i.sys_arch_unprotect  sys_arch.o
    0x08006c68   0x00000058   Code   RO         7380    i.sys_check_timeouts  timeouts.o
    0x08006cc0   0x00000018   Code   RO         8058    i.sys_init          sys_arch.o
    0x08006cd8   0x0000002c   Code   RO         8060    i.sys_mbox_new      sys_arch.o
    0x08006d04   0x0000001a   Code   RO         8061    i.sys_mbox_post     sys_arch.o
    0x08006d1e   0x00000014   Code   RO         8063    i.sys_mbox_trypost  sys_arch.o
    0x08006d32   0x0000000a   Code   RO         8064    i.sys_mbox_valid    sys_arch.o
    0x08006d3c   0x0000000a   Code   RO         8066    i.sys_mutex_lock    sys_arch.o
    0x08006d46   0x0000001e   Code   RO         8067    i.sys_mutex_new     sys_arch.o
    0x08006d64   0x00000006   Code   RO         8068    i.sys_mutex_unlock  sys_arch.o
    0x08006d6a   0x00000004   Code   RO          494    i.sys_now           ethernetif.o
    0x08006d6e   0x00000030   Code   RO         8074    i.sys_thread_new    sys_arch.o
    0x08006d9e   0x00000002   PAD
    0x08006da0   0x00000140   Code   RO         7382    i.sys_timeout       timeouts.o
    0x08006ee0   0x00000034   Code   RO         7383    i.sys_timeouts_init  timeouts.o
    0x08006f14   0x00000048   Code   RO         7384    i.sys_timeouts_mbox_fetch  timeouts.o
    0x08006f5c   0x00000174   Code   RO         6910    i.tcp_abandon       tcp.o
    0x080070d0   0x00000006   Code   RO         6911    i.tcp_abort         tcp.o
    0x080070d6   0x00000002   PAD
    0x080070d8   0x000000fc   Code   RO         6914    i.tcp_alloc         tcp.o
    0x080071d4   0x00000014   Code   RO         6917    i.tcp_close         tcp.o
    0x080071e8   0x00000188   Code   RO         6918    i.tcp_close_shutdown  tcp.o
    0x08007370   0x000000c4   Code   RO         6919    i.tcp_close_shutdown_fin  tcp.o
    0x08007434   0x00000120   Code   RO         7269    i.tcp_create_segment  tcp_out.o
    0x08007554   0x00000022   Code   RO         6922    i.tcp_eff_send_mss_impl  tcp.o
    0x08007576   0x00000002   PAD
    0x08007578   0x0000020c   Code   RO         7270    i.tcp_enqueue_flags  tcp_out.o
    0x08007784   0x0000006c   Code   RO         6924    i.tcp_fasttmr       tcp.o
    0x080077f0   0x00000030   Code   RO         7185    i.tcp_getoptbyte    tcp_in.o
    0x08007820   0x00000002   Code   RO         6925    i.tcp_init          tcp.o
    0x08007822   0x00000002   PAD
    0x08007824   0x000005d0   Code   RO         7186    i.tcp_input         tcp_in.o
    0x08007df4   0x00000040   Code   RO         7187    i.tcp_input_delayed_close  tcp_in.o
    0x08007e34   0x00000052   Code   RO         7271    i.tcp_keepalive     tcp_out.o
    0x08007e86   0x00000002   PAD
    0x08007e88   0x000000bc   Code   RO         6926    i.tcp_kill_state    tcp.o
    0x08007f44   0x000000cc   Code   RO         6927    i.tcp_listen_closed  tcp.o
    0x08008010   0x000000f4   Code   RO         7188    i.tcp_listen_input  tcp_in.o
    0x08008104   0x0000004c   Code   RO         6930    i.tcp_netif_ip_addr_changed  tcp.o
    0x08008150   0x00000022   Code   RO         6931    i.tcp_netif_ip_addr_changed_pcblist  tcp.o
    0x08008172   0x00000002   PAD
    0x08008174   0x00000010   Code   RO         6935    i.tcp_next_iss      tcp.o
    0x08008184   0x00000078   Code   RO         7189    i.tcp_oos_insert_segment  tcp_in.o
    0x080081fc   0x000002cc   Code   RO         7272    i.tcp_output        tcp_out.o
    0x080084c8   0x0000010c   Code   RO         7273    i.tcp_output_alloc_header  tcp_out.o
    0x080085d4   0x000000a8   Code   RO         7274    i.tcp_output_segment  tcp_out.o
    0x0800867c   0x00000074   Code   RO         7190    i.tcp_parseopt      tcp_in.o
    0x080086f0   0x00000042   Code   RO         6936    i.tcp_pcb_purge     tcp.o
    0x08008732   0x00000002   PAD
    0x08008734   0x00000130   Code   RO         6937    i.tcp_pcb_remove    tcp.o
    0x08008864   0x00000484   Code   RO         7191    i.tcp_process       tcp_in.o
    0x08008ce8   0x0000006c   Code   RO         6939    i.tcp_process_refused_data  tcp.o
    0x08008d54   0x00000a1e   Code   RO         7192    i.tcp_receive       tcp_in.o
    0x08009772   0x00000024   Code   RO         6941    i.tcp_recv_null     tcp.o
    0x08009796   0x00000002   PAD
    0x08009798   0x00000110   Code   RO         6942    i.tcp_recved        tcp.o
    0x080098a8   0x00000056   Code   RO         7276    i.tcp_rexmit        tcp_out.o
    0x080098fe   0x00000058   Code   RO         7277    i.tcp_rexmit_fast   tcp_out.o
    0x08009956   0x00000032   Code   RO         7278    i.tcp_rexmit_rto    tcp_out.o
    0x08009988   0x00000120   Code   RO         7279    i.tcp_rst           tcp_out.o
    0x08009aa8   0x00000028   Code   RO         6943    i.tcp_seg_copy      tcp.o
    0x08009ad0   0x0000001c   Code   RO         6944    i.tcp_seg_free      tcp.o
    0x08009aec   0x00000012   Code   RO         6945    i.tcp_segs_free     tcp.o
    0x08009afe   0x00000072   Code   RO         7280    i.tcp_send_empty_ack  tcp_out.o
    0x08009b70   0x00000044   Code   RO         7281    i.tcp_send_fin      tcp_out.o
    0x08009bb4   0x000004d8   Code   RO         6949    i.tcp_slowtmr       tcp.o
    0x0800a08c   0x00000034   Code   RO         7386    i.tcp_timer_needed  timeouts.o
    0x0800a0c0   0x00000068   Code   RO         7193    i.tcp_timewait_input  tcp_in.o
    0x0800a128   0x00000020   Code   RO         6950    i.tcp_tmr           tcp.o
    0x0800a148   0x00000010   Code   RO         7194    i.tcp_trigger_input_pcb_close  tcp_in.o
    0x0800a158   0x000000c0   Code   RO         6952    i.tcp_update_rcv_ann_wnd  tcp.o
    0x0800a218   0x000000b4   Code   RO         7284    i.tcp_zero_window_probe  tcp_out.o
    0x0800a2cc   0x000000cc   Code   RO         5995    i.tcpip_callback_with_block  tcpip.o
    0x0800a398   0x00000110   Code   RO         5998    i.tcpip_init        tcpip.o
    0x0800a4a8   0x000000c0   Code   RO         5999    i.tcpip_inpkt       tcpip.o
    0x0800a568   0x0000001c   Code   RO         6000    i.tcpip_input       tcpip.o
    0x0800a584   0x00000038   Code   RO         7387    i.tcpip_tcp_timer   timeouts.o
    0x0800a5bc   0x000000f8   Code   RO         6002    i.tcpip_thread      tcpip.o
    0x0800a6b4   0x00000026   Code   RO         3484    i.uxListRemove      list.o
    0x0800a6da   0x00000002   PAD
    0x0800a6dc   0x00000014   Code   RO          348    i.vApplicationGetIdleTaskMemory  freertos.o
    0x0800a6f0   0x00000016   Code   RO         3485    i.vListInitialise   list.o
    0x0800a706   0x00000006   Code   RO         3486    i.vListInitialiseItem  list.o
    0x0800a70c   0x00000030   Code   RO         3487    i.vListInsert       list.o
    0x0800a73c   0x00000018   Code   RO         3488    i.vListInsertEnd    list.o
    0x0800a754   0x00000040   Code   RO         4575    i.vPortEnterCritical  port.o
    0x0800a794   0x00000028   Code   RO         4576    i.vPortExitCritical  port.o
    0x0800a7bc   0x0000005c   Code   RO         4512    i.vPortFree         heap_4.o
    0x0800a818   0x00000024   Code   RO         4577    i.vPortSetupTimerInterrupt  port.o
    0x0800a83c   0x00000054   Code   RO         4578    i.vPortValidateInterruptPriority  port.o
    0x0800a890   0x0000004c   Code   RO         3852    i.vTaskDelay        tasks.o
    0x0800a8dc   0x00000010   Code   RO         3855    i.vTaskInternalSetTimeOutState  tasks.o
    0x0800a8ec   0x0000000c   Code   RO         3856    i.vTaskMissedYield  tasks.o
    0x0800a8f8   0x00000030   Code   RO         3858    i.vTaskPlaceOnEventList  tasks.o
    0x0800a928   0x000000a8   Code   RO         3860    i.vTaskPriorityDisinheritAfterTimeout  tasks.o
    0x0800a9d0   0x0000006c   Code   RO         3865    i.vTaskStartScheduler  tasks.o
    0x0800aa3c   0x00000010   Code   RO         3867    i.vTaskSuspendAll   tasks.o
    0x0800aa4c   0x0000005c   Code   RO         3868    i.vTaskSwitchContext  tasks.o
    0x0800aaa8   0x000000f4   Code   RO         4579    i.xPortStartScheduler  port.o
    0x0800ab9c   0x00000016   Code   RO         3536    i.xQueueCreateMutex  queue.o
    0x0800abb2   0x0000001a   Code   RO         3537    i.xQueueCreateMutexStatic  queue.o
    0x0800abcc   0x00000048   Code   RO         3538    i.xQueueGenericCreate  queue.o
    0x0800ac14   0x00000066   Code   RO         3539    i.xQueueGenericCreateStatic  queue.o
    0x0800ac7a   0x00000002   PAD
    0x0800ac7c   0x00000088   Code   RO         3540    i.xQueueGenericReset  queue.o
    0x0800ad04   0x00000160   Code   RO         3541    i.xQueueGenericSend  queue.o
    0x0800ae64   0x000000bc   Code   RO         3542    i.xQueueGenericSendFromISR  queue.o
    0x0800af20   0x0000009c   Code   RO         3543    i.xQueueGiveFromISR  queue.o
    0x0800afbc   0x00000138   Code   RO         3548    i.xQueueReceive     queue.o
    0x0800b0f4   0x0000009a   Code   RO         3549    i.xQueueReceiveFromISR  queue.o
    0x0800b18e   0x00000002   PAD
    0x0800b190   0x00000178   Code   RO         3550    i.xQueueSemaphoreTake  queue.o
    0x0800b308   0x00000074   Code   RO         3869    i.xTaskCheckForTimeOut  tasks.o
    0x0800b37c   0x0000005a   Code   RO         3870    i.xTaskCreate       tasks.o
    0x0800b3d6   0x00000056   Code   RO         3871    i.xTaskCreateStatic  tasks.o
    0x0800b42c   0x0000001c   Code   RO         3875    i.xTaskGetSchedulerState  tasks.o
    0x0800b448   0x0000000c   Code   RO         3876    i.xTaskGetTickCount  tasks.o
    0x0800b454   0x00000010   Code   RO         3877    i.xTaskGetTickCountFromISR  tasks.o
    0x0800b464   0x000000c8   Code   RO         3878    i.xTaskIncrementTick  tasks.o
    0x0800b52c   0x00000098   Code   RO         3881    i.xTaskPriorityDisinherit  tasks.o
    0x0800b5c4   0x00000094   Code   RO         3882    i.xTaskPriorityInherit  tasks.o
    0x0800b658   0x00000078   Code   RO         3883    i.xTaskRemoveFromEventList  tasks.o
    0x0800b6d0   0x000000c4   Code   RO         3884    i.xTaskResumeAll    tasks.o
    0x0800b794   0x00000054   Data   RO          350    .constdata          freertos.o
    0x0800b7e8   0x0000001c   Data   RO          415    .constdata          lwip.o
    0x0800b804   0x0000001c   Data   RO          496    .constdata          ethernetif.o
    0x0800b820   0x00000010   Data   RO         3347    .constdata          system_stm32f4xx.o
    0x0800b830   0x00000008   Data   RO         3348    .constdata          system_stm32f4xx.o
    0x0800b838   0x00000006   Data   RO         5090    .constdata          ethernet.o
    0x0800b83e   0x00000006   Data   RO         5091    .constdata          ethernet.o
    0x0800b844   0x0000000c   Data   RO         6404    .constdata          memp.o
    0x0800b850   0x0000000c   Data   RO         6405    .constdata          memp.o
    0x0800b85c   0x0000000c   Data   RO         6406    .constdata          memp.o
    0x0800b868   0x0000000c   Data   RO         6407    .constdata          memp.o
    0x0800b874   0x0000000c   Data   RO         6408    .constdata          memp.o
    0x0800b880   0x0000000c   Data   RO         6409    .constdata          memp.o
    0x0800b88c   0x0000000c   Data   RO         6410    .constdata          memp.o
    0x0800b898   0x0000000c   Data   RO         6411    .constdata          memp.o
    0x0800b8a4   0x0000000c   Data   RO         6412    .constdata          memp.o
    0x0800b8b0   0x0000000c   Data   RO         6413    .constdata          memp.o
    0x0800b8bc   0x0000000c   Data   RO         6414    .constdata          memp.o
    0x0800b8c8   0x0000000c   Data   RO         6415    .constdata          memp.o
    0x0800b8d4   0x00000030   Data   RO         6416    .constdata          memp.o
    0x0800b904   0x00000054   Data   RO         6953    .constdata          tcp.o
    0x0800b958   0x00000018   Data   RO         7388    .constdata          timeouts.o
    0x0800b970   0x00000004   Data   RO         7734    .constdata          ip4_addr.o
    0x0800b974   0x00000018   Data   RO         8075    .constdata          sys_arch.o
    0x0800b98c   0x0000000c   Data   RO          351    .conststring        freertos.o
    0x0800b998   0x00000008   Data   RO          416    .conststring        lwip.o
    0x0800b9a0   0x00000006   Data   RO          497    .conststring        ethernetif.o
    0x0800b9a6   0x00000002   PAD
    0x0800b9a8   0x00000075   Data   RO         6954    .conststring        tcp.o
    0x0800ba1d   0x00000003   PAD
    0x0800ba20   0x00000055   Data   RO         7285    .conststring        tcp_out.o
    0x0800ba75   0x00000003   PAD
    0x0800ba78   0x00000041   Data   RO         7527    .conststring        etharp.o
    0x0800bab9   0x00000003   PAD
    0x0800babc   0x00000020   Data   RO         8728    Region$$Table       anon$$obj.o


    Execution Region RW_IRAM1 (Base: 0x20000000, Size: 0x00016e20, Max: 0x00020000, ABSOLUTE, COMPRESSED[0x00000018])

    Base Addr    Size         Type   Attr      Idx    E Section Name        Object

    0x20000000   0x0000000c   Data   RW          352    .data               freertos.o
    0x2000000c   0x00000024   Data   RW          417    .data               lwip.o
    0x20000030   0x00000004   Data   RW          498    .data               ethernetif.o
    0x20000034   0x0000000c   Data   RW         3114    .data               stm32f4xx_hal.o
    0x20000040   0x00000004   Data   RW         3349    .data               system_stm32f4xx.o
    0x20000044   0x0000003c   Data   RW         3887    .data               tasks.o
    0x20000080   0x00000018   Data   RW         4517    .data               heap_4.o
    0x20000098   0x0000000c   Data   RW         4580    .data               port.o
    0x200000a4   0x00000010   Data   RW         6004    .data               tcpip.o
    0x200000b4   0x00000010   Data   RW         6324    .data               mem.o
    0x200000c4   0x00000004   Data   RW         6417    .data               memp.o
    0x200000c8   0x00000004   Data   RW         6418    .data               memp.o
    0x200000cc   0x00000004   Data   RW         6419    .data               memp.o
    0x200000d0   0x00000004   Data   RW         6420    .data               memp.o
    0x200000d4   0x00000004   Data   RW         6421    .data               memp.o
    0x200000d8   0x00000004   Data   RW         6422    .data               memp.o
    0x200000dc   0x00000004   Data   RW         6423    .data               memp.o
    0x200000e0   0x00000004   Data   RW         6424    .data               memp.o
    0x200000e4   0x00000004   Data   RW         6425    .data               memp.o
    0x200000e8   0x00000004   Data   RW         6426    .data               memp.o
    0x200000ec   0x00000004   Data   RW         6427    .data               memp.o
    0x200000f0   0x00000004   Data   RW         6428    .data               memp.o
    0x200000f4   0x0000000c   Data   RW         6549    .data               netif.o
    0x20000100   0x00000001   Data   RW         6693    .data               pbuf.o
    0x20000101   0x00000003   PAD
    0x20000104   0x00000020   Data   RW         6955    .data               tcp.o
    0x20000124   0x00000024   Data   RW         7196    .data               tcp_in.o
    0x20000148   0x0000000c   Data   RW         7389    .data               timeouts.o
    0x20000154   0x00000001   Data   RW         7528    .data               etharp.o
    0x20000155   0x00000001   PAD
    0x20000156   0x00000002   Data   RW         7679    .data               ip4.o
    0x20000158   0x00000008   Data   RW         7802    .data               ip4_frag.o
    0x20000160   0x00000004   Data   RW         8077    .data               sys_arch.o
    0x20000164   0x00000004   Data   RW         8704    .data               mc_w.l(stdout.o)
    0x20000168   0x00000254   Zero   RW          349    .bss                freertos.o
    0x200003bc   0x00000038   Zero   RW          414    .bss                lwip.o
    0x200003f4   0x000030e8   Zero   RW          495    .bss                ethernetif.o
    0x200034dc   0x00000040   Zero   RW          618    .bss                usart.o
    0x2000351c   0x00000040   Zero   RW          770    .bss                stm32f4xx_hal_timebase_tim.o
    0x2000355c   0x00000154   Zero   RW         3886    .bss                tasks.o
    0x200036b0   0x0000c000   Zero   RW         4516    .bss                heap_4.o
    0x2000f6b0   0x00000018   Zero   RW         6293    .bss                ip.o
    0x2000f6c8   0x00000653   Zero   RW         6323    .bss                mem.o
    0x2000fd1b   0x000002fb   Zero   RW         6392    .bss                memp.o
    0x20010016   0x000000e3   Zero   RW         6393    .bss                memp.o
    0x200100f9   0x00000103   Zero   RW         6394    .bss                memp.o
    0x200101fc   0x000000a3   Zero   RW         6395    .bss                memp.o
    0x2001029f   0x0000016b   Zero   RW         6396    .bss                memp.o
    0x2001040a   0x00000023   Zero   RW         6397    .bss                memp.o
    0x2001042d   0x000000b3   Zero   RW         6398    .bss                memp.o
    0x200104e0   0x00000083   Zero   RW         6399    .bss                memp.o
    0x20010563   0x00000083   Zero   RW         6400    .bss                memp.o
    0x200105e6   0x00000033   Zero   RW         6401    .bss                memp.o
    0x20010619   0x00000103   Zero   RW         6402    .bss                memp.o
    0x2001071c   0x00002603   Zero   RW         6403    .bss                memp.o
    0x20012d1f   0x00000001   PAD
    0x20012d20   0x00000010   Zero   RW         7195    .bss                tcp_in.o
    0x20012d30   0x000000f0   Zero   RW         7526    .bss                etharp.o
    0x20012e20   0x00004000   Zero   RW            1    STACK               startup_stm32f407xx.o


==============================================================================

Image component sizes


      Code (inc. data)   RO Data    RW Data    ZI Data      Debug   Object Name

         0          0          0          0          0       4483   api_lib.o
         0          0          0          0          0       2947   api_msg.o
         0          0          0          0          0       1608   auth.o
       872         30          0          0          0      34849   cmsis_os.o
         8          0          0          0          0       1050   def.o
         0          0          0          0          0       2308   err.o
      2908       1172         65          1        240      10695   etharp.o
       408        156         12          0          0       2386   ethernet.o
      1326        170         34          4      12520       8122   ethernetif.o
         0          0          0          0          0      18112   event_groups.o
       172         38         96         12        596       7852   freertos.o
       232         16          0          0          0       1051   gpio.o
       460         24          0         24      49152       7051   heap_4.o
       768        350          0          0          0       3914   icmp.o
        30          0          0          0          0        568   init.o
         0          0          0          0         24       3038   ip.o
       890        178          0          2          0       4348   ip4.o
        46          0          4          0          0       6954   ip4_addr.o
      2696       1024          0          8          0       9674   ip4_frag.o
       138          0          0          0          0      11946   list.o
       304         26         36         36         56       6542   lwip.o
       184         16          0          0          0     773835   main.o
      1832        918          0         16       1619       5501   mem.o
       746        500        192         48      12292      10550   memp.o
       602        134          0         12          0      11091   netif.o
      3562       1838          0          1          0      20387   pbuf.o
       786         82          0         12          0      11825   port.o
      2220         18          0          0          0      18181   queue.o
         0          0          0          0          0       4075   slipif.o
        36          8        392          0      16384        832   startup_stm32f407xx.o
       116         18          0         12          0       8646   stm32f4xx_hal.o
       158         14          0          0          0      32802   stm32f4xx_hal_cortex.o
        36          0          0          0          0       1179   stm32f4xx_hal_dma.o
      2444         76          0          0          0      13551   stm32f4xx_hal_eth.o
       464         46          0          0          0       2733   stm32f4xx_hal_gpio.o
        56          4          0          0          0        830   stm32f4xx_hal_msp.o
      1404         94          0          0          0       6061   stm32f4xx_hal_rcc.o
       656         44          0          0          0       7048   stm32f4xx_hal_tim.o
         4          0          0          0          0       1585   stm32f4xx_hal_tim_ex.o
       116         16          0          0         64       1359   stm32f4xx_hal_timebase_tim.o
      1254         16          0          0          0       8671   stm32f4xx_hal_uart.o
        48         18          0          0          0       4077   stm32f4xx_it.o
         0          0          0          0          0        392   stream_buffer.o
       322         24         24          4          0      13544   sys_arch.o
        28          6         24          4          0       1119   system_stm32f4xx.o
      2366        190          0         60        340      24278   tasks.o
      4236       1544        201         32          0      27603   tcp.o
      5946       1226          0         36         16      19435   tcp_in.o
      2920        828         85          0          0      10823   tcp_out.o
       944        538          0         16          0       6431   tcpip.o
       668        228         24         12          0       6336   timeouts.o
       204         26          0          0         64       2126   usart.o

    ----------------------------------------------------------------------
     45682      11654       1232        356      93368    1206404   Object Totals
         0          0         32          0          0          0   (incl. Generated)
        66          0         11          4          1          0   (incl. Padding)

    ----------------------------------------------------------------------

      Code (inc. data)   RO Data    RW Data    ZI Data      Debug   Library Member Name

        58          0          0          0          0          0   __dczerorl.o
         0          0          0          0          0          0   entry.o
         0          0          0          0          0          0   entry10a.o
         0          0          0          0          0          0   entry11a.o
         8          4          0          0          0          0   entry2.o
         4          0          0          0          0          0   entry5.o
         0          0          0          0          0          0   entry7b.o
         0          0          0          0          0          0   entry8b.o
         8          4          0          0          0          0   entry9a.o
        30          0          0          0          0          0   handlers.o
        36          8          0          0          0         68   init.o
        30          0          0          0          0         68   llshl.o
        32          0          0          0          0         68   llushr.o
        26          0          0          0          0         80   memcmp.o
        36          0          0          0          0         68   memcpya.o
        36          0          0          0          0        108   memseta.o
       472         14          0          0          0        184   printf3.o
         0          0          0          4          0          0   stdout.o
        44          0          0          0          0         80   uidiv.o
        98          0          0          0          0         92   uldiv.o

    ----------------------------------------------------------------------
       922         30          0          4          0        816   Library Totals
         4          0          0          0          0          0   (incl. Padding)

    ----------------------------------------------------------------------

      Code (inc. data)   RO Data    RW Data    ZI Data      Debug   Library Name

       918         30          0          4          0        816   mc_w.l

    ----------------------------------------------------------------------
       922         30          0          4          0        816   Library Totals

    ----------------------------------------------------------------------

==============================================================================


      Code (inc. data)   RO Data    RW Data    ZI Data      Debug   

     46604      11684       1232        360      93368    1176240   Grand Totals
     46604      11684       1232         24      93368    1176240   ELF Image Totals (compressed)
     46604      11684       1232         24          0          0   ROM Totals

==============================================================================

    Total RO  Size (Code + RO Data)                47836 (  46.71kB)
    Total RW  Size (RW Data + ZI Data)             93728 (  91.53kB)
    Total ROM Size (Code + RO Data + RW Data)      47860 (  46.74kB)

==============================================================================

